RETURN MediatedLinkedRdfSourcesAsyncRdfIterator
RETURN MediatedLinkedRdfSourcesAsyncRdfIterator
RETURN MediatedLinkedRdfSourcesAsyncRdfIterator
RETURN MediatedLinkedRdfSourcesAsyncRdfIterator
RETURN MediatedLinkedRdfSourcesAsyncRdfIterator
START ITERATOR for pattern at http://localhost:3000/pods/00000000000000000933/profile/card http://localhost:3000/pods/00000000000000000933/profile/card
START ITERATOR for pattern at http://localhost:3000/pods/00000000000000000933/profile/card http://localhost:3000/pods/00000000000000000933/profile/card
[START ITERATOR for pattern at http://localhost:3000/pods/00000000000000000933/ http://localhost:3000/pods/00000000000000000933/
START ITERATOR for pattern at http://localhost:3000/pods/00000000000000000933/ http://localhost:3000/pods/00000000000000000933/
START ITERATOR for pattern at http://localhost:4000/sparql?default-graph-uri=http://localhost:3000/pods/00000000000000000933/ http://localhost:4000/sparql?default-graph-uri=http://localhost:3000/pods/00000000000000000933/
START ITERATOR for pattern at http://localhost:4000/sparql?default-graph-uri=http://localhost:3000/pods/00000000000000000933/ http://localhost:4000/sparql?default-graph-uri=http://localhost:3000/pods/00000000000000000933/
START ITERATOR for pattern at http://localhost:3000/pods/00000000000000000933/settings/ http://localhost:3000/pods/00000000000000000933/settings/
START ITERATOR for pattern at http://localhost:3000/pods/00000000000000000933/settings/ http://localhost:3000/pods/00000000000000000933/settings/
START ITERATOR for pattern at http://localhost:3000/pods/00000000000000000933/profile/ http://localhost:3000/pods/00000000000000000933/profile/
START ITERATOR for pattern at http://localhost:3000/pods/00000000000000000933/profile/ http://localhost:3000/pods/00000000000000000933/profile/
START ITERATOR for pattern at http://localhost:3000/pods/00000000000000000933/noise/ http://localhost:3000/pods/00000000000000000933/noise/
START ITERATOR for pattern at http://localhost:3000/pods/00000000000000000933/noise/ http://localhost:3000/pods/00000000000000000933/noise/
START ITERATOR for pattern at http://localhost:3000/pods/00000000000000000933/settings/publicTypeIndex http://localhost:3000/pods/00000000000000000933/settings/publicTypeIndex
START ITERATOR for pattern at http://localhost:3000/pods/00000000000000000933/settings/publicTypeIndex http://localhost:3000/pods/00000000000000000933/settings/publicTypeIndex
START ITERATOR for pattern at http://localhost:3000/pods/00000000000000000933/comments/ http://localhost:3000/pods/00000000000000000933/comments/
START ITERATOR for pattern at http://localhost:3000/pods/00000000000000000933/comments/ http://localhost:3000/pods/00000000000000000933/comments/
START ITERATOR for pattern at http://localhost:3000/pods/00000000000000000933/noise/NOISE-1216 http://localhost:3000/pods/00000000000000000933/noise/NOISE-1216
START ITERATOR for pattern at http://localhost:3000/pods/00000000000000000933/noise/NOISE-15112 http://localhost:3000/pods/00000000000000000933/noise/NOISE-15112
START ITERATOR for pattern at http://localhost:3000/pods/00000000000000000933/noise/NOISE-14107 http://localhost:3000/pods/00000000000000000933/noise/NOISE-14107
START ITERATOR for pattern at http://localhost:3000/pods/00000000000000000933/noise/NOISE-12663 http://localhost:3000/pods/00000000000000000933/noise/NOISE-12663
START ITERATOR for pattern at http://localhost:3000/pods/00000000000000000933/noise/NOISE-11785 http://localhost:3000/pods/00000000000000000933/noise/NOISE-11785
START ITERATOR for pattern at http://localhost:3000/pods/00000000000000000933/noise/NOISE-10840 http://localhost:3000/pods/00000000000000000933/noise/NOISE-10840
START ITERATOR for pattern at http://localhost:3000/pods/00000000000000000933/noise/NOISE-10432 http://localhost:3000/pods/00000000000000000933/noise/NOISE-10432
START ITERATOR for pattern at http://localhost:3000/pods/00000000000000000933/noise/NOISE-1216 http://localhost:3000/pods/00000000000000000933/noise/NOISE-1216
START ITERATOR for pattern at http://localhost:3000/pods/00000000000000000933/noise/NOISE-15112 http://localhost:3000/pods/00000000000000000933/noise/NOISE-15112
START ITERATOR for pattern at http://localhost:3000/pods/00000000000000000933/noise/NOISE-14107 http://localhost:3000/pods/00000000000000000933/noise/NOISE-14107
START ITERATOR for pattern at http://localhost:3000/pods/00000000000000000933/noise/NOISE-12663 http://localhost:3000/pods/00000000000000000933/noise/NOISE-12663
START ITERATOR for pattern at http://localhost:3000/pods/00000000000000000933/noise/NOISE-11785 http://localhost:3000/pods/00000000000000000933/noise/NOISE-11785
START ITERATOR for pattern at http://localhost:3000/pods/00000000000000000933/noise/NOISE-10840 http://localhost:3000/pods/00000000000000000933/noise/NOISE-10840
START ITERATOR for pattern at http://localhost:3000/pods/00000000000000000933/noise/NOISE-10432 http://localhost:3000/pods/00000000000000000933/noise/NOISE-10432
START ITERATOR for pattern at http://localhost:3000/pods/00000000000000000933/noise/NOISE-9360 http://localhost:3000/pods/00000000000000000933/noise/NOISE-9360
START ITERATOR for pattern at http://localhost:3000/pods/00000000000000000933/noise/NOISE-9360 http://localhost:3000/pods/00000000000000000933/noise/NOISE-9360
START ITERATOR for pattern at http://localhost:3000/pods/00000000000000000933/noise/NOISE-6262 http://localhost:3000/pods/00000000000000000933/noise/NOISE-6262
START ITERATOR for pattern at http://localhost:3000/pods/00000000000000000933/noise/NOISE-6262 http://localhost:3000/pods/00000000000000000933/noise/NOISE-6262
START ITERATOR for pattern at http://localhost:3000/pods/00000000000000000933/comments/1030792249459 http://localhost:3000/pods/00000000000000000933/comments/1030792249459
START ITERATOR for pattern at http://localhost:3000/pods/00000000000000000933/comments/1030792249459 http://localhost:3000/pods/00000000000000000933/comments/1030792249459
START ITERATOR for pattern at http://localhost:3000/pods/00000000000000000933/comments/962072902061 http://localhost:3000/pods/00000000000000000933/comments/962072902061
START ITERATOR for pattern at http://localhost:3000/pods/00000000000000000933/comments/962072902061 http://localhost:3000/pods/00000000000000000933/comments/962072902061
START ITERATOR for pattern at http://localhost:3000/pods/00000000000000000933/comments/206158657924 http://localhost:3000/pods/00000000000000000933/comments/206158657924
START ITERATOR for pattern at http://localhost:3000/pods/00000000000000000933/comments/206158657924 http://localhost:3000/pods/00000000000000000933/comments/206158657924
START ITERATOR for pattern at http://localhost:3000/pods/00000000000000000933/comments/893353296387 http://localhost:3000/pods/00000000000000000933/comments/893353296387
START ITERATOR for pattern at http://localhost:3000/pods/00000000000000000933/comments/893353296387 http://localhost:3000/pods/00000000000000000933/comments/893353296387
START ITERATOR for pattern at http://localhost:3000/pods/00000000000000000933/comments/1030792249462 http://localhost:3000/pods/00000000000000000933/comments/1030792249462
START ITERATOR for pattern at http://localhost:3000/pods/00000000000000000933/comments/1030792249462 http://localhost:3000/pods/00000000000000000933/comments/1030792249462
START ITERATOR for pattern at http://localhost:3000/pods/00000000000000000933/comments/962072901922 http://localhost:3000/pods/00000000000000000933/comments/962072901922
START ITERATOR for pattern at http://localhost:3000/pods/00000000000000000933/comments/962072901922 http://localhost:3000/pods/00000000000000000933/comments/962072901922
START ITERATOR for pattern at http://localhost:3000/pods/00000000000000000933/comments/274878134534 http://localhost:3000/pods/00000000000000000933/comments/274878134534
START ITERATOR for pattern at http://localhost:3000/pods/00000000000000000933/comments/274878134534 http://localhost:3000/pods/00000000000000000933/comments/274878134534
START ITERATOR for pattern at http://localhost:3000/pods/00000000000000000933/comments/274878134533 http://localhost:3000/pods/00000000000000000933/comments/274878134533
START ITERATOR for pattern at http://localhost:3000/pods/00000000000000000933/comments/274878134533 http://localhost:3000/pods/00000000000000000933/comments/274878134533
START ITERATOR for pattern at http://localhost:3000/pods/00000000000000000933/comments/274878134506 http://localhost:3000/pods/00000000000000000933/comments/274878134506
START ITERATOR for pattern at http://localhost:3000/pods/00000000000000000933/comments/274878134506 http://localhost:3000/pods/00000000000000000933/comments/274878134506
START ITERATOR for pattern at http://localhost:3000/pods/00000000000000000933/comments/206158657719 http://localhost:3000/pods/00000000000000000933/comments/206158657719
START ITERATOR for pattern at http://localhost:3000/pods/00000000000000000933/comments/206158657719 http://localhost:3000/pods/00000000000000000933/comments/206158657719
START ITERATOR for pattern at http://localhost:3000/pods/00000000000000000933/comments/824633948323 http://localhost:3000/pods/00000000000000000933/comments/824633948323
START ITERATOR for pattern at http://localhost:3000/pods/00000000000000000933/comments/824633948323 http://localhost:3000/pods/00000000000000000933/comments/824633948323
START ITERATOR for pattern at http://localhost:3000/pods/00000000000000000933/comments/206158657628 http://localhost:3000/pods/00000000000000000933/comments/206158657628
START ITERATOR for pattern at http://localhost:3000/pods/00000000000000000933/comments/206158657628 http://localhost:3000/pods/00000000000000000933/comments/206158657628
START ITERATOR for pattern at http://localhost:3000/pods/00000000000000000933/comments/962072901712 http://localhost:3000/pods/00000000000000000933/comments/962072901712
START ITERATOR for pattern at http://localhost:3000/pods/00000000000000000933/comments/962072901712 http://localhost:3000/pods/00000000000000000933/comments/962072901712
START ITERATOR for pattern at http://localhost:3000/pods/00000000000000000933/comments/824633948225 http://localhost:3000/pods/00000000000000000933/comments/824633948225
START ITERATOR for pattern at http://localhost:3000/pods/00000000000000000933/comments/824633948225 http://localhost:3000/pods/00000000000000000933/comments/824633948225
START ITERATOR for pattern at http://localhost:3000/pods/00000000000000000933/comments/824633948217 http://localhost:3000/pods/00000000000000000933/comments/824633948217
START ITERATOR for pattern at http://localhost:3000/pods/00000000000000000933/comments/824633948217 http://localhost:3000/pods/00000000000000000933/comments/824633948217
START ITERATOR for pattern at http://localhost:3000/pods/00000000000000000933/comments/206158657583 http://localhost:3000/pods/00000000000000000933/comments/206158657583
START ITERATOR for pattern at http://localhost:3000/pods/00000000000000000933/comments/206158657583 http://localhost:3000/pods/00000000000000000933/comments/206158657583
START ITERATOR for pattern at http://localhost:3000/pods/00000000000000000933/comments/274878134295 http://localhost:3000/pods/00000000000000000933/comments/274878134295
START ITERATOR for pattern at http://localhost:3000/pods/00000000000000000933/comments/274878134295 http://localhost:3000/pods/00000000000000000933/comments/274878134295
START ITERATOR for pattern at http://localhost:3000/pods/00000000000000000933/comments/824633948154 http://localhost:3000/pods/00000000000000000933/comments/824633948154
START ITERATOR for pattern at http://localhost:3000/pods/00000000000000000933/comments/824633948154 http://localhost:3000/pods/00000000000000000933/comments/824633948154
START ITERATOR for pattern at http://localhost:3000/pods/00000000000000000933/comments/962072901507 http://localhost:3000/pods/00000000000000000933/comments/962072901507
START ITERATOR for pattern at http://localhost:3000/pods/00000000000000000933/comments/962072901507 http://localhost:3000/pods/00000000000000000933/comments/962072901507
START ITERATOR for pattern at http://localhost:3000/pods/00000000000000000933/comments/1030792378236 http://localhost:3000/pods/00000000000000000933/comments/1030792378236
START ITERATOR for pattern at http://localhost:3000/pods/00000000000000000933/comments/1030792378236 http://localhost:3000/pods/00000000000000000933/comments/1030792378236
START ITERATOR for pattern at http://localhost:3000/pods/00000000000000000933/comments/1030792378178 http://localhost:3000/pods/00000000000000000933/comments/1030792378178
START ITERATOR for pattern at http://localhost:3000/pods/00000000000000000933/comments/1030792378178 http://localhost:3000/pods/00000000000000000933/comments/1030792378178
START ITERATOR for pattern at http://localhost:3000/pods/00000000000000000933/comments/137439180534 http://localhost:3000/pods/00000000000000000933/comments/137439180534
START ITERATOR for pattern at http://localhost:3000/pods/00000000000000000933/comments/137439180534 http://localhost:3000/pods/00000000000000000933/comments/137439180534
START ITERATOR for pattern at http://localhost:3000/pods/00000000000000000933/comments/274878133954 http://localhost:3000/pods/00000000000000000933/comments/274878133954
START ITERATOR for pattern at http://localhost:3000/pods/00000000000000000933/comments/274878133954 http://localhost:3000/pods/00000000000000000933/comments/274878133954
START ITERATOR for pattern at http://localhost:3000/pods/00000000000000000933/comments/68719703701 http://localhost:3000/pods/00000000000000000933/comments/68719703701
START ITERATOR for pattern at http://localhost:3000/pods/00000000000000000933/comments/68719703701 http://localhost:3000/pods/00000000000000000933/comments/68719703701
START ITERATOR for pattern at http://localhost:3000/pods/00000000000000000933/comments/68719703700 http://localhost:3000/pods/00000000000000000933/comments/68719703700
START ITERATOR for pattern at http://localhost:3000/pods/00000000000000000933/comments/68719703700 http://localhost:3000/pods/00000000000000000933/comments/68719703700
START ITERATOR for pattern at http://localhost:3000/pods/00000000000000000933/comments/68719703699 http://localhost:3000/pods/00000000000000000933/comments/68719703699
START ITERATOR for pattern at http://localhost:3000/pods/00000000000000000933/comments/68719703699 http://localhost:3000/pods/00000000000000000933/comments/68719703699
START ITERATOR for pattern at http://localhost:3000/pods/00000000000000000933/comments/68719703698 http://localhost:3000/pods/00000000000000000933/comments/68719703698
START ITERATOR for pattern at http://localhost:3000/pods/00000000000000000933/comments/68719703698 http://localhost:3000/pods/00000000000000000933/comments/68719703698
START ITERATOR for pattern at http://localhost:3000/pods/00000000000000000933/comments/68719703695 http://localhost:3000/pods/00000000000000000933/comments/68719703695
START ITERATOR for pattern at http://localhost:3000/pods/00000000000000000933/comments/68719703695 http://localhost:3000/pods/00000000000000000933/comments/68719703695
START ITERATOR for pattern at http://localhost:3000/pods/00000000000000000933/comments/412317087321 http://localhost:3000/pods/00000000000000000933/comments/412317087321
START ITERATOR for pattern at http://localhost:3000/pods/00000000000000000933/comments/412317087321 http://localhost:3000/pods/00000000000000000933/comments/412317087321
START ITERATOR for pattern at http://localhost:3000/pods/00000000000000000933/comments/687194994244 http://localhost:3000/pods/00000000000000000933/comments/687194994244
START ITERATOR for pattern at http://localhost:3000/pods/00000000000000000933/comments/687194994244 http://localhost:3000/pods/00000000000000000933/comments/687194994244
START ITERATOR for pattern at http://localhost:3000/pods/00000000000000000933/comments/412317087261 http://localhost:3000/pods/00000000000000000933/comments/412317087261
START ITERATOR for pattern at http://localhost:3000/pods/00000000000000000933/comments/412317087261 http://localhost:3000/pods/00000000000000000933/comments/412317087261
START ITERATOR for pattern at http://localhost:3000/pods/00000000000000000933/comments/343597526168 http://localhost:3000/pods/00000000000000000933/comments/343597526168
START ITERATOR for pattern at http://localhost:3000/pods/00000000000000000933/comments/343597526168 http://localhost:3000/pods/00000000000000000933/comments/343597526168
START ITERATOR for pattern at http://localhost:3000/pods/00000000000000000933/comments/343597526156 http://localhost:3000/pods/00000000000000000933/comments/343597526156
START ITERATOR for pattern at http://localhost:3000/pods/00000000000000000933/comments/343597526156 http://localhost:3000/pods/00000000000000000933/comments/343597526156
START ITERATOR for pattern at http://localhost:3000/pods/00000000000000000933/comments/343597526137 http://localhost:3000/pods/00000000000000000933/comments/343597526137
START ITERATOR for pattern at http://localhost:3000/pods/00000000000000000933/comments/343597526137 http://localhost:3000/pods/00000000000000000933/comments/343597526137
START ITERATOR for pattern at http://localhost:3000/pods/00000000000000000933/comments/343597526122 http://localhost:3000/pods/00000000000000000933/comments/343597526122
START ITERATOR for pattern at http://localhost:3000/pods/00000000000000000933/comments/343597526122 http://localhost:3000/pods/00000000000000000933/comments/343597526122
START ITERATOR for pattern at http://localhost:3000/pods/00000000000000000933/comments/343597526121 http://localhost:3000/pods/00000000000000000933/comments/343597526121
START ITERATOR for pattern at http://localhost:3000/pods/00000000000000000933/comments/343597526121 http://localhost:3000/pods/00000000000000000933/comments/343597526121
START ITERATOR for pattern at http://localhost:3000/pods/00000000000000000933/comments/412317002825 http://localhost:3000/pods/00000000000000000933/comments/412317002825
START ITERATOR for pattern at http://localhost:3000/pods/00000000000000000933/comments/412317002825 http://localhost:3000/pods/00000000000000000933/comments/412317002825
START ITERATOR for pattern at http://localhost:3000/pods/00000000000000000933/comments/412317002822 http://localhost:3000/pods/00000000000000000933/comments/412317002822
START ITERATOR for pattern at http://localhost:3000/pods/00000000000000000933/comments/412317002822 http://localhost:3000/pods/00000000000000000933/comments/412317002822
START ITERATOR for pattern at http://localhost:3000/pods/00000000000000000933/comments/824633863206 http://localhost:3000/pods/00000000000000000933/comments/824633863206
START ITERATOR for pattern at http://localhost:3000/pods/00000000000000000933/comments/824633863206 http://localhost:3000/pods/00000000000000000933/comments/824633863206
START ITERATOR for pattern at http://localhost:3000/pods/00000000000000000933/comments/893353339927 http://localhost:3000/pods/00000000000000000933/comments/893353339927
START ITERATOR for pattern at http://localhost:3000/pods/00000000000000000933/comments/893353339927 http://localhost:3000/pods/00000000000000000933/comments/893353339927
START ITERATOR for pattern at http://localhost:3000/pods/00000000000000000933/comments/962072816624 http://localhost:3000/pods/00000000000000000933/comments/962072816624
START ITERATOR for pattern at http://localhost:3000/pods/00000000000000000933/comments/962072816624 http://localhost:3000/pods/00000000000000000933/comments/962072816624
START ITERATOR for pattern at http://localhost:3000/pods/00000000000000000933/comments/412317002705 http://localhost:3000/pods/00000000000000000933/comments/412317002705
START ITERATOR for pattern at http://localhost:3000/pods/00000000000000000933/comments/412317002705 http://localhost:3000/pods/00000000000000000933/comments/412317002705
START ITERATOR for pattern at http://localhost:3000/pods/00000000000000000933/comments/824633863112 http://localhost:3000/pods/00000000000000000933/comments/824633863112
START ITERATOR for pattern at http://localhost:3000/pods/00000000000000000933/comments/824633863112 http://localhost:3000/pods/00000000000000000933/comments/824633863112
START ITERATOR for pattern at http://localhost:3000/pods/00000000000000000933/comments/412317002668 http://localhost:3000/pods/00000000000000000933/comments/412317002668
START ITERATOR for pattern at http://localhost:3000/pods/00000000000000000933/comments/412317002668 http://localhost:3000/pods/00000000000000000933/comments/412317002668
START ITERATOR for pattern at http://localhost:3000/pods/00000000000000000933/comments/824633863028 http://localhost:3000/pods/00000000000000000933/comments/824633863028
START ITERATOR for pattern at http://localhost:3000/pods/00000000000000000933/comments/824633863028 http://localhost:3000/pods/00000000000000000933/comments/824633863028
START ITERATOR for pattern at http://localhost:3000/pods/00000000000000000933/comments/412317002593 http://localhost:3000/pods/00000000000000000933/comments/412317002593
START ITERATOR for pattern at http://localhost:3000/pods/00000000000000000933/comments/412317002593 http://localhost:3000/pods/00000000000000000933/comments/412317002593
START ITERATOR for pattern at http://localhost:3000/pods/00000000000000000933/comments/481036479295 http://localhost:3000/pods/00000000000000000933/comments/481036479295
START ITERATOR for pattern at http://localhost:3000/pods/00000000000000000933/comments/481036479295 http://localhost:3000/pods/00000000000000000933/comments/481036479295
START ITERATOR for pattern at http://localhost:3000/pods/00000000000000000933/comments/618475432689 http://localhost:3000/pods/00000000000000000933/comments/618475432689
START ITERATOR for pattern at http://localhost:3000/pods/00000000000000000933/comments/618475432689 http://localhost:3000/pods/00000000000000000933/comments/618475432689
START ITERATOR for pattern at http://localhost:3000/pods/00000000000000000933/comments/962072795589 http://localhost:3000/pods/00000000000000000933/comments/962072795589
START ITERATOR for pattern at http://localhost:3000/pods/00000000000000000933/comments/962072795589 http://localhost:3000/pods/00000000000000000933/comments/962072795589
START ITERATOR for pattern at http://localhost:3000/pods/00000000000000000933/comments/962072795570 http://localhost:3000/pods/00000000000000000933/comments/962072795570
START ITERATOR for pattern at http://localhost:3000/pods/00000000000000000933/comments/962072795570 http://localhost:3000/pods/00000000000000000933/comments/962072795570
START ITERATOR for pattern at http://localhost:3000/pods/00000000000000000933/comments/962072795552 http://localhost:3000/pods/00000000000000000933/comments/962072795552
START ITERATOR for pattern at http://localhost:3000/pods/00000000000000000933/comments/962072795552 http://localhost:3000/pods/00000000000000000933/comments/962072795552
START ITERATOR for pattern at http://localhost:3000/pods/00000000000000000933/comments/962072795528 http://localhost:3000/pods/00000000000000000933/comments/962072795528
START ITERATOR for pattern at http://localhost:3000/pods/00000000000000000933/comments/962072795528 http://localhost:3000/pods/00000000000000000933/comments/962072795528
START ITERATOR for pattern at http://localhost:3000/pods/00000000000000000933/comments/962072795527 http://localhost:3000/pods/00000000000000000933/comments/962072795527
START ITERATOR for pattern at http://localhost:3000/pods/00000000000000000933/comments/962072795527 http://localhost:3000/pods/00000000000000000933/comments/962072795527
START ITERATOR for pattern at http://localhost:3000/pods/00000000000000000933/comments/962072795525 http://localhost:3000/pods/00000000000000000933/comments/962072795525
START ITERATOR for pattern at http://localhost:3000/pods/00000000000000000933/comments/962072795525 http://localhost:3000/pods/00000000000000000933/comments/962072795525
START ITERATOR for pattern at http://localhost:3000/pods/00000000000000000933/comments/1030792272121 http://localhost:3000/pods/00000000000000000933/comments/1030792272121
START ITERATOR for pattern at http://localhost:3000/pods/00000000000000000933/comments/1030792272121 http://localhost:3000/pods/00000000000000000933/comments/1030792272121
START ITERATOR for pattern at http://localhost:3000/pods/00000000000000000933/comments/1030792272060 http://localhost:3000/pods/00000000000000000933/comments/1030792272060
START ITERATOR for pattern at http://localhost:3000/pods/00000000000000000933/comments/1030792272060 http://localhost:3000/pods/00000000000000000933/comments/1030792272060
START ITERATOR for pattern at http://localhost:3000/pods/00000000000000000933/comments/893353296375 http://localhost:3000/pods/00000000000000000933/comments/893353296375
START ITERATOR for pattern at http://localhost:3000/pods/00000000000000000933/comments/893353296375 http://localhost:3000/pods/00000000000000000933/comments/893353296375
START ITERATOR for pattern at http://localhost:3000/pods/00000000000000000933/comments/893353296231 http://localhost:3000/pods/00000000000000000933/comments/893353296231
START ITERATOR for pattern at http://localhost:3000/pods/00000000000000000933/comments/893353296231 http://localhost:3000/pods/00000000000000000933/comments/893353296231
START ITERATOR for pattern at http://localhost:3000/pods/00000000000000000933/comments/893353296180 http://localhost:3000/pods/00000000000000000933/comments/893353296180
START ITERATOR for pattern at http://localhost:3000/pods/00000000000000000933/comments/893353296180 http://localhost:3000/pods/00000000000000000933/comments/893353296180
START ITERATOR for pattern at http://localhost:3000/pods/00000000000000000933/comments/824633819312 http://localhost:3000/pods/00000000000000000933/comments/824633819312
START ITERATOR for pattern at http://localhost:3000/pods/00000000000000000933/comments/824633819312 http://localhost:3000/pods/00000000000000000933/comments/824633819312
START ITERATOR for pattern at http://localhost:3000/pods/00000000000000000933/posts/ http://localhost:3000/pods/00000000000000000933/posts/
START ITERATOR for pattern at http://localhost:3000/pods/00000000000000000933/posts/ http://localhost:3000/pods/00000000000000000933/posts/
START ITERATOR for pattern at http://localhost:3000/pods/00000000000000000933/posts/618475290624 http://localhost:3000/pods/00000000000000000933/posts/618475290624
START ITERATOR for pattern at http://localhost:3000/pods/00000000000000000933/posts/618475290624 http://localhost:3000/pods/00000000000000000933/posts/618475290624
START ITERATOR for pattern at http://localhost:3000/pods/00000000000000000933/posts/962072795586 http://localhost:3000/pods/00000000000000000933/posts/962072795586
START ITERATOR for pattern at http://localhost:3000/pods/00000000000000000933/posts/962072795586 http://localhost:3000/pods/00000000000000000933/posts/962072795586
START ITERATOR for pattern at http://localhost:3000/pods/00000000000000000933/posts/962072795511 http://localhost:3000/pods/00000000000000000933/posts/962072795511
START ITERATOR for pattern at http://localhost:3000/pods/00000000000000000933/posts/962072795511 http://localhost:3000/pods/00000000000000000933/posts/962072795511
START ITERATOR for pattern at http://localhost:3000/pods/00000000000000000933/posts/962072674681 http://localhost:3000/pods/00000000000000000933/posts/962072674681
START ITERATOR for pattern at http://localhost:3000/pods/00000000000000000933/posts/962072674681 http://localhost:3000/pods/00000000000000000933/posts/962072674681
START ITERATOR for pattern at http://localhost:3000/pods/00000000000000000933/posts/962072674680 http://localhost:3000/pods/00000000000000000933/posts/962072674680
START ITERATOR for pattern at http://localhost:3000/pods/00000000000000000933/posts/962072674680 http://localhost:3000/pods/00000000000000000933/posts/962072674680
START ITERATOR for pattern at http://localhost:3000/pods/00000000000000000933/posts/962072674679 http://localhost:3000/pods/00000000000000000933/posts/962072674679
START ITERATOR for pattern at http://localhost:3000/pods/00000000000000000933/posts/962072674679 http://localhost:3000/pods/00000000000000000933/posts/962072674679
START ITERATOR for pattern at http://localhost:3000/pods/00000000000000000933/posts/962072674678 http://localhost:3000/pods/00000000000000000933/posts/962072674678
START ITERATOR for pattern at http://localhost:3000/pods/00000000000000000933/posts/962072674678 http://localhost:3000/pods/00000000000000000933/posts/962072674678
START ITERATOR for pattern at http://localhost:3000/pods/00000000000000000933/posts/962072674677 http://localhost:3000/pods/00000000000000000933/posts/962072674677
START ITERATOR for pattern at http://localhost:3000/pods/00000000000000000933/posts/962072674677 http://localhost:3000/pods/00000000000000000933/posts/962072674677
START ITERATOR for pattern at http://localhost:3000/pods/00000000000000000933/posts/962072674676 http://localhost:3000/pods/00000000000000000933/posts/962072674676
START ITERATOR for pattern at http://localhost:3000/pods/00000000000000000933/posts/962072674676 http://localhost:3000/pods/00000000000000000933/posts/962072674676
START ITERATOR for pattern at http://localhost:3000/pods/00000000000000000933/posts/962072674675 http://localhost:3000/pods/00000000000000000933/posts/962072674675
START ITERATOR for pattern at http://localhost:3000/pods/00000000000000000933/posts/962072674675 http://localhost:3000/pods/00000000000000000933/posts/962072674675
START ITERATOR for pattern at http://localhost:3000/pods/00000000000000000933/posts/962072674674 http://localhost:3000/pods/00000000000000000933/posts/962072674674
START ITERATOR for pattern at http://localhost:3000/pods/00000000000000000933/posts/962072674674 http://localhost:3000/pods/00000000000000000933/posts/962072674674
START ITERATOR for pattern at http://localhost:3000/pods/00000000000000000933/posts/962072674673 http://localhost:3000/pods/00000000000000000933/posts/962072674673
START ITERATOR for pattern at http://localhost:3000/pods/00000000000000000933/posts/962072674673 http://localhost:3000/pods/00000000000000000933/posts/962072674673
START ITERATOR for pattern at http://localhost:3000/pods/00000000000000000933/posts/962072674672 http://localhost:3000/pods/00000000000000000933/posts/962072674672
START ITERATOR for pattern at http://localhost:3000/pods/00000000000000000933/posts/962072674672 http://localhost:3000/pods/00000000000000000933/posts/962072674672
START ITERATOR for pattern at http://localhost:3000/pods/00000000000000000933/posts/962072674671 http://localhost:3000/pods/00000000000000000933/posts/962072674671
START ITERATOR for pattern at http://localhost:3000/pods/00000000000000000933/posts/962072674671 http://localhost:3000/pods/00000000000000000933/posts/962072674671
START ITERATOR for pattern at http://localhost:3000/pods/00000000000000000933/posts/962072674670 http://localhost:3000/pods/00000000000000000933/posts/962072674670
START ITERATOR for pattern at http://localhost:3000/pods/00000000000000000933/posts/962072674670 http://localhost:3000/pods/00000000000000000933/posts/962072674670
START ITERATOR for pattern at http://localhost:3000/pods/00000000000000000933/posts/962072674669 http://localhost:3000/pods/00000000000000000933/posts/962072674669
START ITERATOR for pattern at http://localhost:3000/pods/00000000000000000933/posts/962072674669 http://localhost:3000/pods/00000000000000000933/posts/962072674669
START ITERATOR for pattern at http://localhost:3000/pods/00000000000000000933/posts/962072674668 http://localhost:3000/pods/00000000000000000933/posts/962072674668
START ITERATOR for pattern at http://localhost:3000/pods/00000000000000000933/posts/962072674668 http://localhost:3000/pods/00000000000000000933/posts/962072674668
START ITERATOR for pattern at http://localhost:3000/pods/00000000000000000933/posts/962072674667 http://localhost:3000/pods/00000000000000000933/posts/962072674667
START ITERATOR for pattern at http://localhost:3000/pods/00000000000000000933/posts/962072674667 http://localhost:3000/pods/00000000000000000933/posts/962072674667
START ITERATOR for pattern at http://localhost:3000/pods/00000000000000000933/posts/893353197930 http://localhost:3000/pods/00000000000000000933/posts/893353197930
START ITERATOR for pattern at http://localhost:3000/pods/00000000000000000933/posts/893353197930 http://localhost:3000/pods/00000000000000000933/posts/893353197930
START ITERATOR for pattern at http://localhost:3000/pods/00000000000000000933/posts/893353197929 http://localhost:3000/pods/00000000000000000933/posts/893353197929
START ITERATOR for pattern at http://localhost:3000/pods/00000000000000000933/posts/893353197929 http://localhost:3000/pods/00000000000000000933/posts/893353197929
START ITERATOR for pattern at http://localhost:3000/pods/00000000000000000933/posts/893353197928 http://localhost:3000/pods/00000000000000000933/posts/893353197928
START ITERATOR for pattern at http://localhost:3000/pods/00000000000000000933/posts/893353197928 http://localhost:3000/pods/00000000000000000933/posts/893353197928
START ITERATOR for pattern at http://localhost:3000/pods/00000000000000000933/posts/893353197927 http://localhost:3000/pods/00000000000000000933/posts/893353197927
START ITERATOR for pattern at http://localhost:3000/pods/00000000000000000933/posts/893353197927 http://localhost:3000/pods/00000000000000000933/posts/893353197927
START ITERATOR for pattern at http://localhost:3000/pods/00000000000000000933/posts/893353197926 http://localhost:3000/pods/00000000000000000933/posts/893353197926
START ITERATOR for pattern at http://localhost:3000/pods/00000000000000000933/posts/893353197926 http://localhost:3000/pods/00000000000000000933/posts/893353197926
START ITERATOR for pattern at http://localhost:3000/pods/00000000000000000933/posts/893353197925 http://localhost:3000/pods/00000000000000000933/posts/893353197925
START ITERATOR for pattern at http://localhost:3000/pods/00000000000000000933/posts/893353197925 http://localhost:3000/pods/00000000000000000933/posts/893353197925
START ITERATOR for pattern at http://localhost:3000/pods/00000000000000000933/posts/893353197924 http://localhost:3000/pods/00000000000000000933/posts/893353197924
START ITERATOR for pattern at http://localhost:3000/pods/00000000000000000933/posts/893353197924 http://localhost:3000/pods/00000000000000000933/posts/893353197924
START ITERATOR for pattern at http://localhost:3000/pods/00000000000000000933/posts/824633721187 http://localhost:3000/pods/00000000000000000933/posts/824633721187
START ITERATOR for pattern at http://localhost:3000/pods/00000000000000000933/posts/824633721187 http://localhost:3000/pods/00000000000000000933/posts/824633721187
START ITERATOR for pattern at http://localhost:3000/pods/00000000000000000933/posts/824633721185 http://localhost:3000/pods/00000000000000000933/posts/824633721185
START ITERATOR for pattern at http://localhost:3000/pods/00000000000000000933/posts/824633721185 http://localhost:3000/pods/00000000000000000933/posts/824633721185
START ITERATOR for pattern at http://localhost:3000/pods/00000000000000000933/posts/824633721186 http://localhost:3000/pods/00000000000000000933/posts/824633721186
START ITERATOR for pattern at http://localhost:3000/pods/00000000000000000933/posts/824633721186 http://localhost:3000/pods/00000000000000000933/posts/824633721186
START ITERATOR for pattern at http://localhost:3000/pods/00000000000000000933/posts/824633721184 http://localhost:3000/pods/00000000000000000933/posts/824633721184
START ITERATOR for pattern at http://localhost:3000/pods/00000000000000000933/posts/824633721184 http://localhost:3000/pods/00000000000000000933/posts/824633721184
START ITERATOR for pattern at http://localhost:3000/pods/00000000000000000933/posts/824633721183 http://localhost:3000/pods/00000000000000000933/posts/824633721183
START ITERATOR for pattern at http://localhost:3000/pods/00000000000000000933/posts/824633721183 http://localhost:3000/pods/00000000000000000933/posts/824633721183
START ITERATOR for pattern at http://localhost:3000/pods/00000000000000000933/posts/824633721182 http://localhost:3000/pods/00000000000000000933/posts/824633721182
START ITERATOR for pattern at http://localhost:3000/pods/00000000000000000933/posts/824633721182 http://localhost:3000/pods/00000000000000000933/posts/824633721182
START ITERATOR for pattern at http://localhost:3000/pods/00000000000000000933/posts/343597384029 http://localhost:3000/pods/00000000000000000933/posts/343597384029
START ITERATOR for pattern at http://localhost:3000/pods/00000000000000000933/posts/343597384029 http://localhost:3000/pods/00000000000000000933/posts/343597384029
START ITERATOR for pattern at http://localhost:3000/pods/00000000000000000933/posts/343597384028 http://localhost:3000/pods/00000000000000000933/posts/343597384028
START ITERATOR for pattern at http://localhost:3000/pods/00000000000000000933/posts/343597384028 http://localhost:3000/pods/00000000000000000933/posts/343597384028
START ITERATOR for pattern at http://localhost:3000/pods/00000000000000000933/posts/343597384027 http://localhost:3000/pods/00000000000000000933/posts/343597384027
START ITERATOR for pattern at http://localhost:3000/pods/00000000000000000933/posts/343597384027 http://localhost:3000/pods/00000000000000000933/posts/343597384027
START ITERATOR for pattern at http://localhost:3000/pods/00000000000000000933/posts/343597384026 http://localhost:3000/pods/00000000000000000933/posts/343597384026
START ITERATOR for pattern at http://localhost:3000/pods/00000000000000000933/posts/343597384026 http://localhost:3000/pods/00000000000000000933/posts/343597384026
START ITERATOR for pattern at http://localhost:3000/pods/00000000000000000933/posts/343597384025 http://localhost:3000/pods/00000000000000000933/posts/343597384025
START ITERATOR for pattern at http://localhost:3000/pods/00000000000000000933/posts/343597384025 http://localhost:3000/pods/00000000000000000933/posts/343597384025
START ITERATOR for pattern at http://localhost:3000/pods/00000000000000000933/posts/343597384024 http://localhost:3000/pods/00000000000000000933/posts/343597384024
START ITERATOR for pattern at http://localhost:3000/pods/00000000000000000933/posts/343597384024 http://localhost:3000/pods/00000000000000000933/posts/343597384024
START ITERATOR for pattern at http://localhost:3000/pods/00000000000000000933/posts/343597384023 http://localhost:3000/pods/00000000000000000933/posts/343597384023
START ITERATOR for pattern at http://localhost:3000/pods/00000000000000000933/posts/343597384023 http://localhost:3000/pods/00000000000000000933/posts/343597384023
START ITERATOR for pattern at http://localhost:3000/pods/00000000000000000933/posts/343597384022 http://localhost:3000/pods/00000000000000000933/posts/343597384022
START ITERATOR for pattern at http://localhost:3000/pods/00000000000000000933/posts/343597384022 http://localhost:3000/pods/00000000000000000933/posts/343597384022
START ITERATOR for pattern at http://localhost:3000/pods/00000000000000000933/posts/343597384021 http://localhost:3000/pods/00000000000000000933/posts/343597384021
START ITERATOR for pattern at http://localhost:3000/pods/00000000000000000933/posts/343597384021 http://localhost:3000/pods/00000000000000000933/posts/343597384021
START ITERATOR for pattern at http://localhost:3000/pods/00000000000000000933/posts/343597384020 http://localhost:3000/pods/00000000000000000933/posts/343597384020
START ITERATOR for pattern at http://localhost:3000/pods/00000000000000000933/posts/343597384020 http://localhost:3000/pods/00000000000000000933/posts/343597384020
START ITERATOR for pattern at http://localhost:3000/pods/00000000000000000933/posts/343597384019 http://localhost:3000/pods/00000000000000000933/posts/343597384019
START ITERATOR for pattern at http://localhost:3000/pods/00000000000000000933/posts/343597384019 http://localhost:3000/pods/00000000000000000933/posts/343597384019
START ITERATOR for pattern at http://localhost:3000/pods/00000000000000000933/posts/343597384018 http://localhost:3000/pods/00000000000000000933/posts/343597384018
START ITERATOR for pattern at http://localhost:3000/pods/00000000000000000933/posts/343597384018 http://localhost:3000/pods/00000000000000000933/posts/343597384018
START ITERATOR for pattern at http://localhost:3000/pods/00000000000000000933/posts/1030792151377 http://localhost:3000/pods/00000000000000000933/posts/1030792151377
START ITERATOR for pattern at http://localhost:3000/pods/00000000000000000933/posts/1030792151377 http://localhost:3000/pods/00000000000000000933/posts/1030792151377
START ITERATOR for pattern at http://localhost:3000/pods/00000000000000000933/posts/1030792151376 http://localhost:3000/pods/00000000000000000933/posts/1030792151376
START ITERATOR for pattern at http://localhost:3000/pods/00000000000000000933/posts/1030792151376 http://localhost:3000/pods/00000000000000000933/posts/1030792151376
START ITERATOR for pattern at http://localhost:3000/pods/00000000000000000933/posts/1030792151375 http://localhost:3000/pods/00000000000000000933/posts/1030792151375
START ITERATOR for pattern at http://localhost:3000/pods/00000000000000000933/posts/1030792151375 http://localhost:3000/pods/00000000000000000933/posts/1030792151375
START ITERATOR for pattern at http://localhost:3000/pods/00000000000000000933/posts/824633721166 http://localhost:3000/pods/00000000000000000933/posts/824633721166
START ITERATOR for pattern at http://localhost:3000/pods/00000000000000000933/posts/824633721166 http://localhost:3000/pods/00000000000000000933/posts/824633721166
START ITERATOR for pattern at http://localhost:3000/pods/00000000000000000933/posts/824633721165 http://localhost:3000/pods/00000000000000000933/posts/824633721165
START ITERATOR for pattern at http://localhost:3000/pods/00000000000000000933/posts/824633721165 http://localhost:3000/pods/00000000000000000933/posts/824633721165
START ITERATOR for pattern at http://localhost:3000/pods/00000000000000000933/posts/755914244428 http://localhost:3000/pods/00000000000000000933/posts/755914244428
START ITERATOR for pattern at http://localhost:3000/pods/00000000000000000933/posts/755914244428 http://localhost:3000/pods/00000000000000000933/posts/755914244428
START ITERATOR for pattern at http://localhost:3000/pods/00000000000000000933/posts/755914244427 http://localhost:3000/pods/00000000000000000933/posts/755914244427
START ITERATOR for pattern at http://localhost:3000/pods/00000000000000000933/posts/755914244427 http://localhost:3000/pods/00000000000000000933/posts/755914244427
START ITERATOR for pattern at http://localhost:3000/pods/00000000000000000933/posts/755914244426 http://localhost:3000/pods/00000000000000000933/posts/755914244426
START ITERATOR for pattern at http://localhost:3000/pods/00000000000000000933/posts/755914244426 http://localhost:3000/pods/00000000000000000933/posts/755914244426
START ITERATOR for pattern at http://localhost:3000/pods/00000000000000000933/posts/755914244425 http://localhost:3000/pods/00000000000000000933/posts/755914244425
START ITERATOR for pattern at http://localhost:3000/pods/00000000000000000933/posts/755914244425 http://localhost:3000/pods/00000000000000000933/posts/755914244425
START ITERATOR for pattern at http://localhost:3000/pods/00000000000000000933/posts/755914244424 http://localhost:3000/pods/00000000000000000933/posts/755914244424
START ITERATOR for pattern at http://localhost:3000/pods/00000000000000000933/posts/755914244424 http://localhost:3000/pods/00000000000000000933/posts/755914244424
START ITERATOR for pattern at http://localhost:3000/pods/00000000000000000933/posts/755914244423 http://localhost:3000/pods/00000000000000000933/posts/755914244423
START ITERATOR for pattern at http://localhost:3000/pods/00000000000000000933/posts/755914244423 http://localhost:3000/pods/00000000000000000933/posts/755914244423
START ITERATOR for pattern at http://localhost:3000/pods/00000000000000000933/posts/68719477062 http://localhost:3000/pods/00000000000000000933/posts/68719477062
START ITERATOR for pattern at http://localhost:3000/pods/00000000000000000933/posts/68719477062 http://localhost:3000/pods/00000000000000000933/posts/68719477062
START ITERATOR for pattern at http://localhost:3000/pods/00000000000000000933/posts/68719477061 http://localhost:3000/pods/00000000000000000933/posts/68719477061
START ITERATOR for pattern at http://localhost:3000/pods/00000000000000000933/posts/68719477061 http://localhost:3000/pods/00000000000000000933/posts/68719477061
START ITERATOR for pattern at http://localhost:3000/pods/00000000000000000933/posts/68719477060 http://localhost:3000/pods/00000000000000000933/posts/68719477060
START ITERATOR for pattern at http://localhost:3000/pods/00000000000000000933/posts/68719477060 http://localhost:3000/pods/00000000000000000933/posts/68719477060
START ITERATOR for pattern at http://localhost:3000/pods/00000000000000000933/posts/68719477059 http://localhost:3000/pods/00000000000000000933/posts/68719477059
START ITERATOR for pattern at http://localhost:3000/pods/00000000000000000933/posts/68719477059 http://localhost:3000/pods/00000000000000000933/posts/68719477059
START ITERATOR for pattern at http://localhost:3000/pods/00000000000000000933/posts/68719477058 http://localhost:3000/pods/00000000000000000933/posts/68719477058
START ITERATOR for pattern at http://localhost:3000/pods/00000000000000000933/posts/68719477058 http://localhost:3000/pods/00000000000000000933/posts/68719477058
START ITERATOR for pattern at http://localhost:3000/pods/00000000000000000933/posts/68719477057 http://localhost:3000/pods/00000000000000000933/posts/68719477057
START ITERATOR for pattern at http://localhost:3000/pods/00000000000000000933/posts/68719477057 http://localhost:3000/pods/00000000000000000933/posts/68719477057
START ITERATOR for pattern at http://localhost:3000/pods/00000000000000000933/posts/68719477056 http://localhost:3000/pods/00000000000000000933/posts/68719477056
START ITERATOR for pattern at http://localhost:3000/pods/00000000000000000933/posts/68719477056 http://localhost:3000/pods/00000000000000000933/posts/68719477056
START ITERATOR for pattern at http://localhost:3000/pods/00000000000000000933/posts/68719477055 http://localhost:3000/pods/00000000000000000933/posts/68719477055
START ITERATOR for pattern at http://localhost:3000/pods/00000000000000000933/posts/68719477055 http://localhost:3000/pods/00000000000000000933/posts/68719477055
START ITERATOR for pattern at http://localhost:3000/pods/00000000000000000933/posts/68719477054 http://localhost:3000/pods/00000000000000000933/posts/68719477054
START ITERATOR for pattern at http://localhost:3000/pods/00000000000000000933/posts/68719477054 http://localhost:3000/pods/00000000000000000933/posts/68719477054
START ITERATOR for pattern at http://localhost:3000/pods/00000000000000000933/posts/68719477053 http://localhost:3000/pods/00000000000000000933/posts/68719477053
START ITERATOR for pattern at http://localhost:3000/pods/00000000000000000933/posts/68719477053 http://localhost:3000/pods/00000000000000000933/posts/68719477053
START ITERATOR for pattern at http://localhost:3000/pods/00000000000000000933/posts/68719477052 http://localhost:3000/pods/00000000000000000933/posts/68719477052
START ITERATOR for pattern at http://localhost:3000/pods/00000000000000000933/posts/68719477052 http://localhost:3000/pods/00000000000000000933/posts/68719477052
START ITERATOR for pattern at http://localhost:3000/pods/00000000000000000933/posts/68719477051 http://localhost:3000/pods/00000000000000000933/posts/68719477051
START ITERATOR for pattern at http://localhost:3000/pods/00000000000000000933/posts/68719477051 http://localhost:3000/pods/00000000000000000933/posts/68719477051
START ITERATOR for pattern at http://localhost:3000/pods/00000000000000000933/posts/68719477050 http://localhost:3000/pods/00000000000000000933/posts/68719477050
START ITERATOR for pattern at http://localhost:3000/pods/00000000000000000933/posts/68719477050 http://localhost:3000/pods/00000000000000000933/posts/68719477050
START ITERATOR for pattern at http://localhost:3000/pods/00000000000000000933/posts/68719477049 http://localhost:3000/pods/00000000000000000933/posts/68719477049
START ITERATOR for pattern at http://localhost:3000/pods/00000000000000000933/posts/68719477049 http://localhost:3000/pods/00000000000000000933/posts/68719477049
START ITERATOR for pattern at http://localhost:3000/pods/00000000000000000933/posts/68719477048 http://localhost:3000/pods/00000000000000000933/posts/68719477048
START ITERATOR for pattern at http://localhost:3000/pods/00000000000000000933/posts/68719477048 http://localhost:3000/pods/00000000000000000933/posts/68719477048
START ITERATOR for pattern at http://localhost:3000/pods/00000000000000000933/posts/68719477047 http://localhost:3000/pods/00000000000000000933/posts/68719477047
START ITERATOR for pattern at http://localhost:3000/pods/00000000000000000933/posts/68719477047 http://localhost:3000/pods/00000000000000000933/posts/68719477047
START ITERATOR for pattern at http://localhost:3000/pods/00000000000000000933/posts/68719477046 http://localhost:3000/pods/00000000000000000933/posts/68719477046
START ITERATOR for pattern at http://localhost:3000/pods/00000000000000000933/posts/68719477046 http://localhost:3000/pods/00000000000000000933/posts/68719477046
START ITERATOR for pattern at http://localhost:3000/pods/00000000000000000933/posts/68719477045 http://localhost:3000/pods/00000000000000000933/posts/68719477045
START ITERATOR for pattern at http://localhost:3000/pods/00000000000000000933/posts/68719477045 http://localhost:3000/pods/00000000000000000933/posts/68719477045
START ITERATOR for pattern at http://localhost:3000/pods/00000000000000000933/posts/206158430516 http://localhost:3000/pods/00000000000000000933/posts/206158430516
START ITERATOR for pattern at http://localhost:3000/pods/00000000000000000933/posts/206158430516 http://localhost:3000/pods/00000000000000000933/posts/206158430516
START ITERATOR for pattern at http://localhost:3000/pods/00000000000000000933/posts/206158430515 http://localhost:3000/pods/00000000000000000933/posts/206158430515
START ITERATOR for pattern at http://localhost:3000/pods/00000000000000000933/posts/206158430515 http://localhost:3000/pods/00000000000000000933/posts/206158430515
START ITERATOR for pattern at http://localhost:3000/pods/00000000000000000933/posts/206158430514 http://localhost:3000/pods/00000000000000000933/posts/206158430514
START ITERATOR for pattern at http://localhost:3000/pods/00000000000000000933/posts/206158430514 http://localhost:3000/pods/00000000000000000933/posts/206158430514
START ITERATOR for pattern at http://localhost:3000/pods/00000000000000000933/posts/206158430513 http://localhost:3000/pods/00000000000000000933/posts/206158430513
START ITERATOR for pattern at http://localhost:3000/pods/00000000000000000933/posts/206158430513 http://localhost:3000/pods/00000000000000000933/posts/206158430513
START ITERATOR for pattern at http://localhost:3000/pods/00000000000000000933/posts/206158430512 http://localhost:3000/pods/00000000000000000933/posts/206158430512
START ITERATOR for pattern at http://localhost:3000/pods/00000000000000000933/posts/206158430512 http://localhost:3000/pods/00000000000000000933/posts/206158430512
START ITERATOR for pattern at http://localhost:3000/pods/00000000000000000933/posts/206158430511 http://localhost:3000/pods/00000000000000000933/posts/206158430511
START ITERATOR for pattern at http://localhost:3000/pods/00000000000000000933/posts/206158430511 http://localhost:3000/pods/00000000000000000933/posts/206158430511
START ITERATOR for pattern at http://localhost:3000/pods/00000000000000000933/posts/206158430510 http://localhost:3000/pods/00000000000000000933/posts/206158430510
START ITERATOR for pattern at http://localhost:3000/pods/00000000000000000933/posts/206158430510 http://localhost:3000/pods/00000000000000000933/posts/206158430510
START ITERATOR for pattern at http://localhost:3100/ldbc_socialnet/1.0/data/forum00000000000000000000 http://localhost:3100/ldbc_socialnet/1.0/data/forum00000000000000000000
START ITERATOR for pattern at http://localhost:3100/ldbc_socialnet/1.0/data/forum00000000000000000000 http://localhost:3100/ldbc_socialnet/1.0/data/forum00000000000000000000
START ITERATOR for pattern at http://localhost:3100/ldbc_socialnet/1.0/data/forum00000000824633726247 http://localhost:3100/ldbc_socialnet/1.0/data/forum00000000824633726247
START ITERATOR for pattern at http://localhost:3100/ldbc_socialnet/1.0/data/forum00000000824633726247 http://localhost:3100/ldbc_socialnet/1.0/data/forum00000000824633726247
START ITERATOR for pattern at http://localhost:3100/ldbc_socialnet/1.0/data/forum00000000962072674339 http://localhost:3100/ldbc_socialnet/1.0/data/forum00000000962072674339
START ITERATOR for pattern at http://localhost:3100/ldbc_socialnet/1.0/data/forum00000000962072674339 http://localhost:3100/ldbc_socialnet/1.0/data/forum00000000962072674339
START ITERATOR for pattern at http://localhost:3100/ldbc_socialnet/1.0/data/forum00000000893353197602 http://localhost:3100/ldbc_socialnet/1.0/data/forum00000000893353197602
START ITERATOR for pattern at http://localhost:3100/ldbc_socialnet/1.0/data/forum00000000893353197602 http://localhost:3100/ldbc_socialnet/1.0/data/forum00000000893353197602
START ITERATOR for pattern at http://localhost:3100/ldbc_socialnet/1.0/data/forum00000000824633720865 http://localhost:3100/ldbc_socialnet/1.0/data/forum00000000824633720865
START ITERATOR for pattern at http://localhost:3100/ldbc_socialnet/1.0/data/forum00000000824633720865 http://localhost:3100/ldbc_socialnet/1.0/data/forum00000000824633720865
START ITERATOR for pattern at http://localhost:3100/ldbc_socialnet/1.0/data/forum00000000343597383712 http://localhost:3100/ldbc_socialnet/1.0/data/forum00000000343597383712
START ITERATOR for pattern at http://localhost:3100/ldbc_socialnet/1.0/data/forum00000000343597383712 http://localhost:3100/ldbc_socialnet/1.0/data/forum00000000343597383712
START ITERATOR for pattern at http://localhost:3100/ldbc_socialnet/1.0/data/forum00000001030792151071 http://localhost:3100/ldbc_socialnet/1.0/data/forum00000001030792151071
START ITERATOR for pattern at http://localhost:3100/ldbc_socialnet/1.0/data/forum00000001030792151071 http://localhost:3100/ldbc_socialnet/1.0/data/forum00000001030792151071
START ITERATOR for pattern at http://localhost:3100/ldbc_socialnet/1.0/data/forum00000000824633720862 http://localhost:3100/ldbc_socialnet/1.0/data/forum00000000824633720862
START ITERATOR for pattern at http://localhost:3100/ldbc_socialnet/1.0/data/forum00000000824633720862 http://localhost:3100/ldbc_socialnet/1.0/data/forum00000000824633720862
START ITERATOR for pattern at http://localhost:3100/ldbc_socialnet/1.0/data/forum00000000755914244125 http://localhost:3100/ldbc_socialnet/1.0/data/forum00000000755914244125
START ITERATOR for pattern at http://localhost:3100/ldbc_socialnet/1.0/data/forum00000000755914244125 http://localhost:3100/ldbc_socialnet/1.0/data/forum00000000755914244125
START ITERATOR for pattern at http://localhost:3100/ldbc_socialnet/1.0/data/forum00000000068719476763 http://localhost:3100/ldbc_socialnet/1.0/data/forum00000000068719476763
START ITERATOR for pattern at http://localhost:3100/ldbc_socialnet/1.0/data/forum00000000068719476763 http://localhost:3100/ldbc_socialnet/1.0/data/forum00000000068719476763
START ITERATOR for pattern at http://localhost:3100/ldbc_socialnet/1.0/data/forum00000000206158430234 http://localhost:3100/ldbc_socialnet/1.0/data/forum00000000206158430234
START ITERATOR for pattern at http://localhost:3100/ldbc_socialnet/1.0/data/forum00000000206158430234 http://localhost:3100/ldbc_socialnet/1.0/data/forum00000000206158430234
START ITERATOR for pattern at http://localhost:3000/pods/00000000000000000933/posts/206158430509 http://localhost:3000/pods/00000000000000000933/posts/206158430509
START ITERATOR for pattern at http://localhost:3000/pods/00000000000000000933/posts/206158430509 http://localhost:3000/pods/00000000000000000933/posts/206158430509
START ITERATOR for pattern at http://localhost:3000/pods/00000000000000000933/posts/206158430472 http://localhost:3000/pods/00000000000000000933/posts/206158430472
START ITERATOR for pattern at http://localhost:3000/pods/00000000000000000933/posts/206158430472 http://localhost:3000/pods/00000000000000000933/posts/206158430472
START ITERATOR for pattern at http://localhost:3000/pods/00000000000000000933/posts/206158430471 http://localhost:3000/pods/00000000000000000933/posts/206158430471
START ITERATOR for pattern at http://localhost:3000/pods/00000000000000000933/posts/206158430471 http://localhost:3000/pods/00000000000000000933/posts/206158430471
START ITERATOR for pattern at http://localhost:3000/pods/00000000000000000933/posts/206158430470 http://localhost:3000/pods/00000000000000000933/posts/206158430470
START ITERATOR for pattern at http://localhost:3000/pods/00000000000000000933/posts/206158430470 http://localhost:3000/pods/00000000000000000933/posts/206158430470
START ITERATOR for pattern at http://localhost:3000/pods/00000000000000000933/posts/618475290885 http://localhost:3000/pods/00000000000000000933/posts/618475290885
START ITERATOR for pattern at http://localhost:3000/pods/00000000000000000933/posts/618475290885 http://localhost:3000/pods/00000000000000000933/posts/618475290885
START ITERATOR for pattern at http://localhost:3000/pods/00000000000000000933/posts/618475290884 http://localhost:3000/pods/00000000000000000933/posts/618475290884
START ITERATOR for pattern at http://localhost:3000/pods/00000000000000000933/posts/618475290884 http://localhost:3000/pods/00000000000000000933/posts/618475290884
START ITERATOR for pattern at http://localhost:3000/pods/00000000000000000933/posts/206158430467 http://localhost:3000/pods/00000000000000000933/posts/206158430467
START ITERATOR for pattern at http://localhost:3000/pods/00000000000000000933/posts/206158430467 http://localhost:3000/pods/00000000000000000933/posts/206158430467
START ITERATOR for pattern at http://localhost:3000/pods/00000000000000000933/posts/206158430466 http://localhost:3000/pods/00000000000000000933/posts/206158430466
START ITERATOR for pattern at http://localhost:3000/pods/00000000000000000933/posts/206158430466 http://localhost:3000/pods/00000000000000000933/posts/206158430466
START ITERATOR for pattern at http://localhost:3000/pods/00000000000000000933/posts/206158430465 http://localhost:3000/pods/00000000000000000933/posts/206158430465
START ITERATOR for pattern at http://localhost:3000/pods/00000000000000000933/posts/206158430465 http://localhost:3000/pods/00000000000000000933/posts/206158430465
START ITERATOR for pattern at http://localhost:3000/pods/00000000000000000933/posts/206158430464 http://localhost:3000/pods/00000000000000000933/posts/206158430464
START ITERATOR for pattern at http://localhost:3000/pods/00000000000000000933/posts/206158430464 http://localhost:3000/pods/00000000000000000933/posts/206158430464
START ITERATOR for pattern at http://localhost:3100/ldbc_socialnet/1.0/data/forum00000000206158430231 http://localhost:3100/ldbc_socialnet/1.0/data/forum00000000206158430231
START ITERATOR for pattern at http://localhost:3100/ldbc_socialnet/1.0/data/forum00000000206158430231 http://localhost:3100/ldbc_socialnet/1.0/data/forum00000000206158430231
START ITERATOR for pattern at http://localhost:3100/ldbc_socialnet/1.0/data/forum00000000618475290646 http://localhost:3100/ldbc_socialnet/1.0/data/forum00000000618475290646
START ITERATOR for pattern at http://localhost:3100/ldbc_socialnet/1.0/data/forum00000000618475290646 http://localhost:3100/ldbc_socialnet/1.0/data/forum00000000618475290646
START ITERATOR for pattern at http://localhost:3000/pods/00000000000000000933/posts/206158430508 http://localhost:3000/pods/00000000000000000933/posts/206158430508
START ITERATOR for pattern at http://localhost:3000/pods/00000000000000000933/posts/206158430508 http://localhost:3000/pods/00000000000000000933/posts/206158430508
START ITERATOR for pattern at http://localhost:3100/ldbc_socialnet/1.0/data/forum00000000206158430229 http://localhost:3100/ldbc_socialnet/1.0/data/forum00000000206158430229
START ITERATOR for pattern at http://localhost:3100/ldbc_socialnet/1.0/data/forum00000000206158430229 http://localhost:3100/ldbc_socialnet/1.0/data/forum00000000206158430229
START ITERATOR for pattern at http://localhost:3000/pods/00000000000000000933/posts/206158430507 http://localhost:3000/pods/00000000000000000933/posts/206158430507
START ITERATOR for pattern at http://localhost:3000/pods/00000000000000000933/posts/206158430507 http://localhost:3000/pods/00000000000000000933/posts/206158430507
START ITERATOR for pattern at http://localhost:3000/pods/00000000000000000933/posts/206158430463 http://localhost:3000/pods/00000000000000000933/posts/206158430463
START ITERATOR for pattern at http://localhost:3000/pods/00000000000000000933/posts/206158430463 http://localhost:3000/pods/00000000000000000933/posts/206158430463
START ITERATOR for pattern at http://localhost:3000/pods/00000000000000000933/posts/206158430462 http://localhost:3000/pods/00000000000000000933/posts/206158430462
START ITERATOR for pattern at http://localhost:3000/pods/00000000000000000933/posts/206158430462 http://localhost:3000/pods/00000000000000000933/posts/206158430462
START ITERATOR for pattern at http://localhost:3000/pods/00000000000000000933/posts/206158430506 http://localhost:3000/pods/00000000000000000933/posts/206158430506
START ITERATOR for pattern at http://localhost:3000/pods/00000000000000000933/posts/206158430506 http://localhost:3000/pods/00000000000000000933/posts/206158430506
START ITERATOR for pattern at http://localhost:3000/pods/00000000000000000933/posts/206158430461 http://localhost:3000/pods/00000000000000000933/posts/206158430461
START ITERATOR for pattern at http://localhost:3000/pods/00000000000000000933/posts/206158430461 http://localhost:3000/pods/00000000000000000933/posts/206158430461
START ITERATOR for pattern at http://localhost:3000/pods/00000000000000000933/posts/206158430460 http://localhost:3000/pods/00000000000000000933/posts/206158430460
START ITERATOR for pattern at http://localhost:3000/pods/00000000000000000933/posts/206158430460 http://localhost:3000/pods/00000000000000000933/posts/206158430460
START ITERATOR for pattern at http://localhost:3000/pods/00000000000000000933/posts/687194767611 http://localhost:3000/pods/00000000000000000933/posts/687194767611
START ITERATOR for pattern at http://localhost:3000/pods/00000000000000000933/posts/687194767611 http://localhost:3000/pods/00000000000000000933/posts/687194767611
START ITERATOR for pattern at http://localhost:3000/pods/00000000000000000933/posts/687194767610 http://localhost:3000/pods/00000000000000000933/posts/687194767610
START ITERATOR for pattern at http://localhost:3000/pods/00000000000000000933/posts/687194767610 http://localhost:3000/pods/00000000000000000933/posts/687194767610
START ITERATOR for pattern at http://localhost:3000/pods/00000000000000000933/posts/687194767609 http://localhost:3000/pods/00000000000000000933/posts/687194767609
START ITERATOR for pattern at http://localhost:3000/pods/00000000000000000933/posts/687194767609 http://localhost:3000/pods/00000000000000000933/posts/687194767609
START ITERATOR for pattern at http://localhost:3000/pods/00000000000000000933/posts/687194767608 http://localhost:3000/pods/00000000000000000933/posts/687194767608
START ITERATOR for pattern at http://localhost:3000/pods/00000000000000000933/posts/687194767608 http://localhost:3000/pods/00000000000000000933/posts/687194767608
START ITERATOR for pattern at http://localhost:3000/pods/00000000000000000933/posts/687194767607 http://localhost:3000/pods/00000000000000000933/posts/687194767607
START ITERATOR for pattern at http://localhost:3000/pods/00000000000000000933/posts/687194767607 http://localhost:3000/pods/00000000000000000933/posts/687194767607
START ITERATOR for pattern at http://localhost:3000/pods/00000000000000000933/posts/687194767606 http://localhost:3000/pods/00000000000000000933/posts/687194767606
START ITERATOR for pattern at http://localhost:3000/pods/00000000000000000933/posts/687194767606 http://localhost:3000/pods/00000000000000000933/posts/687194767606
START ITERATOR for pattern at http://localhost:3000/pods/00000000000000000933/posts/687194767605 http://localhost:3000/pods/00000000000000000933/posts/687194767605
START ITERATOR for pattern at http://localhost:3000/pods/00000000000000000933/posts/687194767605 http://localhost:3000/pods/00000000000000000933/posts/687194767605
START ITERATOR for pattern at http://localhost:3000/pods/00000000000000000933/posts/687194767604 http://localhost:3000/pods/00000000000000000933/posts/687194767604
START ITERATOR for pattern at http://localhost:3000/pods/00000000000000000933/posts/687194767604 http://localhost:3000/pods/00000000000000000933/posts/687194767604
START ITERATOR for pattern at http://localhost:3000/pods/00000000000000000933/posts/687194767603 http://localhost:3000/pods/00000000000000000933/posts/687194767603
START ITERATOR for pattern at http://localhost:3000/pods/00000000000000000933/posts/687194767603 http://localhost:3000/pods/00000000000000000933/posts/687194767603
START ITERATOR for pattern at http://localhost:3000/pods/00000000000000000933/posts/687194767602 http://localhost:3000/pods/00000000000000000933/posts/687194767602
START ITERATOR for pattern at http://localhost:3000/pods/00000000000000000933/posts/687194767602 http://localhost:3000/pods/00000000000000000933/posts/687194767602
START ITERATOR for pattern at http://localhost:3000/pods/00000000000000000933/posts/687194767601 http://localhost:3000/pods/00000000000000000933/posts/687194767601
START ITERATOR for pattern at http://localhost:3000/pods/00000000000000000933/posts/687194767601 http://localhost:3000/pods/00000000000000000933/posts/687194767601
START ITERATOR for pattern at http://localhost:3000/pods/00000000000000000933/posts/687194767600 http://localhost:3000/pods/00000000000000000933/posts/687194767600
START ITERATOR for pattern at http://localhost:3000/pods/00000000000000000933/posts/687194767600 http://localhost:3000/pods/00000000000000000933/posts/687194767600
START ITERATOR for pattern at http://localhost:3000/pods/00000000000000000933/posts/687194767599 http://localhost:3000/pods/00000000000000000933/posts/687194767599
START ITERATOR for pattern at http://localhost:3000/pods/00000000000000000933/posts/687194767599 http://localhost:3000/pods/00000000000000000933/posts/687194767599
START ITERATOR for pattern at http://localhost:3000/pods/00000000000000000933/posts/687194767598 http://localhost:3000/pods/00000000000000000933/posts/687194767598
START ITERATOR for pattern at http://localhost:3000/pods/00000000000000000933/posts/687194767598 http://localhost:3000/pods/00000000000000000933/posts/687194767598
START ITERATOR for pattern at http://localhost:3000/pods/00000000000000000933/posts/206158430505 http://localhost:3000/pods/00000000000000000933/posts/206158430505
START ITERATOR for pattern at http://localhost:3000/pods/00000000000000000933/posts/206158430505 http://localhost:3000/pods/00000000000000000933/posts/206158430505
START ITERATOR for pattern at http://localhost:3100/ldbc_socialnet/1.0/data/forum00000000687194767380 http://localhost:3100/ldbc_socialnet/1.0/data/forum00000000687194767380
START ITERATOR for pattern at http://localhost:3100/ldbc_socialnet/1.0/data/forum00000000687194767380 http://localhost:3100/ldbc_socialnet/1.0/data/forum00000000687194767380
START ITERATOR for pattern at http://localhost:3000/pods/00000000000000000933/posts/687194767597 http://localhost:3000/pods/00000000000000000933/posts/687194767597
START ITERATOR for pattern at http://localhost:3000/pods/00000000000000000933/posts/687194767597 http://localhost:3000/pods/00000000000000000933/posts/687194767597
START ITERATOR for pattern at http://localhost:3000/pods/00000000000000000933/posts/206158430504 http://localhost:3000/pods/00000000000000000933/posts/206158430504
START ITERATOR for pattern at http://localhost:3000/pods/00000000000000000933/posts/206158430504 http://localhost:3000/pods/00000000000000000933/posts/206158430504
START ITERATOR for pattern at http://localhost:3000/pods/00000000000000000933/posts/206158430503 http://localhost:3000/pods/00000000000000000933/posts/206158430503
START ITERATOR for pattern at http://localhost:3000/pods/00000000000000000933/posts/206158430503 http://localhost:3000/pods/00000000000000000933/posts/206158430503
START ITERATOR for pattern at http://localhost:3000/pods/00000000000000000933/posts/687194767596 http://localhost:3000/pods/00000000000000000933/posts/687194767596
START ITERATOR for pattern at http://localhost:3000/pods/00000000000000000933/posts/687194767596 http://localhost:3000/pods/00000000000000000933/posts/687194767596
START ITERATOR for pattern at http://localhost:3000/pods/00000000000000000933/posts/687194767595 http://localhost:3000/pods/00000000000000000933/posts/687194767595
START ITERATOR for pattern at http://localhost:3000/pods/00000000000000000933/posts/687194767595 http://localhost:3000/pods/00000000000000000933/posts/687194767595
START ITERATOR for pattern at http://localhost:3000/pods/00000000000000000933/posts/687194767594 http://localhost:3000/pods/00000000000000000933/posts/687194767594
START ITERATOR for pattern at http://localhost:3000/pods/00000000000000000933/posts/687194767594 http://localhost:3000/pods/00000000000000000933/posts/687194767594
START ITERATOR for pattern at http://localhost:3000/pods/00000000000000000933/posts/687194767593 http://localhost:3000/pods/00000000000000000933/posts/687194767593
START ITERATOR for pattern at http://localhost:3000/pods/00000000000000000933/posts/687194767593 http://localhost:3000/pods/00000000000000000933/posts/687194767593
START ITERATOR for pattern at http://localhost:3000/pods/00000000000000000933/posts/687194767592 http://localhost:3000/pods/00000000000000000933/posts/687194767592
START ITERATOR for pattern at http://localhost:3000/pods/00000000000000000933/posts/687194767592 http://localhost:3000/pods/00000000000000000933/posts/687194767592
START ITERATOR for pattern at http://localhost:3000/pods/00000000000000000933/posts/687194767591 http://localhost:3000/pods/00000000000000000933/posts/687194767591
START ITERATOR for pattern at http://localhost:3000/pods/00000000000000000933/posts/687194767591 http://localhost:3000/pods/00000000000000000933/posts/687194767591
START ITERATOR for pattern at http://localhost:3000/pods/00000000000000000933/posts/687194767590 http://localhost:3000/pods/00000000000000000933/posts/687194767590
START ITERATOR for pattern at http://localhost:3000/pods/00000000000000000933/posts/687194767590 http://localhost:3000/pods/00000000000000000933/posts/687194767590
START ITERATOR for pattern at http://localhost:3000/pods/00000000000000000933/posts/412316860710 http://localhost:3000/pods/00000000000000000933/posts/412316860710
START ITERATOR for pattern at http://localhost:3000/pods/00000000000000000933/posts/412316860710 http://localhost:3000/pods/00000000000000000933/posts/412316860710
START ITERATOR for pattern at http://localhost:3100/ldbc_socialnet/1.0/data/forum00000000687194767378 http://localhost:3100/ldbc_socialnet/1.0/data/forum00000000687194767378
START ITERATOR for pattern at http://localhost:3100/ldbc_socialnet/1.0/data/forum00000000687194767378 http://localhost:3100/ldbc_socialnet/1.0/data/forum00000000687194767378
START ITERATOR for pattern at http://localhost:3100/ldbc_socialnet/1.0/data/forum00000000412316860441 http://localhost:3100/ldbc_socialnet/1.0/data/forum00000000412316860441
START ITERATOR for pattern at http://localhost:3100/ldbc_socialnet/1.0/data/forum00000000412316860441 http://localhost:3100/ldbc_socialnet/1.0/data/forum00000000412316860441
START ITERATOR for pattern at http://localhost:3000/pods/00000000000000000933/posts/687194767589 http://localhost:3000/pods/00000000000000000933/posts/687194767589
START ITERATOR for pattern at http://localhost:3000/pods/00000000000000000933/posts/687194767589 http://localhost:3000/pods/00000000000000000933/posts/687194767589
START ITERATOR for pattern at http://localhost:3000/pods/00000000000000000933/posts/687194767588 http://localhost:3000/pods/00000000000000000933/posts/687194767588
START ITERATOR for pattern at http://localhost:3000/pods/00000000000000000933/posts/687194767588 http://localhost:3000/pods/00000000000000000933/posts/687194767588
START ITERATOR for pattern at http://localhost:3000/pods/00000000000000000933/posts/687194767587 http://localhost:3000/pods/00000000000000000933/posts/687194767587
START ITERATOR for pattern at http://localhost:3000/pods/00000000000000000933/posts/687194767587 http://localhost:3000/pods/00000000000000000933/posts/687194767587
START ITERATOR for pattern at http://localhost:3000/pods/00000000000000000933/posts/412316860709 http://localhost:3000/pods/00000000000000000933/posts/412316860709
START ITERATOR for pattern at http://localhost:3000/pods/00000000000000000933/posts/412316860709 http://localhost:3000/pods/00000000000000000933/posts/412316860709
START ITERATOR for pattern at http://localhost:3000/pods/00000000000000000933/posts/412316860708 http://localhost:3000/pods/00000000000000000933/posts/412316860708
START ITERATOR for pattern at http://localhost:3000/pods/00000000000000000933/posts/412316860708 http://localhost:3000/pods/00000000000000000933/posts/412316860708
START ITERATOR for pattern at http://localhost:3000/pods/00000000000000000933/posts/687194767586 http://localhost:3000/pods/00000000000000000933/posts/687194767586
START ITERATOR for pattern at http://localhost:3000/pods/00000000000000000933/posts/687194767586 http://localhost:3000/pods/00000000000000000933/posts/687194767586
START ITERATOR for pattern at http://localhost:3000/pods/00000000000000000933/posts/687194767585 http://localhost:3000/pods/00000000000000000933/posts/687194767585
START ITERATOR for pattern at http://localhost:3000/pods/00000000000000000933/posts/687194767585 http://localhost:3000/pods/00000000000000000933/posts/687194767585
START ITERATOR for pattern at http://localhost:3000/pods/00000000000000000933/posts/687194767584 http://localhost:3000/pods/00000000000000000933/posts/687194767584
START ITERATOR for pattern at http://localhost:3000/pods/00000000000000000933/posts/687194767584 http://localhost:3000/pods/00000000000000000933/posts/687194767584
START ITERATOR for pattern at http://localhost:3000/pods/00000000000000000933/posts/687194767583 http://localhost:3000/pods/00000000000000000933/posts/687194767583
START ITERATOR for pattern at http://localhost:3000/pods/00000000000000000933/posts/687194767583 http://localhost:3000/pods/00000000000000000933/posts/687194767583
START ITERATOR for pattern at http://localhost:3000/pods/00000000000000000933/posts/412316860707 http://localhost:3000/pods/00000000000000000933/posts/412316860707
START ITERATOR for pattern at http://localhost:3000/pods/00000000000000000933/posts/412316860707 http://localhost:3000/pods/00000000000000000933/posts/412316860707
START ITERATOR for pattern at http://localhost:3000/pods/00000000000000000933/posts/687194767582 http://localhost:3000/pods/00000000000000000933/posts/687194767582
START ITERATOR for pattern at http://localhost:3000/pods/00000000000000000933/posts/687194767582 http://localhost:3000/pods/00000000000000000933/posts/687194767582
START ITERATOR for pattern at http://localhost:3000/pods/00000000000000000933/posts/687194767581 http://localhost:3000/pods/00000000000000000933/posts/687194767581
START ITERATOR for pattern at http://localhost:3000/pods/00000000000000000933/posts/687194767581 http://localhost:3000/pods/00000000000000000933/posts/687194767581
START ITERATOR for pattern at http://localhost:3000/pods/00000000000000000933/posts/687194767580 http://localhost:3000/pods/00000000000000000933/posts/687194767580
START ITERATOR for pattern at http://localhost:3000/pods/00000000000000000933/posts/687194767580 http://localhost:3000/pods/00000000000000000933/posts/687194767580
START ITERATOR for pattern at http://localhost:3000/pods/00000000000000000933/posts/687194767579 http://localhost:3000/pods/00000000000000000933/posts/687194767579
START ITERATOR for pattern at http://localhost:3000/pods/00000000000000000933/posts/687194767579 http://localhost:3000/pods/00000000000000000933/posts/687194767579
START ITERATOR for pattern at http://localhost:3000/pods/00000000000000000933/posts/687194767578 http://localhost:3000/pods/00000000000000000933/posts/687194767578
START ITERATOR for pattern at http://localhost:3000/pods/00000000000000000933/posts/687194767578 http://localhost:3000/pods/00000000000000000933/posts/687194767578
START ITERATOR for pattern at http://localhost:3000/pods/00000000000000000933/posts/412316860633 http://localhost:3000/pods/00000000000000000933/posts/412316860633
START ITERATOR for pattern at http://localhost:3000/pods/00000000000000000933/posts/412316860633 http://localhost:3000/pods/00000000000000000933/posts/412316860633
START ITERATOR for pattern at http://localhost:3000/pods/00000000000000000933/posts/412316860632 http://localhost:3000/pods/00000000000000000933/posts/412316860632
START ITERATOR for pattern at http://localhost:3000/pods/00000000000000000933/posts/412316860632 http://localhost:3000/pods/00000000000000000933/posts/412316860632
START ITERATOR for pattern at http://localhost:3000/pods/00000000000000000933/posts/412316860631 http://localhost:3000/pods/00000000000000000933/posts/412316860631
START ITERATOR for pattern at http://localhost:3000/pods/00000000000000000933/posts/412316860631 http://localhost:3000/pods/00000000000000000933/posts/412316860631
START ITERATOR for pattern at http://localhost:3000/pods/00000000000000000933/posts/412316860630 http://localhost:3000/pods/00000000000000000933/posts/412316860630
START ITERATOR for pattern at http://localhost:3000/pods/00000000000000000933/posts/412316860630 http://localhost:3000/pods/00000000000000000933/posts/412316860630
START ITERATOR for pattern at http://localhost:3000/pods/00000000000000000933/posts/412316860629 http://localhost:3000/pods/00000000000000000933/posts/412316860629
START ITERATOR for pattern at http://localhost:3000/pods/00000000000000000933/posts/412316860629 http://localhost:3000/pods/00000000000000000933/posts/412316860629
START ITERATOR for pattern at http://localhost:3000/pods/00000000000000000933/posts/412316860628 http://localhost:3000/pods/00000000000000000933/posts/412316860628
START ITERATOR for pattern at http://localhost:3000/pods/00000000000000000933/posts/412316860628 http://localhost:3000/pods/00000000000000000933/posts/412316860628
START ITERATOR for pattern at http://localhost:3000/pods/00000000000000000933/posts/412316860627 http://localhost:3000/pods/00000000000000000933/posts/412316860627
START ITERATOR for pattern at http://localhost:3000/pods/00000000000000000933/posts/412316860627 http://localhost:3000/pods/00000000000000000933/posts/412316860627
START ITERATOR for pattern at http://localhost:3000/pods/00000000000000000933/posts/412316860626 http://localhost:3000/pods/00000000000000000933/posts/412316860626
START ITERATOR for pattern at http://localhost:3000/pods/00000000000000000933/posts/412316860626 http://localhost:3000/pods/00000000000000000933/posts/412316860626
START ITERATOR for pattern at http://localhost:3000/pods/00000000000000000933/posts/481036337361 http://localhost:3000/pods/00000000000000000933/posts/481036337361
START ITERATOR for pattern at http://localhost:3000/pods/00000000000000000933/posts/481036337361 http://localhost:3000/pods/00000000000000000933/posts/481036337361
START ITERATOR for pattern at http://localhost:3000/pods/00000000000000000933/posts/481036337360 http://localhost:3000/pods/00000000000000000933/posts/481036337360
START ITERATOR for pattern at http://localhost:3000/pods/00000000000000000933/posts/481036337360 http://localhost:3000/pods/00000000000000000933/posts/481036337360
START ITERATOR for pattern at http://localhost:3000/pods/00000000000000000933/posts/481036337359 http://localhost:3000/pods/00000000000000000933/posts/481036337359
START ITERATOR for pattern at http://localhost:3000/pods/00000000000000000933/posts/481036337359 http://localhost:3000/pods/00000000000000000933/posts/481036337359
START ITERATOR for pattern at http://localhost:3000/pods/00000000000000000933/posts/481036337358 http://localhost:3000/pods/00000000000000000933/posts/481036337358
START ITERATOR for pattern at http://localhost:3000/pods/00000000000000000933/posts/481036337358 http://localhost:3000/pods/00000000000000000933/posts/481036337358
START ITERATOR for pattern at http://localhost:3000/pods/00000000000000000933/posts/412316860706 http://localhost:3000/pods/00000000000000000933/posts/412316860706
START ITERATOR for pattern at http://localhost:3000/pods/00000000000000000933/posts/412316860706 http://localhost:3000/pods/00000000000000000933/posts/412316860706
START ITERATOR for pattern at http://localhost:3100/ldbc_socialnet/1.0/data/forum00000000412316860433 http://localhost:3100/ldbc_socialnet/1.0/data/forum00000000412316860433
START ITERATOR for pattern at http://localhost:3100/ldbc_socialnet/1.0/data/forum00000000412316860433 http://localhost:3100/ldbc_socialnet/1.0/data/forum00000000412316860433
START ITERATOR for pattern at http://localhost:3100/ldbc_socialnet/1.0/data/forum00000000481036337168 http://localhost:3100/ldbc_socialnet/1.0/data/forum00000000481036337168
START ITERATOR for pattern at http://localhost:3100/ldbc_socialnet/1.0/data/forum00000000481036337168 http://localhost:3100/ldbc_socialnet/1.0/data/forum00000000481036337168
START ITERATOR for pattern at http://localhost:3000/pods/00000000000000000933/posts/481036337357 http://localhost:3000/pods/00000000000000000933/posts/481036337357
START ITERATOR for pattern at http://localhost:3000/pods/00000000000000000933/posts/481036337357 http://localhost:3000/pods/00000000000000000933/posts/481036337357
START ITERATOR for pattern at http://localhost:3000/pods/00000000000000000933/posts/481036337356 http://localhost:3000/pods/00000000000000000933/posts/481036337356
START ITERATOR for pattern at http://localhost:3000/pods/00000000000000000933/posts/481036337356 http://localhost:3000/pods/00000000000000000933/posts/481036337356
START ITERATOR for pattern at http://localhost:3000/pods/00000000000000000933/posts/824633721121 http://localhost:3000/pods/00000000000000000933/posts/824633721121
START ITERATOR for pattern at http://localhost:3000/pods/00000000000000000933/posts/824633721121 http://localhost:3000/pods/00000000000000000933/posts/824633721121
START ITERATOR for pattern at http://localhost:3000/pods/00000000000000000933/posts/481036337355 http://localhost:3000/pods/00000000000000000933/posts/481036337355
START ITERATOR for pattern at http://localhost:3000/pods/00000000000000000933/posts/481036337355 http://localhost:3000/pods/00000000000000000933/posts/481036337355
START ITERATOR for pattern at http://localhost:3000/pods/00000000000000000933/posts/824633721120 http://localhost:3000/pods/00000000000000000933/posts/824633721120
START ITERATOR for pattern at http://localhost:3000/pods/00000000000000000933/posts/824633721120 http://localhost:3000/pods/00000000000000000933/posts/824633721120
START ITERATOR for pattern at http://localhost:3100/ldbc_socialnet/1.0/data/forum00000000824633720856 http://localhost:3100/ldbc_socialnet/1.0/data/forum00000000824633720856
START ITERATOR for pattern at http://localhost:3100/ldbc_socialnet/1.0/data/forum00000000824633720856 http://localhost:3100/ldbc_socialnet/1.0/data/forum00000000824633720856
START ITERATOR for pattern at http://localhost:3000/pods/00000000000000000933/posts/481036337354 http://localhost:3000/pods/00000000000000000933/posts/481036337354
START ITERATOR for pattern at http://localhost:3000/pods/00000000000000000933/posts/481036337354 http://localhost:3000/pods/00000000000000000933/posts/481036337354
START ITERATOR for pattern at http://localhost:3000/pods/00000000000000000933/posts/481036337353 http://localhost:3000/pods/00000000000000000933/posts/481036337353
START ITERATOR for pattern at http://localhost:3000/pods/00000000000000000933/posts/481036337353 http://localhost:3000/pods/00000000000000000933/posts/481036337353
START ITERATOR for pattern at http://localhost:3000/pods/00000000000000000933/posts/481036337352 http://localhost:3000/pods/00000000000000000933/posts/481036337352
START ITERATOR for pattern at http://localhost:3000/pods/00000000000000000933/posts/481036337352 http://localhost:3000/pods/00000000000000000933/posts/481036337352
START ITERATOR for pattern at http://localhost:3000/pods/00000000000000000933/posts/481036337351 http://localhost:3000/pods/00000000000000000933/posts/481036337351
START ITERATOR for pattern at http://localhost:3000/pods/00000000000000000933/posts/481036337351 http://localhost:3000/pods/00000000000000000933/posts/481036337351
START ITERATOR for pattern at http://localhost:3000/pods/00000000000000000933/posts/481036337350 http://localhost:3000/pods/00000000000000000933/posts/481036337350
START ITERATOR for pattern at http://localhost:3000/pods/00000000000000000933/posts/481036337350 http://localhost:3000/pods/00000000000000000933/posts/481036337350
START ITERATOR for pattern at http://localhost:3000/pods/00000000000000000933/posts/481036337349 http://localhost:3000/pods/00000000000000000933/posts/481036337349
START ITERATOR for pattern at http://localhost:3000/pods/00000000000000000933/posts/481036337349 http://localhost:3000/pods/00000000000000000933/posts/481036337349
START ITERATOR for pattern at http://localhost:3000/pods/00000000000000000933/posts/481036337348 http://localhost:3000/pods/00000000000000000933/posts/481036337348
START ITERATOR for pattern at http://localhost:3000/pods/00000000000000000933/posts/481036337348 http://localhost:3000/pods/00000000000000000933/posts/481036337348
START ITERATOR for pattern at http://localhost:3000/pods/00000000000000000933/posts/481036337347 http://localhost:3000/pods/00000000000000000933/posts/481036337347
START ITERATOR for pattern at http://localhost:3000/pods/00000000000000000933/posts/481036337347 http://localhost:3000/pods/00000000000000000933/posts/481036337347
START ITERATOR for pattern at http://localhost:3000/pods/00000000000000000933/posts/824633721119 http://localhost:3000/pods/00000000000000000933/posts/824633721119
START ITERATOR for pattern at http://localhost:3000/pods/00000000000000000933/posts/824633721119 http://localhost:3000/pods/00000000000000000933/posts/824633721119
START ITERATOR for pattern at http://localhost:3000/pods/00000000000000000933/posts/481036337346 http://localhost:3000/pods/00000000000000000933/posts/481036337346
START ITERATOR for pattern at http://localhost:3000/pods/00000000000000000933/posts/481036337346 http://localhost:3000/pods/00000000000000000933/posts/481036337346
START ITERATOR for pattern at http://localhost:3000/pods/00000000000000000933/posts/206158430401 http://localhost:3000/pods/00000000000000000933/posts/206158430401
START ITERATOR for pattern at http://localhost:3000/pods/00000000000000000933/posts/206158430401 http://localhost:3000/pods/00000000000000000933/posts/206158430401
START ITERATOR for pattern at http://localhost:3000/pods/00000000000000000933/posts/206158430400 http://localhost:3000/pods/00000000000000000933/posts/206158430400
START ITERATOR for pattern at http://localhost:3000/pods/00000000000000000933/posts/206158430400 http://localhost:3000/pods/00000000000000000933/posts/206158430400
START ITERATOR for pattern at http://localhost:3000/pods/00000000000000000933/posts/206158430399 http://localhost:3000/pods/00000000000000000933/posts/206158430399
START ITERATOR for pattern at http://localhost:3000/pods/00000000000000000933/posts/206158430399 http://localhost:3000/pods/00000000000000000933/posts/206158430399
START ITERATOR for pattern at http://localhost:3000/pods/00000000000000000933/posts/824633721118 http://localhost:3000/pods/00000000000000000933/posts/824633721118
START ITERATOR for pattern at http://localhost:3000/pods/00000000000000000933/posts/824633721118 http://localhost:3000/pods/00000000000000000933/posts/824633721118
START ITERATOR for pattern at http://localhost:3100/ldbc_socialnet/1.0/data/forum00000000206158430223 http://localhost:3100/ldbc_socialnet/1.0/data/forum00000000206158430223
START ITERATOR for pattern at http://localhost:3100/ldbc_socialnet/1.0/data/forum00000000206158430223 http://localhost:3100/ldbc_socialnet/1.0/data/forum00000000206158430223
START ITERATOR for pattern at http://localhost:3000/pods/00000000000000000933/posts/206158430398 http://localhost:3000/pods/00000000000000000933/posts/206158430398
START ITERATOR for pattern at http://localhost:3000/pods/00000000000000000933/posts/206158430398 http://localhost:3000/pods/00000000000000000933/posts/206158430398
START ITERATOR for pattern at http://localhost:3000/pods/00000000000000000933/posts/824633721117 http://localhost:3000/pods/00000000000000000933/posts/824633721117
START ITERATOR for pattern at http://localhost:3000/pods/00000000000000000933/posts/824633721117 http://localhost:3000/pods/00000000000000000933/posts/824633721117
START ITERATOR for pattern at http://localhost:3000/pods/00000000000000000933/posts/206158430397 http://localhost:3000/pods/00000000000000000933/posts/206158430397
START ITERATOR for pattern at http://localhost:3000/pods/00000000000000000933/posts/206158430397 http://localhost:3000/pods/00000000000000000933/posts/206158430397
START ITERATOR for pattern at http://localhost:3000/pods/00000000000000000933/posts/206158430396 http://localhost:3000/pods/00000000000000000933/posts/206158430396
START ITERATOR for pattern at http://localhost:3000/pods/00000000000000000933/posts/206158430396 http://localhost:3000/pods/00000000000000000933/posts/206158430396
START ITERATOR for pattern at http://localhost:3000/pods/00000000000000000933/posts/206158430395 http://localhost:3000/pods/00000000000000000933/posts/206158430395
START ITERATOR for pattern at http://localhost:3000/pods/00000000000000000933/posts/206158430395 http://localhost:3000/pods/00000000000000000933/posts/206158430395
START ITERATOR for pattern at http://localhost:3000/pods/00000000000000000933/posts/206158430394 http://localhost:3000/pods/00000000000000000933/posts/206158430394
START ITERATOR for pattern at http://localhost:3000/pods/00000000000000000933/posts/206158430394 http://localhost:3000/pods/00000000000000000933/posts/206158430394
START ITERATOR for pattern at http://localhost:3000/pods/00000000000000000933/posts/206158430393 http://localhost:3000/pods/00000000000000000933/posts/206158430393
START ITERATOR for pattern at http://localhost:3000/pods/00000000000000000933/posts/206158430393 http://localhost:3000/pods/00000000000000000933/posts/206158430393
START ITERATOR for pattern at http://localhost:3000/pods/00000000000000000933/posts/824633721116 http://localhost:3000/pods/00000000000000000933/posts/824633721116
START ITERATOR for pattern at http://localhost:3000/pods/00000000000000000933/posts/824633721116 http://localhost:3000/pods/00000000000000000933/posts/824633721116
START ITERATOR for pattern at http://localhost:3000/pods/00000000000000000933/posts/206158430387 http://localhost:3000/pods/00000000000000000933/posts/206158430387
START ITERATOR for pattern at http://localhost:3000/pods/00000000000000000933/posts/206158430387 http://localhost:3000/pods/00000000000000000933/posts/206158430387
START ITERATOR for pattern at http://localhost:3000/pods/00000000000000000933/posts/206158430386 http://localhost:3000/pods/00000000000000000933/posts/206158430386
START ITERATOR for pattern at http://localhost:3000/pods/00000000000000000933/posts/206158430386 http://localhost:3000/pods/00000000000000000933/posts/206158430386
START ITERATOR for pattern at http://localhost:3000/pods/00000000000000000933/posts/206158430385 http://localhost:3000/pods/00000000000000000933/posts/206158430385
START ITERATOR for pattern at http://localhost:3000/pods/00000000000000000933/posts/206158430385 http://localhost:3000/pods/00000000000000000933/posts/206158430385
START ITERATOR for pattern at http://localhost:3000/pods/00000000000000000933/posts/206158430392 http://localhost:3000/pods/00000000000000000933/posts/206158430392
START ITERATOR for pattern at http://localhost:3000/pods/00000000000000000933/posts/206158430392 http://localhost:3000/pods/00000000000000000933/posts/206158430392
START ITERATOR for pattern at http://localhost:3000/pods/00000000000000000933/posts/206158430391 http://localhost:3000/pods/00000000000000000933/posts/206158430391
START ITERATOR for pattern at http://localhost:3000/pods/00000000000000000933/posts/206158430391 http://localhost:3000/pods/00000000000000000933/posts/206158430391
START ITERATOR for pattern at http://localhost:3000/pods/00000000000000000933/posts/206158430390 http://localhost:3000/pods/00000000000000000933/posts/206158430390
START ITERATOR for pattern at http://localhost:3000/pods/00000000000000000933/posts/206158430390 http://localhost:3000/pods/00000000000000000933/posts/206158430390
START ITERATOR for pattern at http://localhost:3000/pods/00000000000000000933/posts/206158430389 http://localhost:3000/pods/00000000000000000933/posts/206158430389
START ITERATOR for pattern at http://localhost:3000/pods/00000000000000000933/posts/206158430389 http://localhost:3000/pods/00000000000000000933/posts/206158430389
START ITERATOR for pattern at http://localhost:3000/pods/00000000000000000933/posts/206158430388 http://localhost:3000/pods/00000000000000000933/posts/206158430388
START ITERATOR for pattern at http://localhost:3000/pods/00000000000000000933/posts/206158430388 http://localhost:3000/pods/00000000000000000933/posts/206158430388
START ITERATOR for pattern at http://localhost:3000/pods/00000000000000000933/posts/206158430384 http://localhost:3000/pods/00000000000000000933/posts/206158430384
START ITERATOR for pattern at http://localhost:3000/pods/00000000000000000933/posts/206158430384 http://localhost:3000/pods/00000000000000000933/posts/206158430384
START ITERATOR for pattern at http://localhost:3000/pods/00000000000000000933/posts/206158430383 http://localhost:3000/pods/00000000000000000933/posts/206158430383
START ITERATOR for pattern at http://localhost:3000/pods/00000000000000000933/posts/206158430383 http://localhost:3000/pods/00000000000000000933/posts/206158430383
START ITERATOR for pattern at http://localhost:3000/pods/00000000000000000933/posts/137438953646 http://localhost:3000/pods/00000000000000000933/posts/137438953646
START ITERATOR for pattern at http://localhost:3000/pods/00000000000000000933/posts/137438953646 http://localhost:3000/pods/00000000000000000933/posts/137438953646
START ITERATOR for pattern at http://localhost:3000/pods/00000000000000000933/posts/137438953645 http://localhost:3000/pods/00000000000000000933/posts/137438953645
START ITERATOR for pattern at http://localhost:3000/pods/00000000000000000933/posts/137438953645 http://localhost:3000/pods/00000000000000000933/posts/137438953645
START ITERATOR for pattern at http://localhost:3000/pods/00000000000000000933/posts/137438953644 http://localhost:3000/pods/00000000000000000933/posts/137438953644
START ITERATOR for pattern at http://localhost:3000/pods/00000000000000000933/posts/137438953644 http://localhost:3000/pods/00000000000000000933/posts/137438953644
START ITERATOR for pattern at http://localhost:3000/pods/00000000000000000933/posts/137438953643 http://localhost:3000/pods/00000000000000000933/posts/137438953643
START ITERATOR for pattern at http://localhost:3000/pods/00000000000000000933/posts/137438953643 http://localhost:3000/pods/00000000000000000933/posts/137438953643
START ITERATOR for pattern at http://localhost:3000/pods/00000000000000000933/posts/137438953642 http://localhost:3000/pods/00000000000000000933/posts/137438953642
START ITERATOR for pattern at http://localhost:3000/pods/00000000000000000933/posts/137438953642 http://localhost:3000/pods/00000000000000000933/posts/137438953642
START ITERATOR for pattern at http://localhost:3000/pods/00000000000000000933/posts/137438953641 http://localhost:3000/pods/00000000000000000933/posts/137438953641
START ITERATOR for pattern at http://localhost:3000/pods/00000000000000000933/posts/137438953641 http://localhost:3000/pods/00000000000000000933/posts/137438953641
START ITERATOR for pattern at http://localhost:3000/pods/00000000000000000933/posts/137438953640 http://localhost:3000/pods/00000000000000000933/posts/137438953640
START ITERATOR for pattern at http://localhost:3000/pods/00000000000000000933/posts/137438953640 http://localhost:3000/pods/00000000000000000933/posts/137438953640
START ITERATOR for pattern at http://localhost:3000/pods/00000000000000000933/posts/137438953639 http://localhost:3000/pods/00000000000000000933/posts/137438953639
START ITERATOR for pattern at http://localhost:3000/pods/00000000000000000933/posts/137438953639 http://localhost:3000/pods/00000000000000000933/posts/137438953639
START ITERATOR for pattern at http://localhost:3000/pods/00000000000000000933/posts/824633721115 http://localhost:3000/pods/00000000000000000933/posts/824633721115
START ITERATOR for pattern at http://localhost:3000/pods/00000000000000000933/posts/824633721115 http://localhost:3000/pods/00000000000000000933/posts/824633721115
START ITERATOR for pattern at http://localhost:3100/ldbc_socialnet/1.0/data/forum00000000137438953486 http://localhost:3100/ldbc_socialnet/1.0/data/forum00000000137438953486
START ITERATOR for pattern at http://localhost:3100/ldbc_socialnet/1.0/data/forum00000000137438953486 http://localhost:3100/ldbc_socialnet/1.0/data/forum00000000137438953486
START ITERATOR for pattern at http://localhost:3000/pods/00000000000000000933/posts/137438953638 http://localhost:3000/pods/00000000000000000933/posts/137438953638
START ITERATOR for pattern at http://localhost:3000/pods/00000000000000000933/posts/137438953638 http://localhost:3000/pods/00000000000000000933/posts/137438953638
START ITERATOR for pattern at http://localhost:3000/pods/00000000000000000933/posts/137438953637 http://localhost:3000/pods/00000000000000000933/posts/137438953637
START ITERATOR for pattern at http://localhost:3000/pods/00000000000000000933/posts/137438953637 http://localhost:3000/pods/00000000000000000933/posts/137438953637
START ITERATOR for pattern at http://localhost:3000/pods/00000000000000000933/posts/137438953636 http://localhost:3000/pods/00000000000000000933/posts/137438953636
START ITERATOR for pattern at http://localhost:3000/pods/00000000000000000933/posts/137438953636 http://localhost:3000/pods/00000000000000000933/posts/137438953636
START ITERATOR for pattern at http://localhost:3000/pods/00000000000000000933/posts/824633721114 http://localhost:3000/pods/00000000000000000933/posts/824633721114
START ITERATOR for pattern at http://localhost:3000/pods/00000000000000000933/posts/824633721114 http://localhost:3000/pods/00000000000000000933/posts/824633721114
START ITERATOR for pattern at http://localhost:3000/pods/00000000000000000933/posts/137438953635 http://localhost:3000/pods/00000000000000000933/posts/137438953635
START ITERATOR for pattern at http://localhost:3000/pods/00000000000000000933/posts/137438953635 http://localhost:3000/pods/00000000000000000933/posts/137438953635
START ITERATOR for pattern at http://localhost:3000/pods/00000000000000000933/posts/137438953634 http://localhost:3000/pods/00000000000000000933/posts/137438953634
START ITERATOR for pattern at http://localhost:3000/pods/00000000000000000933/posts/137438953634 http://localhost:3000/pods/00000000000000000933/posts/137438953634
START ITERATOR for pattern at http://localhost:3000/pods/00000000000000000933/posts/824633721113 http://localhost:3000/pods/00000000000000000933/posts/824633721113
START ITERATOR for pattern at http://localhost:3000/pods/00000000000000000933/posts/824633721113 http://localhost:3000/pods/00000000000000000933/posts/824633721113
START ITERATOR for pattern at http://localhost:3000/pods/00000000000000000933/posts/137438953633 http://localhost:3000/pods/00000000000000000933/posts/137438953633
START ITERATOR for pattern at http://localhost:3000/pods/00000000000000000933/posts/137438953633 http://localhost:3000/pods/00000000000000000933/posts/137438953633
START ITERATOR for pattern at http://localhost:3000/pods/00000000000000000933/posts/137438953632 http://localhost:3000/pods/00000000000000000933/posts/137438953632
START ITERATOR for pattern at http://localhost:3000/pods/00000000000000000933/posts/137438953632 http://localhost:3000/pods/00000000000000000933/posts/137438953632
START ITERATOR for pattern at http://localhost:3000/pods/00000000000000000933/posts/137438953631 http://localhost:3000/pods/00000000000000000933/posts/137438953631
START ITERATOR for pattern at http://localhost:3000/pods/00000000000000000933/posts/137438953631 http://localhost:3000/pods/00000000000000000933/posts/137438953631
START ITERATOR for pattern at http://localhost:3000/pods/00000000000000000933/posts/137438953630 http://localhost:3000/pods/00000000000000000933/posts/137438953630
START ITERATOR for pattern at http://localhost:3000/pods/00000000000000000933/posts/137438953630 http://localhost:3000/pods/00000000000000000933/posts/137438953630
START ITERATOR for pattern at http://localhost:3000/pods/00000000000000000933/posts/137438953629 http://localhost:3000/pods/00000000000000000933/posts/137438953629
START ITERATOR for pattern at http://localhost:3000/pods/00000000000000000933/posts/137438953629 http://localhost:3000/pods/00000000000000000933/posts/137438953629
START ITERATOR for pattern at http://localhost:3000/pods/00000000000000000933/posts/137438953628 http://localhost:3000/pods/00000000000000000933/posts/137438953628
START ITERATOR for pattern at http://localhost:3000/pods/00000000000000000933/posts/137438953628 http://localhost:3000/pods/00000000000000000933/posts/137438953628
START ITERATOR for pattern at http://localhost:3000/pods/00000000000000000933/posts/137438953627 http://localhost:3000/pods/00000000000000000933/posts/137438953627
START ITERATOR for pattern at http://localhost:3000/pods/00000000000000000933/posts/137438953627 http://localhost:3000/pods/00000000000000000933/posts/137438953627
START ITERATOR for pattern at http://localhost:3000/pods/00000000000000000933/posts/343597383834 http://localhost:3000/pods/00000000000000000933/posts/343597383834
START ITERATOR for pattern at http://localhost:3000/pods/00000000000000000933/posts/343597383834 http://localhost:3000/pods/00000000000000000933/posts/343597383834
START ITERATOR for pattern at http://localhost:3000/pods/00000000000000000933/posts/343597383833 http://localhost:3000/pods/00000000000000000933/posts/343597383833
START ITERATOR for pattern at http://localhost:3000/pods/00000000000000000933/posts/343597383833 http://localhost:3000/pods/00000000000000000933/posts/343597383833
START ITERATOR for pattern at http://localhost:3000/pods/00000000000000000933/posts/206158430488 http://localhost:3000/pods/00000000000000000933/posts/206158430488
START ITERATOR for pattern at http://localhost:3000/pods/00000000000000000933/posts/206158430488 http://localhost:3000/pods/00000000000000000933/posts/206158430488
START ITERATOR for pattern at http://localhost:3100/ldbc_socialnet/1.0/data/forum00000000343597383692 http://localhost:3100/ldbc_socialnet/1.0/data/forum00000000343597383692
START ITERATOR for pattern at http://localhost:3100/ldbc_socialnet/1.0/data/forum00000000343597383692 http://localhost:3100/ldbc_socialnet/1.0/data/forum00000000343597383692
START ITERATOR for pattern at http://localhost:3000/pods/00000000000000000933/posts/343597383832 http://localhost:3000/pods/00000000000000000933/posts/343597383832
START ITERATOR for pattern at http://localhost:3000/pods/00000000000000000933/posts/343597383832 http://localhost:3000/pods/00000000000000000933/posts/343597383832
START ITERATOR for pattern at http://localhost:3000/pods/00000000000000000933/posts/343597383831 http://localhost:3000/pods/00000000000000000933/posts/343597383831
START ITERATOR for pattern at http://localhost:3000/pods/00000000000000000933/posts/343597383831 http://localhost:3000/pods/00000000000000000933/posts/343597383831
START ITERATOR for pattern at http://localhost:3000/pods/00000000000000000933/posts/343597383830 http://localhost:3000/pods/00000000000000000933/posts/343597383830
START ITERATOR for pattern at http://localhost:3000/pods/00000000000000000933/posts/343597383830 http://localhost:3000/pods/00000000000000000933/posts/343597383830
START ITERATOR for pattern at http://localhost:3000/pods/00000000000000000933/posts/343597383829 http://localhost:3000/pods/00000000000000000933/posts/343597383829
START ITERATOR for pattern at http://localhost:3000/pods/00000000000000000933/posts/343597383829 http://localhost:3000/pods/00000000000000000933/posts/343597383829
START ITERATOR for pattern at http://localhost:3000/pods/00000000000000000933/posts/343597383828 http://localhost:3000/pods/00000000000000000933/posts/343597383828
START ITERATOR for pattern at http://localhost:3000/pods/00000000000000000933/posts/343597383828 http://localhost:3000/pods/00000000000000000933/posts/343597383828
START ITERATOR for pattern at http://localhost:3000/pods/00000000000000000933/posts/206158430487 http://localhost:3000/pods/00000000000000000933/posts/206158430487
START ITERATOR for pattern at http://localhost:3000/pods/00000000000000000933/posts/206158430487 http://localhost:3000/pods/00000000000000000933/posts/206158430487
START ITERATOR for pattern at http://localhost:3000/pods/00000000000000000933/posts/343597383827 http://localhost:3000/pods/00000000000000000933/posts/343597383827
START ITERATOR for pattern at http://localhost:3000/pods/00000000000000000933/posts/343597383827 http://localhost:3000/pods/00000000000000000933/posts/343597383827
START ITERATOR for pattern at http://localhost:3000/pods/00000000000000000933/posts/343597383826 http://localhost:3000/pods/00000000000000000933/posts/343597383826
START ITERATOR for pattern at http://localhost:3000/pods/00000000000000000933/posts/343597383826 http://localhost:3000/pods/00000000000000000933/posts/343597383826
START ITERATOR for pattern at http://localhost:3000/pods/00000000000000000933/posts/206158430486 http://localhost:3000/pods/00000000000000000933/posts/206158430486
START ITERATOR for pattern at http://localhost:3000/pods/00000000000000000933/posts/206158430486 http://localhost:3000/pods/00000000000000000933/posts/206158430486
START ITERATOR for pattern at http://localhost:3000/pods/00000000000000000933/posts/343597383825 http://localhost:3000/pods/00000000000000000933/posts/343597383825
START ITERATOR for pattern at http://localhost:3000/pods/00000000000000000933/posts/343597383825 http://localhost:3000/pods/00000000000000000933/posts/343597383825
START ITERATOR for pattern at http://localhost:3000/pods/00000000000000000933/posts/343597383824 http://localhost:3000/pods/00000000000000000933/posts/343597383824
START ITERATOR for pattern at http://localhost:3000/pods/00000000000000000933/posts/343597383824 http://localhost:3000/pods/00000000000000000933/posts/343597383824
START ITERATOR for pattern at http://localhost:3000/pods/00000000000000000933/posts/343597383823 http://localhost:3000/pods/00000000000000000933/posts/343597383823
START ITERATOR for pattern at http://localhost:3000/pods/00000000000000000933/posts/343597383823 http://localhost:3000/pods/00000000000000000933/posts/343597383823
START ITERATOR for pattern at http://localhost:3000/pods/00000000000000000933/posts/343597383822 http://localhost:3000/pods/00000000000000000933/posts/343597383822
START ITERATOR for pattern at http://localhost:3000/pods/00000000000000000933/posts/343597383822 http://localhost:3000/pods/00000000000000000933/posts/343597383822
START ITERATOR for pattern at http://localhost:3000/pods/00000000000000000933/posts/343597383821 http://localhost:3000/pods/00000000000000000933/posts/343597383821
START ITERATOR for pattern at http://localhost:3000/pods/00000000000000000933/posts/343597383821 http://localhost:3000/pods/00000000000000000933/posts/343597383821
START ITERATOR for pattern at http://localhost:3000/pods/00000000000000000933/posts/343597383820 http://localhost:3000/pods/00000000000000000933/posts/343597383820
START ITERATOR for pattern at http://localhost:3000/pods/00000000000000000933/posts/343597383820 http://localhost:3000/pods/00000000000000000933/posts/343597383820
START ITERATOR for pattern at http://localhost:3000/pods/00000000000000000933/posts/206158430485 http://localhost:3000/pods/00000000000000000933/posts/206158430485
START ITERATOR for pattern at http://localhost:3000/pods/00000000000000000933/posts/206158430485 http://localhost:3000/pods/00000000000000000933/posts/206158430485
START ITERATOR for pattern at http://localhost:3000/pods/00000000000000000933/posts/343597383819 http://localhost:3000/pods/00000000000000000933/posts/343597383819
START ITERATOR for pattern at http://localhost:3000/pods/00000000000000000933/posts/343597383819 http://localhost:3000/pods/00000000000000000933/posts/343597383819
START ITERATOR for pattern at http://localhost:3000/pods/00000000000000000933/posts/206158430346 http://localhost:3000/pods/00000000000000000933/posts/206158430346
START ITERATOR for pattern at http://localhost:3000/pods/00000000000000000933/posts/206158430346 http://localhost:3000/pods/00000000000000000933/posts/206158430346
START ITERATOR for pattern at http://localhost:3000/pods/00000000000000000933/posts/206158430345 http://localhost:3000/pods/00000000000000000933/posts/206158430345
START ITERATOR for pattern at http://localhost:3000/pods/00000000000000000933/posts/206158430345 http://localhost:3000/pods/00000000000000000933/posts/206158430345
START ITERATOR for pattern at http://localhost:3000/pods/00000000000000000933/posts/206158430344 http://localhost:3000/pods/00000000000000000933/posts/206158430344
START ITERATOR for pattern at http://localhost:3000/pods/00000000000000000933/posts/206158430344 http://localhost:3000/pods/00000000000000000933/posts/206158430344
START ITERATOR for pattern at http://localhost:3000/pods/00000000000000000933/posts/206158430343 http://localhost:3000/pods/00000000000000000933/posts/206158430343
START ITERATOR for pattern at http://localhost:3000/pods/00000000000000000933/posts/206158430343 http://localhost:3000/pods/00000000000000000933/posts/206158430343
START ITERATOR for pattern at http://localhost:3000/pods/00000000000000000933/posts/206158430342 http://localhost:3000/pods/00000000000000000933/posts/206158430342
START ITERATOR for pattern at http://localhost:3000/pods/00000000000000000933/posts/206158430342 http://localhost:3000/pods/00000000000000000933/posts/206158430342
START ITERATOR for pattern at http://localhost:3000/pods/00000000000000000933/posts/206158430341 http://localhost:3000/pods/00000000000000000933/posts/206158430341
START ITERATOR for pattern at http://localhost:3000/pods/00000000000000000933/posts/206158430341 http://localhost:3000/pods/00000000000000000933/posts/206158430341
START ITERATOR for pattern at http://localhost:3000/pods/00000000000000000933/posts/481036337284 http://localhost:3000/pods/00000000000000000933/posts/481036337284
START ITERATOR for pattern at http://localhost:3000/pods/00000000000000000933/posts/481036337284 http://localhost:3000/pods/00000000000000000933/posts/481036337284
START ITERATOR for pattern at http://localhost:3000/pods/00000000000000000933/posts/481036337283 http://localhost:3000/pods/00000000000000000933/posts/481036337283
START ITERATOR for pattern at http://localhost:3000/pods/00000000000000000933/posts/481036337283 http://localhost:3000/pods/00000000000000000933/posts/481036337283
START ITERATOR for pattern at http://localhost:3000/pods/00000000000000000933/posts/481036337282 http://localhost:3000/pods/00000000000000000933/posts/481036337282
START ITERATOR for pattern at http://localhost:3000/pods/00000000000000000933/posts/481036337282 http://localhost:3000/pods/00000000000000000933/posts/481036337282
START ITERATOR for pattern at http://localhost:3000/pods/00000000000000000933/posts/481036337281 http://localhost:3000/pods/00000000000000000933/posts/481036337281
START ITERATOR for pattern at http://localhost:3000/pods/00000000000000000933/posts/481036337281 http://localhost:3000/pods/00000000000000000933/posts/481036337281
START ITERATOR for pattern at http://localhost:3000/pods/00000000000000000933/posts/481036337280 http://localhost:3000/pods/00000000000000000933/posts/481036337280
START ITERATOR for pattern at http://localhost:3000/pods/00000000000000000933/posts/481036337280 http://localhost:3000/pods/00000000000000000933/posts/481036337280
START ITERATOR for pattern at http://localhost:3000/pods/00000000000000000933/posts/481036337279 http://localhost:3000/pods/00000000000000000933/posts/481036337279
START ITERATOR for pattern at http://localhost:3000/pods/00000000000000000933/posts/481036337279 http://localhost:3000/pods/00000000000000000933/posts/481036337279
START ITERATOR for pattern at http://localhost:3000/pods/00000000000000000933/posts/481036337278 http://localhost:3000/pods/00000000000000000933/posts/481036337278
START ITERATOR for pattern at http://localhost:3000/pods/00000000000000000933/posts/481036337278 http://localhost:3000/pods/00000000000000000933/posts/481036337278
START ITERATOR for pattern at http://localhost:3000/pods/00000000000000000933/posts/481036337277 http://localhost:3000/pods/00000000000000000933/posts/481036337277
START ITERATOR for pattern at http://localhost:3000/pods/00000000000000000933/posts/481036337277 http://localhost:3000/pods/00000000000000000933/posts/481036337277
START ITERATOR for pattern at http://localhost:3000/pods/00000000000000000933/posts/481036337276 http://localhost:3000/pods/00000000000000000933/posts/481036337276
START ITERATOR for pattern at http://localhost:3000/pods/00000000000000000933/posts/481036337276 http://localhost:3000/pods/00000000000000000933/posts/481036337276
START ITERATOR for pattern at http://localhost:3000/pods/00000000000000000933/posts/481036337275 http://localhost:3000/pods/00000000000000000933/posts/481036337275
START ITERATOR for pattern at http://localhost:3000/pods/00000000000000000933/posts/481036337275 http://localhost:3000/pods/00000000000000000933/posts/481036337275
START ITERATOR for pattern at http://localhost:3000/pods/00000000000000000933/posts/481036337274 http://localhost:3000/pods/00000000000000000933/posts/481036337274
START ITERATOR for pattern at http://localhost:3000/pods/00000000000000000933/posts/481036337274 http://localhost:3000/pods/00000000000000000933/posts/481036337274
START ITERATOR for pattern at http://localhost:3000/pods/00000000000000000933/posts/481036337273 http://localhost:3000/pods/00000000000000000933/posts/481036337273
START ITERATOR for pattern at http://localhost:3000/pods/00000000000000000933/posts/481036337273 http://localhost:3000/pods/00000000000000000933/posts/481036337273
START ITERATOR for pattern at http://localhost:3000/pods/00000000000000000933/posts/206158430484 http://localhost:3000/pods/00000000000000000933/posts/206158430484
START ITERATOR for pattern at http://localhost:3000/pods/00000000000000000933/posts/206158430484 http://localhost:3000/pods/00000000000000000933/posts/206158430484
START ITERATOR for pattern at http://localhost:3100/ldbc_socialnet/1.0/data/forum00000000206158430219 http://localhost:3100/ldbc_socialnet/1.0/data/forum00000000206158430219
START ITERATOR for pattern at http://localhost:3100/ldbc_socialnet/1.0/data/forum00000000206158430219 http://localhost:3100/ldbc_socialnet/1.0/data/forum00000000206158430219
START ITERATOR for pattern at http://localhost:3100/ldbc_socialnet/1.0/data/forum00000000481036337162 http://localhost:3100/ldbc_socialnet/1.0/data/forum00000000481036337162
START ITERATOR for pattern at http://localhost:3100/ldbc_socialnet/1.0/data/forum00000000481036337162 http://localhost:3100/ldbc_socialnet/1.0/data/forum00000000481036337162
START ITERATOR for pattern at http://localhost:3000/pods/00000000000000000933/posts/481036337272 http://localhost:3000/pods/00000000000000000933/posts/481036337272
START ITERATOR for pattern at http://localhost:3000/pods/00000000000000000933/posts/481036337272 http://localhost:3000/pods/00000000000000000933/posts/481036337272
START ITERATOR for pattern at http://localhost:3000/pods/00000000000000000933/posts/481036337271 http://localhost:3000/pods/00000000000000000933/posts/481036337271
START ITERATOR for pattern at http://localhost:3000/pods/00000000000000000933/posts/481036337271 http://localhost:3000/pods/00000000000000000933/posts/481036337271
START ITERATOR for pattern at http://localhost:3000/pods/00000000000000000933/posts/481036337270 http://localhost:3000/pods/00000000000000000933/posts/481036337270
START ITERATOR for pattern at http://localhost:3000/pods/00000000000000000933/posts/481036337270 http://localhost:3000/pods/00000000000000000933/posts/481036337270
START ITERATOR for pattern at http://localhost:3000/pods/00000000000000000933/posts/481036337269 http://localhost:3000/pods/00000000000000000933/posts/481036337269
START ITERATOR for pattern at http://localhost:3000/pods/00000000000000000933/posts/481036337269 http://localhost:3000/pods/00000000000000000933/posts/481036337269
START ITERATOR for pattern at http://localhost:3000/pods/00000000000000000933/posts/206158430483 http://localhost:3000/pods/00000000000000000933/posts/206158430483
START ITERATOR for pattern at http://localhost:3000/pods/00000000000000000933/posts/206158430483 http://localhost:3000/pods/00000000000000000933/posts/206158430483
START ITERATOR for pattern at http://localhost:3000/pods/00000000000000000933/posts/481036337268 http://localhost:3000/pods/00000000000000000933/posts/481036337268
START ITERATOR for pattern at http://localhost:3000/pods/00000000000000000933/posts/481036337268 http://localhost:3000/pods/00000000000000000933/posts/481036337268
START ITERATOR for pattern at http://localhost:3000/pods/00000000000000000933/posts/481036337267 http://localhost:3000/pods/00000000000000000933/posts/481036337267
START ITERATOR for pattern at http://localhost:3000/pods/00000000000000000933/posts/481036337267 http://localhost:3000/pods/00000000000000000933/posts/481036337267
START ITERATOR for pattern at http://localhost:3000/pods/00000000000000000933/posts/481036337266 http://localhost:3000/pods/00000000000000000933/posts/481036337266
START ITERATOR for pattern at http://localhost:3000/pods/00000000000000000933/posts/481036337266 http://localhost:3000/pods/00000000000000000933/posts/481036337266
START ITERATOR for pattern at http://localhost:3000/pods/00000000000000000933/posts/206158430482 http://localhost:3000/pods/00000000000000000933/posts/206158430482
START ITERATOR for pattern at http://localhost:3000/pods/00000000000000000933/posts/206158430482 http://localhost:3000/pods/00000000000000000933/posts/206158430482
START ITERATOR for pattern at http://localhost:3000/pods/00000000000000000933/posts/618475290737 http://localhost:3000/pods/00000000000000000933/posts/618475290737
START ITERATOR for pattern at http://localhost:3000/pods/00000000000000000933/posts/618475290737 http://localhost:3000/pods/00000000000000000933/posts/618475290737
START ITERATOR for pattern at http://localhost:3000/pods/00000000000000000933/posts/1099511627888 http://localhost:3000/pods/00000000000000000933/posts/1099511627888
START ITERATOR for pattern at http://localhost:3000/pods/00000000000000000933/posts/1099511627888 http://localhost:3000/pods/00000000000000000933/posts/1099511627888
START ITERATOR for pattern at http://localhost:3000/pods/00000000000000000933/posts/1099511627887 http://localhost:3000/pods/00000000000000000933/posts/1099511627887
START ITERATOR for pattern at http://localhost:3000/pods/00000000000000000933/posts/1099511627887 http://localhost:3000/pods/00000000000000000933/posts/1099511627887
START ITERATOR for pattern at http://localhost:3000/pods/00000000000000000933/posts/1099511627886 http://localhost:3000/pods/00000000000000000933/posts/1099511627886
START ITERATOR for pattern at http://localhost:3000/pods/00000000000000000933/posts/1099511627886 http://localhost:3000/pods/00000000000000000933/posts/1099511627886
START ITERATOR for pattern at http://localhost:3000/pods/00000000000000000933/posts/1099511627885 http://localhost:3000/pods/00000000000000000933/posts/1099511627885
START ITERATOR for pattern at http://localhost:3000/pods/00000000000000000933/posts/1099511627885 http://localhost:3000/pods/00000000000000000933/posts/1099511627885
START ITERATOR for pattern at http://localhost:3000/pods/00000000000000000933/posts/1099511627884 http://localhost:3000/pods/00000000000000000933/posts/1099511627884
START ITERATOR for pattern at http://localhost:3000/pods/00000000000000000933/posts/1099511627884 http://localhost:3000/pods/00000000000000000933/posts/1099511627884
START ITERATOR for pattern at http://localhost:3000/pods/00000000000000000933/posts/1099511627883 http://localhost:3000/pods/00000000000000000933/posts/1099511627883
START ITERATOR for pattern at http://localhost:3000/pods/00000000000000000933/posts/1099511627883 http://localhost:3000/pods/00000000000000000933/posts/1099511627883
START ITERATOR for pattern at http://localhost:3000/pods/00000000000000000933/posts/1099511627882 http://localhost:3000/pods/00000000000000000933/posts/1099511627882
START ITERATOR for pattern at http://localhost:3000/pods/00000000000000000933/posts/1099511627882 http://localhost:3000/pods/00000000000000000933/posts/1099511627882
START ITERATOR for pattern at http://localhost:3000/pods/00000000000000000933/posts/1099511627881 http://localhost:3000/pods/00000000000000000933/posts/1099511627881
START ITERATOR for pattern at http://localhost:3000/pods/00000000000000000933/posts/1099511627881 http://localhost:3000/pods/00000000000000000933/posts/1099511627881
START ITERATOR for pattern at http://localhost:3000/pods/00000000000000000933/posts/1099511627880 http://localhost:3000/pods/00000000000000000933/posts/1099511627880
START ITERATOR for pattern at http://localhost:3000/pods/00000000000000000933/posts/1099511627880 http://localhost:3000/pods/00000000000000000933/posts/1099511627880
START ITERATOR for pattern at http://localhost:3000/pods/00000000000000000933/posts/206158430481 http://localhost:3000/pods/00000000000000000933/posts/206158430481
START ITERATOR for pattern at http://localhost:3000/pods/00000000000000000933/posts/206158430481 http://localhost:3000/pods/00000000000000000933/posts/206158430481
START ITERATOR for pattern at http://localhost:3100/ldbc_socialnet/1.0/data/forum00000000618475290633 http://localhost:3100/ldbc_socialnet/1.0/data/forum00000000618475290633
START ITERATOR for pattern at http://localhost:3100/ldbc_socialnet/1.0/data/forum00000000618475290633 http://localhost:3100/ldbc_socialnet/1.0/data/forum00000000618475290633
START ITERATOR for pattern at http://localhost:3100/ldbc_socialnet/1.0/data/forum00000001099511627784 http://localhost:3100/ldbc_socialnet/1.0/data/forum00000001099511627784
START ITERATOR for pattern at http://localhost:3100/ldbc_socialnet/1.0/data/forum00000001099511627784 http://localhost:3100/ldbc_socialnet/1.0/data/forum00000001099511627784
START ITERATOR for pattern at http://localhost:3000/pods/00000000000000000933/posts/1099511627879 http://localhost:3000/pods/00000000000000000933/posts/1099511627879
START ITERATOR for pattern at http://localhost:3000/pods/00000000000000000933/posts/1099511627879 http://localhost:3000/pods/00000000000000000933/posts/1099511627879
START ITERATOR for pattern at http://localhost:3000/pods/00000000000000000933/posts/1099511627878 http://localhost:3000/pods/00000000000000000933/posts/1099511627878
START ITERATOR for pattern at http://localhost:3000/pods/00000000000000000933/posts/1099511627878 http://localhost:3000/pods/00000000000000000933/posts/1099511627878
START ITERATOR for pattern at http://localhost:3000/pods/00000000000000000933/posts/1099511627877 http://localhost:3000/pods/00000000000000000933/posts/1099511627877
START ITERATOR for pattern at http://localhost:3000/pods/00000000000000000933/posts/1099511627877 http://localhost:3000/pods/00000000000000000933/posts/1099511627877
START ITERATOR for pattern at http://localhost:3000/pods/00000000000000000933/posts/1099511627876 http://localhost:3000/pods/00000000000000000933/posts/1099511627876
START ITERATOR for pattern at http://localhost:3000/pods/00000000000000000933/posts/1099511627876 http://localhost:3000/pods/00000000000000000933/posts/1099511627876
START ITERATOR for pattern at http://localhost:3000/pods/00000000000000000933/posts/1099511627875 http://localhost:3000/pods/00000000000000000933/posts/1099511627875
START ITERATOR for pattern at http://localhost:3000/pods/00000000000000000933/posts/1099511627875 http://localhost:3000/pods/00000000000000000933/posts/1099511627875
START ITERATOR for pattern at http://localhost:3000/pods/00000000000000000933/posts/1099511627874 http://localhost:3000/pods/00000000000000000933/posts/1099511627874
START ITERATOR for pattern at http://localhost:3000/pods/00000000000000000933/posts/1099511627874 http://localhost:3000/pods/00000000000000000933/posts/1099511627874
START ITERATOR for pattern at http://localhost:3000/pods/00000000000000000933/posts/206158430480 http://localhost:3000/pods/00000000000000000933/posts/206158430480
START ITERATOR for pattern at http://localhost:3000/pods/00000000000000000933/posts/206158430480 http://localhost:3000/pods/00000000000000000933/posts/206158430480
START ITERATOR for pattern at http://localhost:3000/pods/00000000000000000933/posts/1099511627873 http://localhost:3000/pods/00000000000000000933/posts/1099511627873
START ITERATOR for pattern at http://localhost:3000/pods/00000000000000000933/posts/1099511627873 http://localhost:3000/pods/00000000000000000933/posts/1099511627873
START ITERATOR for pattern at http://localhost:3000/pods/00000000000000000933/posts/1099511627872 http://localhost:3000/pods/00000000000000000933/posts/1099511627872
START ITERATOR for pattern at http://localhost:3000/pods/00000000000000000933/posts/1099511627872 http://localhost:3000/pods/00000000000000000933/posts/1099511627872
START ITERATOR for pattern at http://localhost:3000/pods/00000000000000000933/posts/1099511627871 http://localhost:3000/pods/00000000000000000933/posts/1099511627871
START ITERATOR for pattern at http://localhost:3000/pods/00000000000000000933/posts/1099511627871 http://localhost:3000/pods/00000000000000000933/posts/1099511627871
START ITERATOR for pattern at http://localhost:3000/pods/00000000000000000933/posts/206158430479 http://localhost:3000/pods/00000000000000000933/posts/206158430479
START ITERATOR for pattern at http://localhost:3000/pods/00000000000000000933/posts/206158430479 http://localhost:3000/pods/00000000000000000933/posts/206158430479
START ITERATOR for pattern at http://localhost:3000/pods/00000000000000000933/posts/1099511627870 http://localhost:3000/pods/00000000000000000933/posts/1099511627870
START ITERATOR for pattern at http://localhost:3000/pods/00000000000000000933/posts/1099511627870 http://localhost:3000/pods/00000000000000000933/posts/1099511627870
START ITERATOR for pattern at http://localhost:3000/pods/00000000000000000933/posts/1099511627869 http://localhost:3000/pods/00000000000000000933/posts/1099511627869
START ITERATOR for pattern at http://localhost:3000/pods/00000000000000000933/posts/1099511627869 http://localhost:3000/pods/00000000000000000933/posts/1099511627869
START ITERATOR for pattern at http://localhost:3000/pods/00000000000000000933/posts/1030792151132 http://localhost:3000/pods/00000000000000000933/posts/1030792151132
START ITERATOR for pattern at http://localhost:3000/pods/00000000000000000933/posts/1030792151132 http://localhost:3000/pods/00000000000000000933/posts/1030792151132
START ITERATOR for pattern at http://localhost:3000/pods/00000000000000000933/posts/1030792151131 http://localhost:3000/pods/00000000000000000933/posts/1030792151131
START ITERATOR for pattern at http://localhost:3000/pods/00000000000000000933/posts/1030792151131 http://localhost:3000/pods/00000000000000000933/posts/1030792151131
START ITERATOR for pattern at http://localhost:3000/pods/00000000000000000933/posts/1030792151130 http://localhost:3000/pods/00000000000000000933/posts/1030792151130
START ITERATOR for pattern at http://localhost:3000/pods/00000000000000000933/posts/1030792151130 http://localhost:3000/pods/00000000000000000933/posts/1030792151130
START ITERATOR for pattern at http://localhost:3000/pods/00000000000000000933/posts/1030792151129 http://localhost:3000/pods/00000000000000000933/posts/1030792151129
START ITERATOR for pattern at http://localhost:3000/pods/00000000000000000933/posts/1030792151129 http://localhost:3000/pods/00000000000000000933/posts/1030792151129
START ITERATOR for pattern at http://localhost:3000/pods/00000000000000000933/posts/1030792151128 http://localhost:3000/pods/00000000000000000933/posts/1030792151128
START ITERATOR for pattern at http://localhost:3000/pods/00000000000000000933/posts/1030792151128 http://localhost:3000/pods/00000000000000000933/posts/1030792151128
START ITERATOR for pattern at http://localhost:3000/pods/00000000000000000933/posts/206158430478 http://localhost:3000/pods/00000000000000000933/posts/206158430478
START ITERATOR for pattern at http://localhost:3000/pods/00000000000000000933/posts/206158430478 http://localhost:3000/pods/00000000000000000933/posts/206158430478
START ITERATOR for pattern at http://localhost:3100/ldbc_socialnet/1.0/data/forum00000001030792151047 http://localhost:3100/ldbc_socialnet/1.0/data/forum00000001030792151047
START ITERATOR for pattern at http://localhost:3100/ldbc_socialnet/1.0/data/forum00000001030792151047 http://localhost:3100/ldbc_socialnet/1.0/data/forum00000001030792151047
START ITERATOR for pattern at http://localhost:3000/pods/00000000000000000933/posts/1030792151127 http://localhost:3000/pods/00000000000000000933/posts/1030792151127
START ITERATOR for pattern at http://localhost:3000/pods/00000000000000000933/posts/1030792151127 http://localhost:3000/pods/00000000000000000933/posts/1030792151127
START ITERATOR for pattern at http://localhost:3000/pods/00000000000000000933/posts/1030792151126 http://localhost:3000/pods/00000000000000000933/posts/1030792151126
START ITERATOR for pattern at http://localhost:3000/pods/00000000000000000933/posts/1030792151126 http://localhost:3000/pods/00000000000000000933/posts/1030792151126
START ITERATOR for pattern at http://localhost:3000/pods/00000000000000000933/posts/1030792151125 http://localhost:3000/pods/00000000000000000933/posts/1030792151125
START ITERATOR for pattern at http://localhost:3000/pods/00000000000000000933/posts/1030792151125 http://localhost:3000/pods/00000000000000000933/posts/1030792151125
START ITERATOR for pattern at http://localhost:3000/pods/00000000000000000933/posts/1030792151124 http://localhost:3000/pods/00000000000000000933/posts/1030792151124
START ITERATOR for pattern at http://localhost:3000/pods/00000000000000000933/posts/1030792151124 http://localhost:3000/pods/00000000000000000933/posts/1030792151124
START ITERATOR for pattern at http://localhost:3000/pods/00000000000000000933/posts/1030792151123 http://localhost:3000/pods/00000000000000000933/posts/1030792151123
START ITERATOR for pattern at http://localhost:3000/pods/00000000000000000933/posts/1030792151123 http://localhost:3000/pods/00000000000000000933/posts/1030792151123
START ITERATOR for pattern at http://localhost:3000/pods/00000000000000000933/posts/1030792151122 http://localhost:3000/pods/00000000000000000933/posts/1030792151122
START ITERATOR for pattern at http://localhost:3000/pods/00000000000000000933/posts/1030792151122 http://localhost:3000/pods/00000000000000000933/posts/1030792151122
START ITERATOR for pattern at http://localhost:3000/pods/00000000000000000933/posts/1030792151121 http://localhost:3000/pods/00000000000000000933/posts/1030792151121
START ITERATOR for pattern at http://localhost:3000/pods/00000000000000000933/posts/1030792151121 http://localhost:3000/pods/00000000000000000933/posts/1030792151121
START ITERATOR for pattern at http://localhost:3000/pods/00000000000000000933/posts/1030792151120 http://localhost:3000/pods/00000000000000000933/posts/1030792151120
START ITERATOR for pattern at http://localhost:3000/pods/00000000000000000933/posts/1030792151120 http://localhost:3000/pods/00000000000000000933/posts/1030792151120
START ITERATOR for pattern at http://localhost:3000/pods/00000000000000000933/posts/1030792151119 http://localhost:3000/pods/00000000000000000933/posts/1030792151119
START ITERATOR for pattern at http://localhost:3000/pods/00000000000000000933/posts/1030792151119 http://localhost:3000/pods/00000000000000000933/posts/1030792151119
START ITERATOR for pattern at http://localhost:3000/pods/00000000000000000933/posts/1030792151118 http://localhost:3000/pods/00000000000000000933/posts/1030792151118
START ITERATOR for pattern at http://localhost:3000/pods/00000000000000000933/posts/1030792151118 http://localhost:3000/pods/00000000000000000933/posts/1030792151118
START ITERATOR for pattern at http://localhost:3000/pods/00000000000000000933/posts/1030792151117 http://localhost:3000/pods/00000000000000000933/posts/1030792151117
START ITERATOR for pattern at http://localhost:3000/pods/00000000000000000933/posts/1030792151117 http://localhost:3000/pods/00000000000000000933/posts/1030792151117
START ITERATOR for pattern at http://localhost:3000/pods/00000000000000000933/posts/618475290700 http://localhost:3000/pods/00000000000000000933/posts/618475290700
START ITERATOR for pattern at http://localhost:3000/pods/00000000000000000933/posts/618475290700 http://localhost:3000/pods/00000000000000000933/posts/618475290700
START ITERATOR for pattern at http://localhost:3000/pods/00000000000000000933/posts/618475290699 http://localhost:3000/pods/00000000000000000933/posts/618475290699
START ITERATOR for pattern at http://localhost:3000/pods/00000000000000000933/posts/618475290699 http://localhost:3000/pods/00000000000000000933/posts/618475290699
START ITERATOR for pattern at http://localhost:3000/pods/00000000000000000933/posts/893353197642 http://localhost:3000/pods/00000000000000000933/posts/893353197642
START ITERATOR for pattern at http://localhost:3000/pods/00000000000000000933/posts/893353197642 http://localhost:3000/pods/00000000000000000933/posts/893353197642
START ITERATOR for pattern at http://localhost:3000/pods/00000000000000000933/posts/1030792151113 http://localhost:3000/pods/00000000000000000933/posts/1030792151113
START ITERATOR for pattern at http://localhost:3000/pods/00000000000000000933/posts/1030792151113 http://localhost:3000/pods/00000000000000000933/posts/1030792151113
START ITERATOR for pattern at http://localhost:3000/pods/00000000000000000933/posts/1030792151112 http://localhost:3000/pods/00000000000000000933/posts/1030792151112
START ITERATOR for pattern at http://localhost:3000/pods/00000000000000000933/posts/1030792151112 http://localhost:3000/pods/00000000000000000933/posts/1030792151112
START ITERATOR for pattern at http://localhost:3000/pods/00000000000000000933/posts/1030792151111 http://localhost:3000/pods/00000000000000000933/posts/1030792151111
START ITERATOR for pattern at http://localhost:3000/pods/00000000000000000933/posts/1030792151111 http://localhost:3000/pods/00000000000000000933/posts/1030792151111
START ITERATOR for pattern at http://localhost:3000/pods/00000000000000000933/posts/1030792151110 http://localhost:3000/pods/00000000000000000933/posts/1030792151110
START ITERATOR for pattern at http://localhost:3000/pods/00000000000000000933/posts/1030792151110 http://localhost:3000/pods/00000000000000000933/posts/1030792151110
START ITERATOR for pattern at http://localhost:3000/pods/00000000000000000933/posts/1030792151109 http://localhost:3000/pods/00000000000000000933/posts/1030792151109
START ITERATOR for pattern at http://localhost:3000/pods/00000000000000000933/posts/1030792151109 http://localhost:3000/pods/00000000000000000933/posts/1030792151109
START ITERATOR for pattern at http://localhost:3000/pods/00000000000000000933/posts/1030792151108 http://localhost:3000/pods/00000000000000000933/posts/1030792151108
START ITERATOR for pattern at http://localhost:3000/pods/00000000000000000933/posts/1030792151108 http://localhost:3000/pods/00000000000000000933/posts/1030792151108
START ITERATOR for pattern at http://localhost:3000/pods/00000000000000000933/posts/206158430477 http://localhost:3000/pods/00000000000000000933/posts/206158430477
START ITERATOR for pattern at http://localhost:3000/pods/00000000000000000933/posts/206158430477 http://localhost:3000/pods/00000000000000000933/posts/206158430477
START ITERATOR for pattern at http://localhost:3100/ldbc_socialnet/1.0/data/forum00000000618475290630 http://localhost:3100/ldbc_socialnet/1.0/data/forum00000000618475290630
START ITERATOR for pattern at http://localhost:3100/ldbc_socialnet/1.0/data/forum00000000618475290630 http://localhost:3100/ldbc_socialnet/1.0/data/forum00000000618475290630
START ITERATOR for pattern at http://localhost:3100/ldbc_socialnet/1.0/data/forum00000000893353197573 http://localhost:3100/ldbc_socialnet/1.0/data/forum00000000893353197573
START ITERATOR for pattern at http://localhost:3100/ldbc_socialnet/1.0/data/forum00000000893353197573 http://localhost:3100/ldbc_socialnet/1.0/data/forum00000000893353197573
START ITERATOR for pattern at http://localhost:3100/ldbc_socialnet/1.0/data/forum00000001030792151044 http://localhost:3100/ldbc_socialnet/1.0/data/forum00000001030792151044
START ITERATOR for pattern at http://localhost:3100/ldbc_socialnet/1.0/data/forum00000001030792151044 http://localhost:3100/ldbc_socialnet/1.0/data/forum00000001030792151044
START ITERATOR for pattern at http://localhost:3000/pods/00000000000000000933/posts/1030792151107 http://localhost:3000/pods/00000000000000000933/posts/1030792151107
START ITERATOR for pattern at http://localhost:3000/pods/00000000000000000933/posts/1030792151107 http://localhost:3000/pods/00000000000000000933/posts/1030792151107
START ITERATOR for pattern at http://localhost:3000/pods/00000000000000000933/posts/755914244162 http://localhost:3000/pods/00000000000000000933/posts/755914244162
START ITERATOR for pattern at http://localhost:3000/pods/00000000000000000933/posts/755914244162 http://localhost:3000/pods/00000000000000000933/posts/755914244162
START ITERATOR for pattern at http://localhost:3000/pods/00000000000000000933/posts/755914244161 http://localhost:3000/pods/00000000000000000933/posts/755914244161
START ITERATOR for pattern at http://localhost:3000/pods/00000000000000000933/posts/755914244161 http://localhost:3000/pods/00000000000000000933/posts/755914244161
START ITERATOR for pattern at http://localhost:3000/pods/00000000000000000933/posts/755914244160 http://localhost:3000/pods/00000000000000000933/posts/755914244160
START ITERATOR for pattern at http://localhost:3000/pods/00000000000000000933/posts/755914244160 http://localhost:3000/pods/00000000000000000933/posts/755914244160
START ITERATOR for pattern at http://localhost:3000/pods/00000000000000000933/posts/755914244159 http://localhost:3000/pods/00000000000000000933/posts/755914244159
START ITERATOR for pattern at http://localhost:3000/pods/00000000000000000933/posts/755914244159 http://localhost:3000/pods/00000000000000000933/posts/755914244159
START ITERATOR for pattern at http://localhost:3000/pods/00000000000000000933/posts/206158430476 http://localhost:3000/pods/00000000000000000933/posts/206158430476
START ITERATOR for pattern at http://localhost:3000/pods/00000000000000000933/posts/206158430476 http://localhost:3000/pods/00000000000000000933/posts/206158430476
START ITERATOR for pattern at http://localhost:3100/ldbc_socialnet/1.0/data/forum00000000755914244099 http://localhost:3100/ldbc_socialnet/1.0/data/forum00000000755914244099
START ITERATOR for pattern at http://localhost:3100/ldbc_socialnet/1.0/data/forum00000000755914244099 http://localhost:3100/ldbc_socialnet/1.0/data/forum00000000755914244099
START ITERATOR for pattern at http://localhost:3000/pods/00000000000000000933/posts/755914244158 http://localhost:3000/pods/00000000000000000933/posts/755914244158
START ITERATOR for pattern at http://localhost:3000/pods/00000000000000000933/posts/755914244158 http://localhost:3000/pods/00000000000000000933/posts/755914244158
START ITERATOR for pattern at http://localhost:3000/pods/00000000000000000933/posts/755914244157 http://localhost:3000/pods/00000000000000000933/posts/755914244157
START ITERATOR for pattern at http://localhost:3000/pods/00000000000000000933/posts/755914244157 http://localhost:3000/pods/00000000000000000933/posts/755914244157
START ITERATOR for pattern at http://localhost:3000/pods/00000000000000000933/posts/755914244156 http://localhost:3000/pods/00000000000000000933/posts/755914244156
START ITERATOR for pattern at http://localhost:3000/pods/00000000000000000933/posts/755914244156 http://localhost:3000/pods/00000000000000000933/posts/755914244156
START ITERATOR for pattern at http://localhost:3000/pods/00000000000000000933/posts/755914244155 http://localhost:3000/pods/00000000000000000933/posts/755914244155
START ITERATOR for pattern at http://localhost:3000/pods/00000000000000000933/posts/755914244155 http://localhost:3000/pods/00000000000000000933/posts/755914244155
START ITERATOR for pattern at http://localhost:3000/pods/00000000000000000933/posts/206158430475 http://localhost:3000/pods/00000000000000000933/posts/206158430475
START ITERATOR for pattern at http://localhost:3000/pods/00000000000000000933/posts/206158430475 http://localhost:3000/pods/00000000000000000933/posts/206158430475
START ITERATOR for pattern at http://localhost:3000/pods/00000000000000000933/posts/755914244154 http://localhost:3000/pods/00000000000000000933/posts/755914244154
START ITERATOR for pattern at http://localhost:3000/pods/00000000000000000933/posts/755914244154 http://localhost:3000/pods/00000000000000000933/posts/755914244154
START ITERATOR for pattern at http://localhost:3000/pods/00000000000000000933/posts/755914244153 http://localhost:3000/pods/00000000000000000933/posts/755914244153
START ITERATOR for pattern at http://localhost:3000/pods/00000000000000000933/posts/755914244153 http://localhost:3000/pods/00000000000000000933/posts/755914244153
START ITERATOR for pattern at http://localhost:3000/pods/00000000000000000933/posts/755914244152 http://localhost:3000/pods/00000000000000000933/posts/755914244152
START ITERATOR for pattern at http://localhost:3000/pods/00000000000000000933/posts/755914244152 http://localhost:3000/pods/00000000000000000933/posts/755914244152
START ITERATOR for pattern at http://localhost:3000/pods/00000000000000000933/posts/755914244151 http://localhost:3000/pods/00000000000000000933/posts/755914244151
START ITERATOR for pattern at http://localhost:3000/pods/00000000000000000933/posts/755914244151 http://localhost:3000/pods/00000000000000000933/posts/755914244151
START ITERATOR for pattern at http://localhost:3000/pods/00000000000000000933/posts/755914244150 http://localhost:3000/pods/00000000000000000933/posts/755914244150
START ITERATOR for pattern at http://localhost:3000/pods/00000000000000000933/posts/755914244150 http://localhost:3000/pods/00000000000000000933/posts/755914244150
START ITERATOR for pattern at http://localhost:3000/pods/00000000000000000933/posts/755914244149 http://localhost:3000/pods/00000000000000000933/posts/755914244149
START ITERATOR for pattern at http://localhost:3000/pods/00000000000000000933/posts/755914244149 http://localhost:3000/pods/00000000000000000933/posts/755914244149
START ITERATOR for pattern at http://localhost:3000/pods/00000000000000000933/posts/755914244148 http://localhost:3000/pods/00000000000000000933/posts/755914244148
START ITERATOR for pattern at http://localhost:3000/pods/00000000000000000933/posts/755914244148 http://localhost:3000/pods/00000000000000000933/posts/755914244148
START ITERATOR for pattern at http://localhost:3000/pods/00000000000000000933/posts/755914244147 http://localhost:3000/pods/00000000000000000933/posts/755914244147
START ITERATOR for pattern at http://localhost:3000/pods/00000000000000000933/posts/755914244147 http://localhost:3000/pods/00000000000000000933/posts/755914244147
START ITERATOR for pattern at http://localhost:3000/pods/00000000000000000933/posts/481036337202 http://localhost:3000/pods/00000000000000000933/posts/481036337202
START ITERATOR for pattern at http://localhost:3000/pods/00000000000000000933/posts/481036337202 http://localhost:3000/pods/00000000000000000933/posts/481036337202
START ITERATOR for pattern at http://localhost:3000/pods/00000000000000000933/posts/481036337201 http://localhost:3000/pods/00000000000000000933/posts/481036337201
START ITERATOR for pattern at http://localhost:3000/pods/00000000000000000933/posts/481036337201 http://localhost:3000/pods/00000000000000000933/posts/481036337201
START ITERATOR for pattern at http://localhost:3000/pods/00000000000000000933/posts/481036337200 http://localhost:3000/pods/00000000000000000933/posts/481036337200
START ITERATOR for pattern at http://localhost:3000/pods/00000000000000000933/posts/481036337200 http://localhost:3000/pods/00000000000000000933/posts/481036337200
START ITERATOR for pattern at http://localhost:3000/pods/00000000000000000933/posts/206158430474 http://localhost:3000/pods/00000000000000000933/posts/206158430474
START ITERATOR for pattern at http://localhost:3000/pods/00000000000000000933/posts/206158430474 http://localhost:3000/pods/00000000000000000933/posts/206158430474
START ITERATOR for pattern at http://localhost:3100/ldbc_socialnet/1.0/data/forum00000000481036337154 http://localhost:3100/ldbc_socialnet/1.0/data/forum00000000481036337154
START ITERATOR for pattern at http://localhost:3100/ldbc_socialnet/1.0/data/forum00000000481036337154 http://localhost:3100/ldbc_socialnet/1.0/data/forum00000000481036337154
START ITERATOR for pattern at http://localhost:3000/pods/00000000000000000933/posts/481036337199 http://localhost:3000/pods/00000000000000000933/posts/481036337199
START ITERATOR for pattern at http://localhost:3000/pods/00000000000000000933/posts/481036337199 http://localhost:3000/pods/00000000000000000933/posts/481036337199
START ITERATOR for pattern at http://localhost:3000/pods/00000000000000000933/posts/481036337198 http://localhost:3000/pods/00000000000000000933/posts/481036337198
START ITERATOR for pattern at http://localhost:3000/pods/00000000000000000933/posts/481036337198 http://localhost:3000/pods/00000000000000000933/posts/481036337198
START ITERATOR for pattern at http://localhost:3000/pods/00000000000000000933/posts/481036337197 http://localhost:3000/pods/00000000000000000933/posts/481036337197
START ITERATOR for pattern at http://localhost:3000/pods/00000000000000000933/posts/481036337197 http://localhost:3000/pods/00000000000000000933/posts/481036337197
START ITERATOR for pattern at http://localhost:3000/pods/00000000000000000933/posts/481036337196 http://localhost:3000/pods/00000000000000000933/posts/481036337196
START ITERATOR for pattern at http://localhost:3000/pods/00000000000000000933/posts/481036337196 http://localhost:3000/pods/00000000000000000933/posts/481036337196
START ITERATOR for pattern at http://localhost:3000/pods/00000000000000000933/posts/481036337195 http://localhost:3000/pods/00000000000000000933/posts/481036337195
START ITERATOR for pattern at http://localhost:3000/pods/00000000000000000933/posts/481036337195 http://localhost:3000/pods/00000000000000000933/posts/481036337195
START ITERATOR for pattern at http://localhost:3000/pods/00000000000000000933/posts/481036337194 http://localhost:3000/pods/00000000000000000933/posts/481036337194
START ITERATOR for pattern at http://localhost:3000/pods/00000000000000000933/posts/481036337194 http://localhost:3000/pods/00000000000000000933/posts/481036337194
START ITERATOR for pattern at http://localhost:3000/pods/00000000000000000933/posts/481036337193 http://localhost:3000/pods/00000000000000000933/posts/481036337193
START ITERATOR for pattern at http://localhost:3000/pods/00000000000000000933/posts/481036337193 http://localhost:3000/pods/00000000000000000933/posts/481036337193
START ITERATOR for pattern at http://localhost:3000/pods/00000000000000000933/posts/206158430473 http://localhost:3000/pods/00000000000000000933/posts/206158430473
START ITERATOR for pattern at http://localhost:3000/pods/00000000000000000933/posts/206158430473 http://localhost:3000/pods/00000000000000000933/posts/206158430473
START ITERATOR for pattern at http://localhost:3000/pods/00000000000000000933/posts/481036337192 http://localhost:3000/pods/00000000000000000933/posts/481036337192
START ITERATOR for pattern at http://localhost:3000/pods/00000000000000000933/posts/481036337192 http://localhost:3000/pods/00000000000000000933/posts/481036337192
START ITERATOR for pattern at http://localhost:3000/pods/00000000000000000933/posts/481036337191 http://localhost:3000/pods/00000000000000000933/posts/481036337191
START ITERATOR for pattern at http://localhost:3000/pods/00000000000000000933/posts/481036337191 http://localhost:3000/pods/00000000000000000933/posts/481036337191
START ITERATOR for pattern at http://localhost:3000/pods/00000000000000000933/posts/481036337190 http://localhost:3000/pods/00000000000000000933/posts/481036337190
START ITERATOR for pattern at http://localhost:3000/pods/00000000000000000933/posts/481036337190 http://localhost:3000/pods/00000000000000000933/posts/481036337190
START ITERATOR for pattern at http://localhost:3000/pods/00000000000000000933/posts/481036337189 http://localhost:3000/pods/00000000000000000933/posts/481036337189
START ITERATOR for pattern at http://localhost:3000/pods/00000000000000000933/posts/481036337189 http://localhost:3000/pods/00000000000000000933/posts/481036337189
START ITERATOR for pattern at http://localhost:3000/pods/00000000000000000933/posts/481036337188 http://localhost:3000/pods/00000000000000000933/posts/481036337188
START ITERATOR for pattern at http://localhost:3000/pods/00000000000000000933/posts/481036337188 http://localhost:3000/pods/00000000000000000933/posts/481036337188
START ITERATOR for pattern at http://localhost:3000/pods/00000000000000000933/posts/481036337187 http://localhost:3000/pods/00000000000000000933/posts/481036337187
START ITERATOR for pattern at http://localhost:3000/pods/00000000000000000933/posts/481036337187 http://localhost:3000/pods/00000000000000000933/posts/481036337187
START ITERATOR for pattern at http://localhost:3000/pods/00000000000000000933/posts/481036337186 http://localhost:3000/pods/00000000000000000933/posts/481036337186
START ITERATOR for pattern at http://localhost:3000/pods/00000000000000000933/posts/481036337186 http://localhost:3000/pods/00000000000000000933/posts/481036337186
START ITERATOR for pattern at http://localhost:3000/pods/00000000000000000933/posts/481036337185 http://localhost:3000/pods/00000000000000000933/posts/481036337185
START ITERATOR for pattern at http://localhost:3000/pods/00000000000000000933/posts/481036337185 http://localhost:3000/pods/00000000000000000933/posts/481036337185
START ITERATOR for pattern at http://localhost:3000/pods/00000000000000000933/posts/481036337184 http://localhost:3000/pods/00000000000000000933/posts/481036337184
START ITERATOR for pattern at http://localhost:3000/pods/00000000000000000933/posts/481036337184 http://localhost:3000/pods/00000000000000000933/posts/481036337184
START ITERATOR for pattern at http://localhost:3000/pods/00000000000000000933/posts/412316860440 http://localhost:3000/pods/00000000000000000933/posts/412316860440
START ITERATOR for pattern at http://localhost:3000/pods/00000000000000000933/posts/412316860440 http://localhost:3000/pods/00000000000000000933/posts/412316860440
START ITERATOR for pattern at http://localhost:3000/pods/00000000000000000933/posts/1030792151044 http://localhost:3000/pods/00000000000000000933/posts/1030792151044
START ITERATOR for pattern at http://localhost:3000/pods/00000000000000000933/posts/1030792151044 http://localhost:3000/pods/00000000000000000933/posts/1030792151044
START ITERATOR for pattern at http://localhost:3000/pods/00000000000000000933/posts/3 http://localhost:3000/pods/00000000000000000933/posts/3
START ITERATOR for pattern at http://localhost:3000/pods/00000000000000000933/posts/3 http://localhost:3000/pods/00000000000000000933/posts/3
START ITERATOR for pattern at http://localhost:3000/pods/00000000000000000933/profile/card http://localhost:3000/pods/00000000000000000933/profile/card
START ITERATOR for pattern at http://localhost:3000/pods/00000000000000000933/profile/card http://localhost:3000/pods/00000000000000000933/profile/card
START ITERATOR for pattern at http://localhost:3000/pods/00000000000000000933/ http://localhost:3000/pods/00000000000000000933/
START ITERATOR for pattern at http://localhost:3000/pods/00000000000000000933/ http://localhost:3000/pods/00000000000000000933/
START ITERATOR for pattern at http://localhost:4000/sparql?default-graph-uri=http://localhost:3000/pods/00000000000000000933/ http://localhost:4000/sparql?default-graph-uri=http://localhost:3000/pods/00000000000000000933/
START ITERATOR for pattern at http://localhost:3000/pods/00000000000000000933/settings/ http://localhost:3000/pods/00000000000000000933/settings/
START ITERATOR for pattern at http://localhost:3000/pods/00000000000000000933/comments/ http://localhost:3000/pods/00000000000000000933/comments/
START ITERATOR for pattern at http://localhost:3000/pods/00000000000000000933/noise/ http://localhost:3000/pods/00000000000000000933/noise/
START ITERATOR for pattern at http://localhost:3000/pods/00000000000000000933/profile/ http://localhost:3000/pods/00000000000000000933/profile/
START ITERATOR for pattern at http://localhost:3000/pods/00000000000000000933/posts/ http://localhost:3000/pods/00000000000000000933/posts/
START ITERATOR for pattern at http://localhost:4000/sparql?default-graph-uri=http://localhost:3000/pods/00000000000000000933/ http://localhost:4000/sparql?default-graph-uri=http://localhost:3000/pods/00000000000000000933/
START ITERATOR for pattern at http://localhost:3000/pods/00000000000000000933/settings/ http://localhost:3000/pods/00000000000000000933/settings/
START ITERATOR for pattern at http://localhost:3000/pods/00000000000000000933/comments/ http://localhost:3000/pods/00000000000000000933/comments/
START ITERATOR for pattern at http://localhost:3000/pods/00000000000000000933/noise/ http://localhost:3000/pods/00000000000000000933/noise/
START ITERATOR for pattern at http://localhost:3000/pods/00000000000000000933/profile/ http://localhost:3000/pods/00000000000000000933/profile/
START ITERATOR for pattern at http://localhost:3000/pods/00000000000000000933/posts/ http://localhost:3000/pods/00000000000000000933/posts/
START ITERATOR for pattern at http://localhost:3000/pods/00000000000000000933/settings/publicTypeIndex http://localhost:3000/pods/00000000000000000933/settings/publicTypeIndex
START ITERATOR for pattern at http://localhost:3000/pods/00000000000000000933/comments/1030792249459 http://localhost:3000/pods/00000000000000000933/comments/1030792249459
START ITERATOR for pattern at http://localhost:3000/pods/00000000000000000933/comments/962072902061 http://localhost:3000/pods/00000000000000000933/comments/962072902061
START ITERATOR for pattern at http://localhost:3000/pods/00000000000000000933/comments/206158657924 http://localhost:3000/pods/00000000000000000933/comments/206158657924
START ITERATOR for pattern at http://localhost:3000/pods/00000000000000000933/comments/962072901922 http://localhost:3000/pods/00000000000000000933/comments/962072901922
START ITERATOR for pattern at http://localhost:3000/pods/00000000000000000933/comments/274878134534 http://localhost:3000/pods/00000000000000000933/comments/274878134534
START ITERATOR for pattern at http://localhost:3000/pods/00000000000000000933/comments/274878134533 http://localhost:3000/pods/00000000000000000933/comments/274878134533
START ITERATOR for pattern at http://localhost:3000/pods/00000000000000000933/comments/274878134506 http://localhost:3000/pods/00000000000000000933/comments/274878134506
START ITERATOR for pattern at http://localhost:3000/pods/00000000000000000933/comments/206158657719 http://localhost:3000/pods/00000000000000000933/comments/206158657719
START ITERATOR for pattern at http://localhost:3000/pods/00000000000000000933/comments/824633948323 http://localhost:3000/pods/00000000000000000933/comments/824633948323
START ITERATOR for pattern at http://localhost:3000/pods/00000000000000000933/comments/206158657628 http://localhost:3000/pods/00000000000000000933/comments/206158657628
START ITERATOR for pattern at http://localhost:3000/pods/00000000000000000933/comments/962072901712 http://localhost:3000/pods/00000000000000000933/comments/962072901712
START ITERATOR for pattern at http://localhost:3000/pods/00000000000000000933/comments/824633948225 http://localhost:3000/pods/00000000000000000933/comments/824633948225
START ITERATOR for pattern at http://localhost:3000/pods/00000000000000000933/comments/824633948217 http://localhost:3000/pods/00000000000000000933/comments/824633948217
START ITERATOR for pattern at http://localhost:3000/pods/00000000000000000933/comments/206158657583 http://localhost:3000/pods/00000000000000000933/comments/206158657583
START ITERATOR for pattern at http://localhost:3000/pods/00000000000000000933/comments/274878134295 http://localhost:3000/pods/00000000000000000933/comments/274878134295
START ITERATOR for pattern at http://localhost:3000/pods/00000000000000000933/comments/824633948154 http://localhost:3000/pods/00000000000000000933/comments/824633948154
START ITERATOR for pattern at http://localhost:3000/pods/00000000000000000933/comments/962072901507 http://localhost:3000/pods/00000000000000000933/comments/962072901507
START ITERATOR for pattern at http://localhost:3000/pods/00000000000000000933/comments/1030792378236 http://localhost:3000/pods/00000000000000000933/comments/1030792378236
START ITERATOR for pattern at http://localhost:3000/pods/00000000000000000933/comments/1030792378178 http://localhost:3000/pods/00000000000000000933/comments/1030792378178
START ITERATOR for pattern at http://localhost:3000/pods/00000000000000000933/comments/137439180534 http://localhost:3000/pods/00000000000000000933/comments/137439180534
START ITERATOR for pattern at http://localhost:3000/pods/00000000000000000933/comments/274878133954 http://localhost:3000/pods/00000000000000000933/comments/274878133954
START ITERATOR for pattern at http://localhost:3000/pods/00000000000000000933/comments/68719703701 http://localhost:3000/pods/00000000000000000933/comments/68719703701
START ITERATOR for pattern at http://localhost:3000/pods/00000000000000000933/comments/68719703700 http://localhost:3000/pods/00000000000000000933/comments/68719703700
START ITERATOR for pattern at http://localhost:3000/pods/00000000000000000933/comments/68719703699 http://localhost:3000/pods/00000000000000000933/comments/68719703699
START ITERATOR for pattern at http://localhost:3000/pods/00000000000000000933/comments/68719703698 http://localhost:3000/pods/00000000000000000933/comments/68719703698
START ITERATOR for pattern at http://localhost:3000/pods/00000000000000000933/comments/68719703695 http://localhost:3000/pods/00000000000000000933/comments/68719703695
START ITERATOR for pattern at http://localhost:3000/pods/00000000000000000933/comments/412317087321 http://localhost:3000/pods/00000000000000000933/comments/412317087321
START ITERATOR for pattern at http://localhost:3000/pods/00000000000000000933/comments/687194994244 http://localhost:3000/pods/00000000000000000933/comments/687194994244
START ITERATOR for pattern at http://localhost:3000/pods/00000000000000000933/comments/412317087261 http://localhost:3000/pods/00000000000000000933/comments/412317087261
START ITERATOR for pattern at http://localhost:3000/pods/00000000000000000933/comments/343597526168 http://localhost:3000/pods/00000000000000000933/comments/343597526168
START ITERATOR for pattern at http://localhost:3000/pods/00000000000000000933/comments/343597526156 http://localhost:3000/pods/00000000000000000933/comments/343597526156
START ITERATOR for pattern at http://localhost:3000/pods/00000000000000000933/comments/343597526137 http://localhost:3000/pods/00000000000000000933/comments/343597526137
START ITERATOR for pattern at http://localhost:3000/pods/00000000000000000933/comments/343597526122 http://localhost:3000/pods/00000000000000000933/comments/343597526122
START ITERATOR for pattern at http://localhost:3000/pods/00000000000000000933/comments/343597526121 http://localhost:3000/pods/00000000000000000933/comments/343597526121
START ITERATOR for pattern at http://localhost:3000/pods/00000000000000000933/comments/412317002825 http://localhost:3000/pods/00000000000000000933/comments/412317002825
START ITERATOR for pattern at http://localhost:3000/pods/00000000000000000933/comments/412317002822 http://localhost:3000/pods/00000000000000000933/comments/412317002822
START ITERATOR for pattern at http://localhost:3000/pods/00000000000000000933/comments/824633863206 http://localhost:3000/pods/00000000000000000933/comments/824633863206
START ITERATOR for pattern at http://localhost:3000/pods/00000000000000000933/comments/893353339927 http://localhost:3000/pods/00000000000000000933/comments/893353339927
START ITERATOR for pattern at http://localhost:3000/pods/00000000000000000933/comments/962072816624 http://localhost:3000/pods/00000000000000000933/comments/962072816624
START ITERATOR for pattern at http://localhost:3000/pods/00000000000000000933/comments/412317002705 http://localhost:3000/pods/00000000000000000933/comments/412317002705
START ITERATOR for pattern at http://localhost:3000/pods/00000000000000000933/comments/824633863112 http://localhost:3000/pods/00000000000000000933/comments/824633863112
START ITERATOR for pattern at http://localhost:3000/pods/00000000000000000933/comments/412317002668 http://localhost:3000/pods/00000000000000000933/comments/412317002668
START ITERATOR for pattern at http://localhost:3000/pods/00000000000000000933/comments/824633863028 http://localhost:3000/pods/00000000000000000933/comments/824633863028
START ITERATOR for pattern at http://localhost:3000/pods/00000000000000000933/comments/412317002593 http://localhost:3000/pods/00000000000000000933/comments/412317002593
START ITERATOR for pattern at http://localhost:3000/pods/00000000000000000933/comments/481036479295 http://localhost:3000/pods/00000000000000000933/comments/481036479295
START ITERATOR for pattern at http://localhost:3000/pods/00000000000000000933/comments/618475432689 http://localhost:3000/pods/00000000000000000933/comments/618475432689
START ITERATOR for pattern at http://localhost:3000/pods/00000000000000000933/comments/962072795589 http://localhost:3000/pods/00000000000000000933/comments/962072795589
START ITERATOR for pattern at http://localhost:3000/pods/00000000000000000933/comments/962072795570 http://localhost:3000/pods/00000000000000000933/comments/962072795570
START ITERATOR for pattern at http://localhost:3000/pods/00000000000000000933/comments/962072795552 http://localhost:3000/pods/00000000000000000933/comments/962072795552
START ITERATOR for pattern at http://localhost:3000/pods/00000000000000000933/comments/962072795528 http://localhost:3000/pods/00000000000000000933/comments/962072795528
START ITERATOR for pattern at http://localhost:3000/pods/00000000000000000933/comments/962072795527 http://localhost:3000/pods/00000000000000000933/comments/962072795527
START ITERATOR for pattern at http://localhost:3000/pods/00000000000000000933/comments/962072795525 http://localhost:3000/pods/00000000000000000933/comments/962072795525
START ITERATOR for pattern at http://localhost:3000/pods/00000000000000000933/comments/1030792272121 http://localhost:3000/pods/00000000000000000933/comments/1030792272121
START ITERATOR for pattern at http://localhost:3000/pods/00000000000000000933/comments/1030792272060 http://localhost:3000/pods/00000000000000000933/comments/1030792272060
START ITERATOR for pattern at http://localhost:3000/pods/00000000000000000933/comments/893353296387 http://localhost:3000/pods/00000000000000000933/comments/893353296387
START ITERATOR for pattern at http://localhost:3000/pods/00000000000000000933/comments/893353296375 http://localhost:3000/pods/00000000000000000933/comments/893353296375
START ITERATOR for pattern at http://localhost:3000/pods/00000000000000000933/comments/893353296231 http://localhost:3000/pods/00000000000000000933/comments/893353296231
START ITERATOR for pattern at http://localhost:3000/pods/00000000000000000933/comments/893353296180 http://localhost:3000/pods/00000000000000000933/comments/893353296180
START ITERATOR for pattern at http://localhost:3000/pods/00000000000000000933/comments/824633819312 http://localhost:3000/pods/00000000000000000933/comments/824633819312
START ITERATOR for pattern at http://localhost:3000/pods/00000000000000000933/settings/publicTypeIndex http://localhost:3000/pods/00000000000000000933/settings/publicTypeIndex
START ITERATOR for pattern at http://localhost:3000/pods/00000000000000000933/comments/1030792249462 http://localhost:3000/pods/00000000000000000933/comments/1030792249462
START ITERATOR for pattern at http://localhost:3000/pods/00000000000000000933/comments/1030792249459 http://localhost:3000/pods/00000000000000000933/comments/1030792249459
START ITERATOR for pattern at http://localhost:3000/pods/00000000000000000933/comments/962072902061 http://localhost:3000/pods/00000000000000000933/comments/962072902061
START ITERATOR for pattern at http://localhost:3000/pods/00000000000000000933/comments/206158657924 http://localhost:3000/pods/00000000000000000933/comments/206158657924
START ITERATOR for pattern at http://localhost:3000/pods/00000000000000000933/comments/962072901922 http://localhost:3000/pods/00000000000000000933/comments/962072901922
START ITERATOR for pattern at http://localhost:3000/pods/00000000000000000933/comments/274878134534 http://localhost:3000/pods/00000000000000000933/comments/274878134534
START ITERATOR for pattern at http://localhost:3000/pods/00000000000000000933/comments/274878134533 http://localhost:3000/pods/00000000000000000933/comments/274878134533
START ITERATOR for pattern at http://localhost:3000/pods/00000000000000000933/comments/274878134506 http://localhost:3000/pods/00000000000000000933/comments/274878134506
START ITERATOR for pattern at http://localhost:3000/pods/00000000000000000933/comments/206158657719 http://localhost:3000/pods/00000000000000000933/comments/206158657719
START ITERATOR for pattern at http://localhost:3000/pods/00000000000000000933/comments/824633948323 http://localhost:3000/pods/00000000000000000933/comments/824633948323
START ITERATOR for pattern at http://localhost:3000/pods/00000000000000000933/comments/206158657628 http://localhost:3000/pods/00000000000000000933/comments/206158657628
START ITERATOR for pattern at http://localhost:3000/pods/00000000000000000933/comments/962072901712 http://localhost:3000/pods/00000000000000000933/comments/962072901712
START ITERATOR for pattern at http://localhost:3000/pods/00000000000000000933/comments/824633948225 http://localhost:3000/pods/00000000000000000933/comments/824633948225
START ITERATOR for pattern at http://localhost:3000/pods/00000000000000000933/comments/824633948217 http://localhost:3000/pods/00000000000000000933/comments/824633948217
START ITERATOR for pattern at http://localhost:3000/pods/00000000000000000933/comments/206158657583 http://localhost:3000/pods/00000000000000000933/comments/206158657583
START ITERATOR for pattern at http://localhost:3000/pods/00000000000000000933/comments/274878134295 http://localhost:3000/pods/00000000000000000933/comments/274878134295
START ITERATOR for pattern at http://localhost:3000/pods/00000000000000000933/comments/824633948154 http://localhost:3000/pods/00000000000000000933/comments/824633948154
START ITERATOR for pattern at http://localhost:3000/pods/00000000000000000933/comments/962072901507 http://localhost:3000/pods/00000000000000000933/comments/962072901507
START ITERATOR for pattern at http://localhost:3000/pods/00000000000000000933/comments/1030792378236 http://localhost:3000/pods/00000000000000000933/comments/1030792378236
START ITERATOR for pattern at http://localhost:3000/pods/00000000000000000933/comments/1030792378178 http://localhost:3000/pods/00000000000000000933/comments/1030792378178
START ITERATOR for pattern at http://localhost:3000/pods/00000000000000000933/comments/137439180534 http://localhost:3000/pods/00000000000000000933/comments/137439180534
START ITERATOR for pattern at http://localhost:3000/pods/00000000000000000933/comments/274878133954 http://localhost:3000/pods/00000000000000000933/comments/274878133954
START ITERATOR for pattern at http://localhost:3000/pods/00000000000000000933/comments/68719703701 http://localhost:3000/pods/00000000000000000933/comments/68719703701
START ITERATOR for pattern at http://localhost:3000/pods/00000000000000000933/comments/68719703700 http://localhost:3000/pods/00000000000000000933/comments/68719703700
START ITERATOR for pattern at http://localhost:3000/pods/00000000000000000933/comments/68719703699 http://localhost:3000/pods/00000000000000000933/comments/68719703699
START ITERATOR for pattern at http://localhost:3000/pods/00000000000000000933/comments/68719703698 http://localhost:3000/pods/00000000000000000933/comments/68719703698
START ITERATOR for pattern at http://localhost:3000/pods/00000000000000000933/comments/68719703695 http://localhost:3000/pods/00000000000000000933/comments/68719703695
START ITERATOR for pattern at http://localhost:3000/pods/00000000000000000933/comments/412317087321 http://localhost:3000/pods/00000000000000000933/comments/412317087321
START ITERATOR for pattern at http://localhost:3000/pods/00000000000000000933/comments/687194994244 http://localhost:3000/pods/00000000000000000933/comments/687194994244
START ITERATOR for pattern at http://localhost:3000/pods/00000000000000000933/comments/412317087261 http://localhost:3000/pods/00000000000000000933/comments/412317087261
START ITERATOR for pattern at http://localhost:3000/pods/00000000000000000933/comments/343597526168 http://localhost:3000/pods/00000000000000000933/comments/343597526168
START ITERATOR for pattern at http://localhost:3000/pods/00000000000000000933/comments/343597526156 http://localhost:3000/pods/00000000000000000933/comments/343597526156
START ITERATOR for pattern at http://localhost:3000/pods/00000000000000000933/comments/343597526137 http://localhost:3000/pods/00000000000000000933/comments/343597526137
START ITERATOR for pattern at http://localhost:3000/pods/00000000000000000933/comments/343597526122 http://localhost:3000/pods/00000000000000000933/comments/343597526122
START ITERATOR for pattern at http://localhost:3000/pods/00000000000000000933/comments/343597526121 http://localhost:3000/pods/00000000000000000933/comments/343597526121
START ITERATOR for pattern at http://localhost:3000/pods/00000000000000000933/comments/412317002825 http://localhost:3000/pods/00000000000000000933/comments/412317002825
START ITERATOR for pattern at http://localhost:3000/pods/00000000000000000933/comments/412317002822 http://localhost:3000/pods/00000000000000000933/comments/412317002822
START ITERATOR for pattern at http://localhost:3000/pods/00000000000000000933/comments/824633863206 http://localhost:3000/pods/00000000000000000933/comments/824633863206
START ITERATOR for pattern at http://localhost:3000/pods/00000000000000000933/comments/893353339927 http://localhost:3000/pods/00000000000000000933/comments/893353339927
START ITERATOR for pattern at http://localhost:3000/pods/00000000000000000933/comments/962072816624 http://localhost:3000/pods/00000000000000000933/comments/962072816624
START ITERATOR for pattern at http://localhost:3000/pods/00000000000000000933/comments/412317002705 http://localhost:3000/pods/00000000000000000933/comments/412317002705
START ITERATOR for pattern at http://localhost:3000/pods/00000000000000000933/comments/824633863112 http://localhost:3000/pods/00000000000000000933/comments/824633863112
START ITERATOR for pattern at http://localhost:3000/pods/00000000000000000933/comments/412317002668 http://localhost:3000/pods/00000000000000000933/comments/412317002668
START ITERATOR for pattern at http://localhost:3000/pods/00000000000000000933/comments/824633863028 http://localhost:3000/pods/00000000000000000933/comments/824633863028
START ITERATOR for pattern at http://localhost:3000/pods/00000000000000000933/comments/412317002593 http://localhost:3000/pods/00000000000000000933/comments/412317002593
START ITERATOR for pattern at http://localhost:3000/pods/00000000000000000933/comments/481036479295 http://localhost:3000/pods/00000000000000000933/comments/481036479295
START ITERATOR for pattern at http://localhost:3000/pods/00000000000000000933/comments/618475432689 http://localhost:3000/pods/00000000000000000933/comments/618475432689
START ITERATOR for pattern at http://localhost:3000/pods/00000000000000000933/comments/962072795589 http://localhost:3000/pods/00000000000000000933/comments/962072795589
START ITERATOR for pattern at http://localhost:3000/pods/00000000000000000933/comments/962072795570 http://localhost:3000/pods/00000000000000000933/comments/962072795570
START ITERATOR for pattern at http://localhost:3000/pods/00000000000000000933/comments/962072795552 http://localhost:3000/pods/00000000000000000933/comments/962072795552
START ITERATOR for pattern at http://localhost:3000/pods/00000000000000000933/comments/962072795528 http://localhost:3000/pods/00000000000000000933/comments/962072795528
START ITERATOR for pattern at http://localhost:3000/pods/00000000000000000933/comments/962072795527 http://localhost:3000/pods/00000000000000000933/comments/962072795527
START ITERATOR for pattern at http://localhost:3000/pods/00000000000000000933/comments/962072795525 http://localhost:3000/pods/00000000000000000933/comments/962072795525
START ITERATOR for pattern at http://localhost:3000/pods/00000000000000000933/comments/1030792272121 http://localhost:3000/pods/00000000000000000933/comments/1030792272121
START ITERATOR for pattern at http://localhost:3000/pods/00000000000000000933/comments/1030792272060 http://localhost:3000/pods/00000000000000000933/comments/1030792272060
START ITERATOR for pattern at http://localhost:3000/pods/00000000000000000933/comments/893353296387 http://localhost:3000/pods/00000000000000000933/comments/893353296387
START ITERATOR for pattern at http://localhost:3000/pods/00000000000000000933/comments/893353296375 http://localhost:3000/pods/00000000000000000933/comments/893353296375
START ITERATOR for pattern at http://localhost:3000/pods/00000000000000000933/comments/893353296231 http://localhost:3000/pods/00000000000000000933/comments/893353296231
START ITERATOR for pattern at http://localhost:3000/pods/00000000000000000933/comments/893353296180 http://localhost:3000/pods/00000000000000000933/comments/893353296180
START ITERATOR for pattern at http://localhost:3000/pods/00000000000000000933/comments/824633819312 http://localhost:3000/pods/00000000000000000933/comments/824633819312
START ITERATOR for pattern at http://localhost:3000/pods/00000000000000000933/noise/NOISE-15112 http://localhost:3000/pods/00000000000000000933/noise/NOISE-15112
START ITERATOR for pattern at http://localhost:3000/pods/00000000000000000933/comments/1030792249462 http://localhost:3000/pods/00000000000000000933/comments/1030792249462
START ITERATOR for pattern at http://localhost:3000/pods/00000000000000000933/noise/NOISE-14107 http://localhost:3000/pods/00000000000000000933/noise/NOISE-14107
START ITERATOR for pattern at http://localhost:3000/pods/00000000000000000933/noise/NOISE-15112 http://localhost:3000/pods/00000000000000000933/noise/NOISE-15112
START ITERATOR for pattern at http://localhost:3000/pods/00000000000000000933/posts/962072795586 http://localhost:3000/pods/00000000000000000933/posts/962072795586
START ITERATOR for pattern at http://localhost:3000/pods/00000000000000000933/noise/NOISE-14107 http://localhost:3000/pods/00000000000000000933/noise/NOISE-14107
START ITERATOR for pattern at http://localhost:3000/pods/00000000000000000933/posts/962072795511 http://localhost:3000/pods/00000000000000000933/posts/962072795511
START ITERATOR for pattern at http://localhost:3000/pods/00000000000000000933/posts/962072674681 http://localhost:3000/pods/00000000000000000933/posts/962072674681
START ITERATOR for pattern at http://localhost:3000/pods/00000000000000000933/posts/962072674680 http://localhost:3000/pods/00000000000000000933/posts/962072674680
START ITERATOR for pattern at http://localhost:3000/pods/00000000000000000933/posts/962072674679 http://localhost:3000/pods/00000000000000000933/posts/962072674679
START ITERATOR for pattern at http://localhost:3000/pods/00000000000000000933/posts/962072674678 http://localhost:3000/pods/00000000000000000933/posts/962072674678
START ITERATOR for pattern at http://localhost:3000/pods/00000000000000000933/posts/962072674677 http://localhost:3000/pods/00000000000000000933/posts/962072674677
START ITERATOR for pattern at http://localhost:3000/pods/00000000000000000933/posts/962072674676 http://localhost:3000/pods/00000000000000000933/posts/962072674676
START ITERATOR for pattern at http://localhost:3000/pods/00000000000000000933/posts/962072674675 http://localhost:3000/pods/00000000000000000933/posts/962072674675
START ITERATOR for pattern at http://localhost:3000/pods/00000000000000000933/posts/962072674674 http://localhost:3000/pods/00000000000000000933/posts/962072674674
START ITERATOR for pattern at http://localhost:3000/pods/00000000000000000933/posts/962072674673 http://localhost:3000/pods/00000000000000000933/posts/962072674673
START ITERATOR for pattern at http://localhost:3000/pods/00000000000000000933/posts/962072674672 http://localhost:3000/pods/00000000000000000933/posts/962072674672
START ITERATOR for pattern at http://localhost:3000/pods/00000000000000000933/posts/962072674671 http://localhost:3000/pods/00000000000000000933/posts/962072674671
START ITERATOR for pattern at http://localhost:3000/pods/00000000000000000933/posts/962072674670 http://localhost:3000/pods/00000000000000000933/posts/962072674670
START ITERATOR for pattern at http://localhost:3000/pods/00000000000000000933/posts/962072674669 http://localhost:3000/pods/00000000000000000933/posts/962072674669
START ITERATOR for pattern at http://localhost:3000/pods/00000000000000000933/posts/962072674668 http://localhost:3000/pods/00000000000000000933/posts/962072674668
START ITERATOR for pattern at http://localhost:3000/pods/00000000000000000933/posts/962072674667 http://localhost:3000/pods/00000000000000000933/posts/962072674667
START ITERATOR for pattern at http://localhost:3000/pods/00000000000000000933/posts/893353197930 http://localhost:3000/pods/00000000000000000933/posts/893353197930
START ITERATOR for pattern at http://localhost:3000/pods/00000000000000000933/posts/893353197929 http://localhost:3000/pods/00000000000000000933/posts/893353197929
START ITERATOR for pattern at http://localhost:3000/pods/00000000000000000933/posts/893353197928 http://localhost:3000/pods/00000000000000000933/posts/893353197928
START ITERATOR for pattern at http://localhost:3000/pods/00000000000000000933/posts/893353197927 http://localhost:3000/pods/00000000000000000933/posts/893353197927
START ITERATOR for pattern at http://localhost:3000/pods/00000000000000000933/posts/893353197926 http://localhost:3000/pods/00000000000000000933/posts/893353197926
START ITERATOR for pattern at http://localhost:3000/pods/00000000000000000933/posts/893353197925 http://localhost:3000/pods/00000000000000000933/posts/893353197925
START ITERATOR for pattern at http://localhost:3000/pods/00000000000000000933/posts/893353197924 http://localhost:3000/pods/00000000000000000933/posts/893353197924
START ITERATOR for pattern at http://localhost:3000/pods/00000000000000000933/posts/824633721187 http://localhost:3000/pods/00000000000000000933/posts/824633721187
START ITERATOR for pattern at http://localhost:3000/pods/00000000000000000933/posts/824633721186 http://localhost:3000/pods/00000000000000000933/posts/824633721186
START ITERATOR for pattern at http://localhost:3000/pods/00000000000000000933/posts/824633721185 http://localhost:3000/pods/00000000000000000933/posts/824633721185
START ITERATOR for pattern at http://localhost:3000/pods/00000000000000000933/posts/824633721184 http://localhost:3000/pods/00000000000000000933/posts/824633721184
START ITERATOR for pattern at http://localhost:3000/pods/00000000000000000933/posts/824633721183 http://localhost:3000/pods/00000000000000000933/posts/824633721183
START ITERATOR for pattern at http://localhost:3000/pods/00000000000000000933/posts/824633721182 http://localhost:3000/pods/00000000000000000933/posts/824633721182
START ITERATOR for pattern at http://localhost:3000/pods/00000000000000000933/posts/343597384029 http://localhost:3000/pods/00000000000000000933/posts/343597384029
START ITERATOR for pattern at http://localhost:3000/pods/00000000000000000933/posts/343597384028 http://localhost:3000/pods/00000000000000000933/posts/343597384028
START ITERATOR for pattern at http://localhost:3000/pods/00000000000000000933/posts/343597384027 http://localhost:3000/pods/00000000000000000933/posts/343597384027
START ITERATOR for pattern at http://localhost:3000/pods/00000000000000000933/posts/343597384026 http://localhost:3000/pods/00000000000000000933/posts/343597384026
START ITERATOR for pattern at http://localhost:3000/pods/00000000000000000933/posts/343597384025 http://localhost:3000/pods/00000000000000000933/posts/343597384025
START ITERATOR for pattern at http://localhost:3000/pods/00000000000000000933/posts/343597384024 http://localhost:3000/pods/00000000000000000933/posts/343597384024
START ITERATOR for pattern at http://localhost:3000/pods/00000000000000000933/posts/343597384023 http://localhost:3000/pods/00000000000000000933/posts/343597384023
START ITERATOR for pattern at http://localhost:3000/pods/00000000000000000933/posts/343597384022 http://localhost:3000/pods/00000000000000000933/posts/343597384022
START ITERATOR for pattern at http://localhost:3000/pods/00000000000000000933/posts/343597384021 http://localhost:3000/pods/00000000000000000933/posts/343597384021
START ITERATOR for pattern at http://localhost:3000/pods/00000000000000000933/posts/343597384020 http://localhost:3000/pods/00000000000000000933/posts/343597384020
START ITERATOR for pattern at http://localhost:3000/pods/00000000000000000933/posts/343597384019 http://localhost:3000/pods/00000000000000000933/posts/343597384019
START ITERATOR for pattern at http://localhost:3000/pods/00000000000000000933/posts/343597384018 http://localhost:3000/pods/00000000000000000933/posts/343597384018
START ITERATOR for pattern at http://localhost:3000/pods/00000000000000000933/posts/1030792151377 http://localhost:3000/pods/00000000000000000933/posts/1030792151377
START ITERATOR for pattern at http://localhost:3000/pods/00000000000000000933/posts/1030792151376 http://localhost:3000/pods/00000000000000000933/posts/1030792151376
START ITERATOR for pattern at http://localhost:3000/pods/00000000000000000933/posts/1030792151375 http://localhost:3000/pods/00000000000000000933/posts/1030792151375
START ITERATOR for pattern at http://localhost:3000/pods/00000000000000000933/posts/824633721166 http://localhost:3000/pods/00000000000000000933/posts/824633721166
START ITERATOR for pattern at http://localhost:3000/pods/00000000000000000933/posts/824633721165 http://localhost:3000/pods/00000000000000000933/posts/824633721165
START ITERATOR for pattern at http://localhost:3000/pods/00000000000000000933/posts/755914244428 http://localhost:3000/pods/00000000000000000933/posts/755914244428
START ITERATOR for pattern at http://localhost:3000/pods/00000000000000000933/posts/755914244427 http://localhost:3000/pods/00000000000000000933/posts/755914244427
START ITERATOR for pattern at http://localhost:3000/pods/00000000000000000933/posts/755914244426 http://localhost:3000/pods/00000000000000000933/posts/755914244426
START ITERATOR for pattern at http://localhost:3000/pods/00000000000000000933/posts/755914244425 http://localhost:3000/pods/00000000000000000933/posts/755914244425
START ITERATOR for pattern at http://localhost:3000/pods/00000000000000000933/posts/755914244424 http://localhost:3000/pods/00000000000000000933/posts/755914244424
START ITERATOR for pattern at http://localhost:3000/pods/00000000000000000933/posts/755914244423 http://localhost:3000/pods/00000000000000000933/posts/755914244423
START ITERATOR for pattern at http://localhost:3000/pods/00000000000000000933/posts/68719477062 http://localhost:3000/pods/00000000000000000933/posts/68719477062
START ITERATOR for pattern at http://localhost:3000/pods/00000000000000000933/posts/68719477061 http://localhost:3000/pods/00000000000000000933/posts/68719477061
START ITERATOR for pattern at http://localhost:3000/pods/00000000000000000933/posts/68719477060 http://localhost:3000/pods/00000000000000000933/posts/68719477060
START ITERATOR for pattern at http://localhost:3000/pods/00000000000000000933/posts/68719477059 http://localhost:3000/pods/00000000000000000933/posts/68719477059
START ITERATOR for pattern at http://localhost:3000/pods/00000000000000000933/posts/68719477058 http://localhost:3000/pods/00000000000000000933/posts/68719477058
START ITERATOR for pattern at http://localhost:3000/pods/00000000000000000933/posts/68719477057 http://localhost:3000/pods/00000000000000000933/posts/68719477057
START ITERATOR for pattern at http://localhost:3000/pods/00000000000000000933/posts/68719477056 http://localhost:3000/pods/00000000000000000933/posts/68719477056
START ITERATOR for pattern at http://localhost:3000/pods/00000000000000000933/posts/68719477055 http://localhost:3000/pods/00000000000000000933/posts/68719477055
START ITERATOR for pattern at http://localhost:3000/pods/00000000000000000933/posts/68719477054 http://localhost:3000/pods/00000000000000000933/posts/68719477054
START ITERATOR for pattern at http://localhost:3000/pods/00000000000000000933/posts/68719477053 http://localhost:3000/pods/00000000000000000933/posts/68719477053
START ITERATOR for pattern at http://localhost:3000/pods/00000000000000000933/posts/68719477052 http://localhost:3000/pods/00000000000000000933/posts/68719477052
START ITERATOR for pattern at http://localhost:3000/pods/00000000000000000933/posts/962072795586 http://localhost:3000/pods/00000000000000000933/posts/962072795586
START ITERATOR for pattern at http://localhost:3000/pods/00000000000000000933/posts/962072795511 http://localhost:3000/pods/00000000000000000933/posts/962072795511
START ITERATOR for pattern at http://localhost:3000/pods/00000000000000000933/posts/962072674681 http://localhost:3000/pods/00000000000000000933/posts/962072674681
START ITERATOR for pattern at http://localhost:3000/pods/00000000000000000933/posts/962072674680 http://localhost:3000/pods/00000000000000000933/posts/962072674680
START ITERATOR for pattern at http://localhost:3000/pods/00000000000000000933/posts/962072674679 http://localhost:3000/pods/00000000000000000933/posts/962072674679
START ITERATOR for pattern at http://localhost:3000/pods/00000000000000000933/posts/962072674678 http://localhost:3000/pods/00000000000000000933/posts/962072674678
START ITERATOR for pattern at http://localhost:3000/pods/00000000000000000933/posts/962072674677 http://localhost:3000/pods/00000000000000000933/posts/962072674677
START ITERATOR for pattern at http://localhost:3000/pods/00000000000000000933/posts/962072674676 http://localhost:3000/pods/00000000000000000933/posts/962072674676
START ITERATOR for pattern at http://localhost:3000/pods/00000000000000000933/posts/962072674675 http://localhost:3000/pods/00000000000000000933/posts/962072674675
START ITERATOR for pattern at http://localhost:3000/pods/00000000000000000933/posts/962072674674 http://localhost:3000/pods/00000000000000000933/posts/962072674674
START ITERATOR for pattern at http://localhost:3000/pods/00000000000000000933/posts/962072674673 http://localhost:3000/pods/00000000000000000933/posts/962072674673
START ITERATOR for pattern at http://localhost:3000/pods/00000000000000000933/posts/962072674672 http://localhost:3000/pods/00000000000000000933/posts/962072674672
START ITERATOR for pattern at http://localhost:3000/pods/00000000000000000933/posts/962072674671 http://localhost:3000/pods/00000000000000000933/posts/962072674671
START ITERATOR for pattern at http://localhost:3000/pods/00000000000000000933/posts/962072674670 http://localhost:3000/pods/00000000000000000933/posts/962072674670
START ITERATOR for pattern at http://localhost:3000/pods/00000000000000000933/posts/962072674669 http://localhost:3000/pods/00000000000000000933/posts/962072674669
START ITERATOR for pattern at http://localhost:3000/pods/00000000000000000933/posts/962072674668 http://localhost:3000/pods/00000000000000000933/posts/962072674668
START ITERATOR for pattern at http://localhost:3000/pods/00000000000000000933/posts/962072674667 http://localhost:3000/pods/00000000000000000933/posts/962072674667
START ITERATOR for pattern at http://localhost:3000/pods/00000000000000000933/posts/893353197930 http://localhost:3000/pods/00000000000000000933/posts/893353197930
START ITERATOR for pattern at http://localhost:3000/pods/00000000000000000933/posts/893353197929 http://localhost:3000/pods/00000000000000000933/posts/893353197929
START ITERATOR for pattern at http://localhost:3000/pods/00000000000000000933/posts/893353197928 http://localhost:3000/pods/00000000000000000933/posts/893353197928
START ITERATOR for pattern at http://localhost:3000/pods/00000000000000000933/posts/893353197927 http://localhost:3000/pods/00000000000000000933/posts/893353197927
START ITERATOR for pattern at http://localhost:3000/pods/00000000000000000933/posts/893353197926 http://localhost:3000/pods/00000000000000000933/posts/893353197926
START ITERATOR for pattern at http://localhost:3000/pods/00000000000000000933/posts/893353197925 http://localhost:3000/pods/00000000000000000933/posts/893353197925
START ITERATOR for pattern at http://localhost:3000/pods/00000000000000000933/posts/893353197924 http://localhost:3000/pods/00000000000000000933/posts/893353197924
START ITERATOR for pattern at http://localhost:3000/pods/00000000000000000933/posts/824633721187 http://localhost:3000/pods/00000000000000000933/posts/824633721187
START ITERATOR for pattern at http://localhost:3000/pods/00000000000000000933/posts/824633721186 http://localhost:3000/pods/00000000000000000933/posts/824633721186
START ITERATOR for pattern at http://localhost:3000/pods/00000000000000000933/posts/824633721185 http://localhost:3000/pods/00000000000000000933/posts/824633721185
START ITERATOR for pattern at http://localhost:3000/pods/00000000000000000933/posts/824633721184 http://localhost:3000/pods/00000000000000000933/posts/824633721184
START ITERATOR for pattern at http://localhost:3100/ldbc_socialnet/1.0/data/forum00000000824633726247 http://localhost:3100/ldbc_socialnet/1.0/data/forum00000000824633726247
START ITERATOR for pattern at http://localhost:3100/ldbc_socialnet/1.0/data/forum00000000068719476763 http://localhost:3100/ldbc_socialnet/1.0/data/forum00000000068719476763
START ITERATOR for pattern at http://localhost:3100/ldbc_socialnet/1.0/data/forum00000000755914244125 http://localhost:3100/ldbc_socialnet/1.0/data/forum00000000755914244125
START ITERATOR for pattern at http://localhost:3100/ldbc_socialnet/1.0/data/forum00000000824633720862 http://localhost:3100/ldbc_socialnet/1.0/data/forum00000000824633720862
START ITERATOR for pattern at http://localhost:3100/ldbc_socialnet/1.0/data/forum00000001030792151071 http://localhost:3100/ldbc_socialnet/1.0/data/forum00000001030792151071
START ITERATOR for pattern at http://localhost:3100/ldbc_socialnet/1.0/data/forum00000000343597383712 http://localhost:3100/ldbc_socialnet/1.0/data/forum00000000343597383712
START ITERATOR for pattern at http://localhost:3100/ldbc_socialnet/1.0/data/forum00000000824633720865 http://localhost:3100/ldbc_socialnet/1.0/data/forum00000000824633720865
START ITERATOR for pattern at http://localhost:3100/ldbc_socialnet/1.0/data/forum00000000893353197602 http://localhost:3100/ldbc_socialnet/1.0/data/forum00000000893353197602
START ITERATOR for pattern at http://localhost:3100/ldbc_socialnet/1.0/data/forum00000000962072674339 http://localhost:3100/ldbc_socialnet/1.0/data/forum00000000962072674339
START ITERATOR for pattern at http://localhost:3000/pods/00000000000000000933/posts/68719477051 http://localhost:3000/pods/00000000000000000933/posts/68719477051
START ITERATOR for pattern at http://localhost:3000/pods/00000000000000000933/posts/68719477050 http://localhost:3000/pods/00000000000000000933/posts/68719477050
START ITERATOR for pattern at http://localhost:3000/pods/00000000000000000933/posts/68719477049 http://localhost:3000/pods/00000000000000000933/posts/68719477049
START ITERATOR for pattern at http://localhost:3000/pods/00000000000000000933/posts/68719477048 http://localhost:3000/pods/00000000000000000933/posts/68719477048
START ITERATOR for pattern at http://localhost:3000/pods/00000000000000000933/posts/68719477047 http://localhost:3000/pods/00000000000000000933/posts/68719477047
START ITERATOR for pattern at http://localhost:3000/pods/00000000000000000933/posts/68719477046 http://localhost:3000/pods/00000000000000000933/posts/68719477046
START ITERATOR for pattern at http://localhost:3000/pods/00000000000000000933/posts/824633721183 http://localhost:3000/pods/00000000000000000933/posts/824633721183
START ITERATOR for pattern at http://localhost:3100/ldbc_socialnet/1.0/data/forum00000000893353197602 http://localhost:3100/ldbc_socialnet/1.0/data/forum00000000893353197602
START ITERATOR for pattern at http://localhost:3100/ldbc_socialnet/1.0/data/forum00000000962072674339 http://localhost:3100/ldbc_socialnet/1.0/data/forum00000000962072674339
START ITERATOR for pattern at http://localhost:3100/ldbc_socialnet/1.0/data/forum00000000824633726247 http://localhost:3100/ldbc_socialnet/1.0/data/forum00000000824633726247
START ITERATOR for pattern at http://localhost:3000/pods/00000000000000000933/posts/68719477045 http://localhost:3000/pods/00000000000000000933/posts/68719477045
START ITERATOR for pattern at http://localhost:3000/pods/00000000000000000933/posts/206158430516 http://localhost:3000/pods/00000000000000000933/posts/206158430516
START ITERATOR for pattern at http://localhost:3000/pods/00000000000000000933/posts/206158430515 http://localhost:3000/pods/00000000000000000933/posts/206158430515
START ITERATOR for pattern at http://localhost:3000/pods/00000000000000000933/posts/206158430514 http://localhost:3000/pods/00000000000000000933/posts/206158430514
START ITERATOR for pattern at http://localhost:3000/pods/00000000000000000933/posts/824633721182 http://localhost:3000/pods/00000000000000000933/posts/824633721182
START ITERATOR for pattern at http://localhost:3000/pods/00000000000000000933/posts/343597384029 http://localhost:3000/pods/00000000000000000933/posts/343597384029
START ITERATOR for pattern at http://localhost:3000/pods/00000000000000000933/posts/343597384028 http://localhost:3000/pods/00000000000000000933/posts/343597384028
START ITERATOR for pattern at http://localhost:3000/pods/00000000000000000933/posts/343597384027 http://localhost:3000/pods/00000000000000000933/posts/343597384027
START ITERATOR for pattern at http://localhost:3000/pods/00000000000000000933/posts/206158430513 http://localhost:3000/pods/00000000000000000933/posts/206158430513
START ITERATOR for pattern at http://localhost:3000/pods/00000000000000000933/posts/206158430512 http://localhost:3000/pods/00000000000000000933/posts/206158430512
START ITERATOR for pattern at http://localhost:3000/pods/00000000000000000933/posts/206158430511 http://localhost:3000/pods/00000000000000000933/posts/206158430511
START ITERATOR for pattern at http://localhost:3000/pods/00000000000000000933/posts/206158430510 http://localhost:3000/pods/00000000000000000933/posts/206158430510
START ITERATOR for pattern at http://localhost:3000/pods/00000000000000000933/posts/343597384026 http://localhost:3000/pods/00000000000000000933/posts/343597384026
START ITERATOR for pattern at http://localhost:3000/pods/00000000000000000933/posts/343597384025 http://localhost:3000/pods/00000000000000000933/posts/343597384025
START ITERATOR for pattern at http://localhost:3000/pods/00000000000000000933/posts/343597384024 http://localhost:3000/pods/00000000000000000933/posts/343597384024
START ITERATOR for pattern at http://localhost:3000/pods/00000000000000000933/posts/343597384023 http://localhost:3000/pods/00000000000000000933/posts/343597384023
START ITERATOR for pattern at http://localhost:3000/pods/00000000000000000933/posts/343597384022 http://localhost:3000/pods/00000000000000000933/posts/343597384022
START ITERATOR for pattern at http://localhost:3100/ldbc_socialnet/1.0/data/forum00000000343597383712 http://localhost:3100/ldbc_socialnet/1.0/data/forum00000000343597383712
START ITERATOR for pattern at http://localhost:3100/ldbc_socialnet/1.0/data/forum00000000824633720865 http://localhost:3100/ldbc_socialnet/1.0/data/forum00000000824633720865
START ITERATOR for pattern at http://localhost:3000/pods/00000000000000000933/posts/343597384021 http://localhost:3000/pods/00000000000000000933/posts/343597384021
START ITERATOR for pattern at http://localhost:3000/pods/00000000000000000933/posts/206158430509 http://localhost:3000/pods/00000000000000000933/posts/206158430509
START ITERATOR for pattern at http://localhost:3100/ldbc_socialnet/1.0/data/forum00000000206158430234 http://localhost:3100/ldbc_socialnet/1.0/data/forum00000000206158430234
START ITERATOR for pattern at http://localhost:3000/pods/00000000000000000933/posts/206158430508 http://localhost:3000/pods/00000000000000000933/posts/206158430508
START ITERATOR for pattern at http://localhost:3000/pods/00000000000000000933/posts/206158430507 http://localhost:3000/pods/00000000000000000933/posts/206158430507
START ITERATOR for pattern at http://localhost:3000/pods/00000000000000000933/posts/206158430506 http://localhost:3000/pods/00000000000000000933/posts/206158430506
START ITERATOR for pattern at http://localhost:3000/pods/00000000000000000933/posts/206158430505 http://localhost:3000/pods/00000000000000000933/posts/206158430505
START ITERATOR for pattern at http://localhost:3000/pods/00000000000000000933/posts/206158430504 http://localhost:3000/pods/00000000000000000933/posts/206158430504
START ITERATOR for pattern at http://localhost:3000/pods/00000000000000000933/posts/206158430503 http://localhost:3000/pods/00000000000000000933/posts/206158430503
START ITERATOR for pattern at http://localhost:3000/pods/00000000000000000933/posts/343597384020 http://localhost:3000/pods/00000000000000000933/posts/343597384020
START ITERATOR for pattern at http://localhost:3000/pods/00000000000000000933/posts/343597384019 http://localhost:3000/pods/00000000000000000933/posts/343597384019
START ITERATOR for pattern at http://localhost:3000/pods/00000000000000000933/posts/343597384018 http://localhost:3000/pods/00000000000000000933/posts/343597384018
START ITERATOR for pattern at http://localhost:3000/pods/00000000000000000933/posts/1030792151377 http://localhost:3000/pods/00000000000000000933/posts/1030792151377
START ITERATOR for pattern at http://localhost:3000/pods/00000000000000000933/posts/412316860710 http://localhost:3000/pods/00000000000000000933/posts/412316860710
START ITERATOR for pattern at http://localhost:3000/pods/00000000000000000933/posts/412316860709 http://localhost:3000/pods/00000000000000000933/posts/412316860709
START ITERATOR for pattern at http://localhost:3000/pods/00000000000000000933/posts/412316860708 http://localhost:3000/pods/00000000000000000933/posts/412316860708
START ITERATOR for pattern at http://localhost:3000/pods/00000000000000000933/posts/412316860707 http://localhost:3000/pods/00000000000000000933/posts/412316860707
START ITERATOR for pattern at http://localhost:3000/pods/00000000000000000933/posts/1030792151376 http://localhost:3000/pods/00000000000000000933/posts/1030792151376
START ITERATOR for pattern at http://localhost:3000/pods/00000000000000000933/posts/1030792151375 http://localhost:3000/pods/00000000000000000933/posts/1030792151375
START ITERATOR for pattern at http://localhost:3000/pods/00000000000000000933/posts/824633721166 http://localhost:3000/pods/00000000000000000933/posts/824633721166
START ITERATOR for pattern at http://localhost:3000/pods/00000000000000000933/posts/824633721165 http://localhost:3000/pods/00000000000000000933/posts/824633721165
START ITERATOR for pattern at http://localhost:3000/pods/00000000000000000933/posts/412316860706 http://localhost:3000/pods/00000000000000000933/posts/412316860706
START ITERATOR for pattern at http://localhost:3000/pods/00000000000000000933/posts/824633721121 http://localhost:3000/pods/00000000000000000933/posts/824633721121
START ITERATOR for pattern at http://localhost:3000/pods/00000000000000000933/posts/824633721120 http://localhost:3000/pods/00000000000000000933/posts/824633721120
START ITERATOR for pattern at http://localhost:3000/pods/00000000000000000933/posts/824633721119 http://localhost:3000/pods/00000000000000000933/posts/824633721119
START ITERATOR for pattern at http://localhost:3000/pods/00000000000000000933/posts/755914244428 http://localhost:3000/pods/00000000000000000933/posts/755914244428
START ITERATOR for pattern at http://localhost:3000/pods/00000000000000000933/posts/755914244427 http://localhost:3000/pods/00000000000000000933/posts/755914244427
START ITERATOR for pattern at http://localhost:3000/pods/00000000000000000933/posts/755914244426 http://localhost:3000/pods/00000000000000000933/posts/755914244426
START ITERATOR for pattern at http://localhost:3000/pods/00000000000000000933/posts/755914244425 http://localhost:3000/pods/00000000000000000933/posts/755914244425
START ITERATOR for pattern at http://localhost:3000/pods/00000000000000000933/posts/824633721118 http://localhost:3000/pods/00000000000000000933/posts/824633721118
START ITERATOR for pattern at http://localhost:3100/ldbc_socialnet/1.0/data/forum00000000412316860441 http://localhost:3100/ldbc_socialnet/1.0/data/forum00000000412316860441
START ITERATOR for pattern at http://localhost:3000/pods/00000000000000000933/posts/824633721117 http://localhost:3000/pods/00000000000000000933/posts/824633721117
START ITERATOR for pattern at http://localhost:3000/pods/00000000000000000933/posts/824633721116 http://localhost:3000/pods/00000000000000000933/posts/824633721116
START ITERATOR for pattern at http://localhost:3000/pods/00000000000000000933/posts/755914244424 http://localhost:3000/pods/00000000000000000933/posts/755914244424
START ITERATOR for pattern at http://localhost:3100/ldbc_socialnet/1.0/data/forum00000000824633720862 http://localhost:3100/ldbc_socialnet/1.0/data/forum00000000824633720862
START ITERATOR for pattern at http://localhost:3100/ldbc_socialnet/1.0/data/forum00000001030792151071 http://localhost:3100/ldbc_socialnet/1.0/data/forum00000001030792151071
START ITERATOR for pattern at http://localhost:3000/pods/00000000000000000933/posts/755914244423 http://localhost:3000/pods/00000000000000000933/posts/755914244423
START ITERATOR for pattern at http://localhost:3000/pods/00000000000000000933/posts/824633721115 http://localhost:3000/pods/00000000000000000933/posts/824633721115
START ITERATOR for pattern at http://localhost:3000/pods/00000000000000000933/posts/824633721114 http://localhost:3000/pods/00000000000000000933/posts/824633721114
START ITERATOR for pattern at http://localhost:3000/pods/00000000000000000933/posts/824633721113 http://localhost:3000/pods/00000000000000000933/posts/824633721113
START ITERATOR for pattern at http://localhost:3000/pods/00000000000000000933/posts/206158430488 http://localhost:3000/pods/00000000000000000933/posts/206158430488
START ITERATOR for pattern at http://localhost:3000/pods/00000000000000000933/posts/68719477062 http://localhost:3000/pods/00000000000000000933/posts/68719477062
START ITERATOR for pattern at http://localhost:3000/pods/00000000000000000933/posts/68719477061 http://localhost:3000/pods/00000000000000000933/posts/68719477061
START ITERATOR for pattern at http://localhost:3000/pods/00000000000000000933/posts/68719477060 http://localhost:3000/pods/00000000000000000933/posts/68719477060
START ITERATOR for pattern at http://localhost:3000/pods/00000000000000000933/posts/68719477059 http://localhost:3000/pods/00000000000000000933/posts/68719477059
START ITERATOR for pattern at http://localhost:3000/pods/00000000000000000933/posts/68719477058 http://localhost:3000/pods/00000000000000000933/posts/68719477058
START ITERATOR for pattern at http://localhost:3000/pods/00000000000000000933/posts/68719477057 http://localhost:3000/pods/00000000000000000933/posts/68719477057
START ITERATOR for pattern at http://localhost:3000/pods/00000000000000000933/posts/206158430487 http://localhost:3000/pods/00000000000000000933/posts/206158430487
START ITERATOR for pattern at http://localhost:3000/pods/00000000000000000933/posts/206158430486 http://localhost:3000/pods/00000000000000000933/posts/206158430486
START ITERATOR for pattern at http://localhost:3000/pods/00000000000000000933/posts/206158430485 http://localhost:3000/pods/00000000000000000933/posts/206158430485
START ITERATOR for pattern at http://localhost:3000/pods/00000000000000000933/posts/206158430484 http://localhost:3000/pods/00000000000000000933/posts/206158430484
START ITERATOR for pattern at http://localhost:3000/pods/00000000000000000933/posts/68719477056 http://localhost:3000/pods/00000000000000000933/posts/68719477056
START ITERATOR for pattern at http://localhost:3000/pods/00000000000000000933/posts/68719477055 http://localhost:3000/pods/00000000000000000933/posts/68719477055
START ITERATOR for pattern at http://localhost:3000/pods/00000000000000000933/posts/68719477054 http://localhost:3000/pods/00000000000000000933/posts/68719477054
START ITERATOR for pattern at http://localhost:3000/pods/00000000000000000933/posts/68719477053 http://localhost:3000/pods/00000000000000000933/posts/68719477053
START ITERATOR for pattern at http://localhost:3000/pods/00000000000000000933/posts/206158430483 http://localhost:3000/pods/00000000000000000933/posts/206158430483
START ITERATOR for pattern at http://localhost:3000/pods/00000000000000000933/posts/68719477052 http://localhost:3000/pods/00000000000000000933/posts/68719477052
START ITERATOR for pattern at http://localhost:3100/ldbc_socialnet/1.0/data/forum00000000206158430231 http://localhost:3100/ldbc_socialnet/1.0/data/forum00000000206158430231
START ITERATOR for pattern at http://localhost:3100/ldbc_socialnet/1.0/data/forum00000000068719476763 http://localhost:3100/ldbc_socialnet/1.0/data/forum00000000068719476763
START ITERATOR for pattern at http://localhost:3100/ldbc_socialnet/1.0/data/forum00000000824633720856 http://localhost:3100/ldbc_socialnet/1.0/data/forum00000000824633720856
START ITERATOR for pattern at http://localhost:3100/ldbc_socialnet/1.0/data/forum00000000755914244125 http://localhost:3100/ldbc_socialnet/1.0/data/forum00000000755914244125
START ITERATOR for pattern at http://localhost:3000/pods/00000000000000000933/posts/206158430482 http://localhost:3000/pods/00000000000000000933/posts/206158430482
START ITERATOR for pattern at http://localhost:3000/pods/00000000000000000933/posts/68719477051 http://localhost:3000/pods/00000000000000000933/posts/68719477051
START ITERATOR for pattern at http://localhost:3000/pods/00000000000000000933/posts/68719477050 http://localhost:3000/pods/00000000000000000933/posts/68719477050
START ITERATOR for pattern at http://localhost:3000/pods/00000000000000000933/posts/206158430481 http://localhost:3000/pods/00000000000000000933/posts/206158430481
START ITERATOR for pattern at http://localhost:3000/pods/00000000000000000933/posts/206158430480 http://localhost:3000/pods/00000000000000000933/posts/206158430480
START ITERATOR for pattern at http://localhost:3000/pods/00000000000000000933/posts/68719477049 http://localhost:3000/pods/00000000000000000933/posts/68719477049
START ITERATOR for pattern at http://localhost:3000/pods/00000000000000000933/posts/206158430479 http://localhost:3000/pods/00000000000000000933/posts/206158430479
START ITERATOR for pattern at http://localhost:3000/pods/00000000000000000933/posts/68719477048 http://localhost:3000/pods/00000000000000000933/posts/68719477048
START ITERATOR for pattern at http://localhost:3000/pods/00000000000000000933/posts/206158430478 http://localhost:3000/pods/00000000000000000933/posts/206158430478
START ITERATOR for pattern at http://localhost:3000/pods/00000000000000000933/posts/68719477047 http://localhost:3000/pods/00000000000000000933/posts/68719477047
START ITERATOR for pattern at http://localhost:3000/pods/00000000000000000933/posts/68719477046 http://localhost:3000/pods/00000000000000000933/posts/68719477046
START ITERATOR for pattern at http://localhost:3000/pods/00000000000000000933/posts/206158430477 http://localhost:3000/pods/00000000000000000933/posts/206158430477
START ITERATOR for pattern at http://localhost:3000/pods/00000000000000000933/posts/206158430476 http://localhost:3000/pods/00000000000000000933/posts/206158430476
START ITERATOR for pattern at http://localhost:3000/pods/00000000000000000933/posts/68719477045 http://localhost:3000/pods/00000000000000000933/posts/68719477045
START ITERATOR for pattern at http://localhost:3000/pods/00000000000000000933/posts/206158430475 http://localhost:3000/pods/00000000000000000933/posts/206158430475
START ITERATOR for pattern at http://localhost:3000/pods/00000000000000000933/posts/206158430516 http://localhost:3000/pods/00000000000000000933/posts/206158430516
START ITERATOR for pattern at http://localhost:3000/pods/00000000000000000933/posts/206158430474 http://localhost:3000/pods/00000000000000000933/posts/206158430474
START ITERATOR for pattern at http://localhost:3000/pods/00000000000000000933/posts/206158430473 http://localhost:3000/pods/00000000000000000933/posts/206158430473
START ITERATOR for pattern at http://localhost:3000/pods/00000000000000000933/posts/206158430472 http://localhost:3000/pods/00000000000000000933/posts/206158430472
START ITERATOR for pattern at http://localhost:3000/pods/00000000000000000933/posts/206158430471 http://localhost:3000/pods/00000000000000000933/posts/206158430471
START ITERATOR for pattern at http://localhost:3000/pods/00000000000000000933/posts/206158430470 http://localhost:3000/pods/00000000000000000933/posts/206158430470
START ITERATOR for pattern at http://localhost:3000/pods/00000000000000000933/posts/618475290885 http://localhost:3000/pods/00000000000000000933/posts/618475290885
START ITERATOR for pattern at http://localhost:3000/pods/00000000000000000933/posts/618475290884 http://localhost:3000/pods/00000000000000000933/posts/618475290884
START ITERATOR for pattern at http://localhost:3000/pods/00000000000000000933/posts/206158430467 http://localhost:3000/pods/00000000000000000933/posts/206158430467
START ITERATOR for pattern at http://localhost:3000/pods/00000000000000000933/posts/206158430466 http://localhost:3000/pods/00000000000000000933/posts/206158430466
START ITERATOR for pattern at http://localhost:3000/pods/00000000000000000933/posts/206158430465 http://localhost:3000/pods/00000000000000000933/posts/206158430465
START ITERATOR for pattern at http://localhost:3000/pods/00000000000000000933/posts/206158430515 http://localhost:3000/pods/00000000000000000933/posts/206158430515
START ITERATOR for pattern at http://localhost:3000/pods/00000000000000000933/posts/206158430514 http://localhost:3000/pods/00000000000000000933/posts/206158430514
START ITERATOR for pattern at http://localhost:3000/pods/00000000000000000933/posts/206158430464 http://localhost:3000/pods/00000000000000000933/posts/206158430464
START ITERATOR for pattern at http://localhost:3000/pods/00000000000000000933/posts/206158430463 http://localhost:3000/pods/00000000000000000933/posts/206158430463
START ITERATOR for pattern at http://localhost:3100/ldbc_socialnet/1.0/data/forum00000000206158430234 http://localhost:3100/ldbc_socialnet/1.0/data/forum00000000206158430234
START ITERATOR for pattern at http://localhost:3000/pods/00000000000000000933/posts/206158430462 http://localhost:3000/pods/00000000000000000933/posts/206158430462
START ITERATOR for pattern at http://localhost:3000/pods/00000000000000000933/posts/206158430513 http://localhost:3000/pods/00000000000000000933/posts/206158430513
START ITERATOR for pattern at http://localhost:3000/pods/00000000000000000933/posts/206158430461 http://localhost:3000/pods/00000000000000000933/posts/206158430461
START ITERATOR for pattern at http://localhost:3000/pods/00000000000000000933/posts/206158430512 http://localhost:3000/pods/00000000000000000933/posts/206158430512
START ITERATOR for pattern at http://localhost:3000/pods/00000000000000000933/posts/206158430460 http://localhost:3000/pods/00000000000000000933/posts/206158430460
START ITERATOR for pattern at http://localhost:3100/ldbc_socialnet/1.0/data/forum00000000206158430229 http://localhost:3100/ldbc_socialnet/1.0/data/forum00000000206158430229
START ITERATOR for pattern at http://localhost:3000/pods/00000000000000000933/posts/206158430511 http://localhost:3000/pods/00000000000000000933/posts/206158430511
START ITERATOR for pattern at http://localhost:3000/pods/00000000000000000933/posts/206158430510 http://localhost:3000/pods/00000000000000000933/posts/206158430510
START ITERATOR for pattern at http://localhost:3100/ldbc_socialnet/1.0/data/forum00000000618475290646 http://localhost:3100/ldbc_socialnet/1.0/data/forum00000000618475290646
START ITERATOR for pattern at http://localhost:3000/pods/00000000000000000933/posts/206158430509 http://localhost:3000/pods/00000000000000000933/posts/206158430509
START ITERATOR for pattern at http://localhost:3000/pods/00000000000000000933/posts/687194767611 http://localhost:3000/pods/00000000000000000933/posts/687194767611
START ITERATOR for pattern at http://localhost:3000/pods/00000000000000000933/posts/206158430508 http://localhost:3000/pods/00000000000000000933/posts/206158430508
START ITERATOR for pattern at http://localhost:3000/pods/00000000000000000933/posts/687194767610 http://localhost:3000/pods/00000000000000000933/posts/687194767610
START ITERATOR for pattern at http://localhost:3000/pods/00000000000000000933/posts/687194767609 http://localhost:3000/pods/00000000000000000933/posts/687194767609
START ITERATOR for pattern at http://localhost:3000/pods/00000000000000000933/posts/206158430507 http://localhost:3000/pods/00000000000000000933/posts/206158430507
START ITERATOR for pattern at http://localhost:3000/pods/00000000000000000933/posts/206158430506 http://localhost:3000/pods/00000000000000000933/posts/206158430506
START ITERATOR for pattern at http://localhost:3100/ldbc_socialnet/1.0/data/forum00000000687194767380 http://localhost:3100/ldbc_socialnet/1.0/data/forum00000000687194767380
START ITERATOR for pattern at http://localhost:3000/pods/00000000000000000933/posts/206158430505 http://localhost:3000/pods/00000000000000000933/posts/206158430505
START ITERATOR for pattern at http://localhost:3000/pods/00000000000000000933/posts/687194767608 http://localhost:3000/pods/00000000000000000933/posts/687194767608
START ITERATOR for pattern at http://localhost:3000/pods/00000000000000000933/posts/206158430504 http://localhost:3000/pods/00000000000000000933/posts/206158430504
START ITERATOR for pattern at http://localhost:3000/pods/00000000000000000933/posts/687194767607 http://localhost:3000/pods/00000000000000000933/posts/687194767607
START ITERATOR for pattern at http://localhost:3000/pods/00000000000000000933/posts/687194767606 http://localhost:3000/pods/00000000000000000933/posts/687194767606
START ITERATOR for pattern at http://localhost:3000/pods/00000000000000000933/posts/206158430503 http://localhost:3000/pods/00000000000000000933/posts/206158430503
START ITERATOR for pattern at http://localhost:3000/pods/00000000000000000933/posts/412316860710 http://localhost:3000/pods/00000000000000000933/posts/412316860710
START ITERATOR for pattern at http://localhost:3000/pods/00000000000000000933/posts/687194767605 http://localhost:3000/pods/00000000000000000933/posts/687194767605
START ITERATOR for pattern at http://localhost:3000/pods/00000000000000000933/posts/687194767604 http://localhost:3000/pods/00000000000000000933/posts/687194767604
START ITERATOR for pattern at http://localhost:3000/pods/00000000000000000933/posts/412316860709 http://localhost:3000/pods/00000000000000000933/posts/412316860709
START ITERATOR for pattern at http://localhost:3000/pods/00000000000000000933/posts/687194767603 http://localhost:3000/pods/00000000000000000933/posts/687194767603
START ITERATOR for pattern at http://localhost:3000/pods/00000000000000000933/posts/412316860708 http://localhost:3000/pods/00000000000000000933/posts/412316860708
START ITERATOR for pattern at http://localhost:3000/pods/00000000000000000933/posts/687194767602 http://localhost:3000/pods/00000000000000000933/posts/687194767602
START ITERATOR for pattern at http://localhost:3000/pods/00000000000000000933/posts/687194767601 http://localhost:3000/pods/00000000000000000933/posts/687194767601
START ITERATOR for pattern at http://localhost:3000/pods/00000000000000000933/posts/412316860707 http://localhost:3000/pods/00000000000000000933/posts/412316860707
START ITERATOR for pattern at http://localhost:3100/ldbc_socialnet/1.0/data/forum00000000412316860441 http://localhost:3100/ldbc_socialnet/1.0/data/forum00000000412316860441
START ITERATOR for pattern at http://localhost:3000/pods/00000000000000000933/posts/687194767600 http://localhost:3000/pods/00000000000000000933/posts/687194767600
START ITERATOR for pattern at http://localhost:3000/pods/00000000000000000933/posts/412316860706 http://localhost:3000/pods/00000000000000000933/posts/412316860706
START ITERATOR for pattern at http://localhost:3000/pods/00000000000000000933/posts/687194767599 http://localhost:3000/pods/00000000000000000933/posts/687194767599
START ITERATOR for pattern at http://localhost:3000/pods/00000000000000000933/posts/824633721121 http://localhost:3000/pods/00000000000000000933/posts/824633721121
START ITERATOR for pattern at http://localhost:3000/pods/00000000000000000933/posts/687194767598 http://localhost:3000/pods/00000000000000000933/posts/687194767598
START ITERATOR for pattern at http://localhost:3000/pods/00000000000000000933/posts/824633721120 http://localhost:3000/pods/00000000000000000933/posts/824633721120
START ITERATOR for pattern at http://localhost:3000/pods/00000000000000000933/posts/687194767597 http://localhost:3000/pods/00000000000000000933/posts/687194767597
START ITERATOR for pattern at http://localhost:3000/pods/00000000000000000933/posts/824633721119 http://localhost:3000/pods/00000000000000000933/posts/824633721119
START ITERATOR for pattern at http://localhost:3000/pods/00000000000000000933/posts/687194767596 http://localhost:3000/pods/00000000000000000933/posts/687194767596
START ITERATOR for pattern at http://localhost:3100/ldbc_socialnet/1.0/data/forum00000000824633720856 http://localhost:3100/ldbc_socialnet/1.0/data/forum00000000824633720856
START ITERATOR for pattern at http://localhost:3000/pods/00000000000000000933/posts/687194767595 http://localhost:3000/pods/00000000000000000933/posts/687194767595
START ITERATOR for pattern at http://localhost:3000/pods/00000000000000000933/posts/824633721118 http://localhost:3000/pods/00000000000000000933/posts/824633721118
START ITERATOR for pattern at http://localhost:3000/pods/00000000000000000933/posts/687194767594 http://localhost:3000/pods/00000000000000000933/posts/687194767594
START ITERATOR for pattern at http://localhost:3000/pods/00000000000000000933/posts/824633721117 http://localhost:3000/pods/00000000000000000933/posts/824633721117
START ITERATOR for pattern at http://localhost:3000/pods/00000000000000000933/posts/687194767593 http://localhost:3000/pods/00000000000000000933/posts/687194767593
START ITERATOR for pattern at http://localhost:3000/pods/00000000000000000933/posts/824633721116 http://localhost:3000/pods/00000000000000000933/posts/824633721116
START ITERATOR for pattern at http://localhost:3100/ldbc_socialnet/1.0/data/forum00000000687194767378 http://localhost:3100/ldbc_socialnet/1.0/data/forum00000000687194767378
START ITERATOR for pattern at http://localhost:3000/pods/00000000000000000933/posts/824633721115 http://localhost:3000/pods/00000000000000000933/posts/824633721115
START ITERATOR for pattern at http://localhost:3000/pods/00000000000000000933/posts/687194767592 http://localhost:3000/pods/00000000000000000933/posts/687194767592
START ITERATOR for pattern at http://localhost:3000/pods/00000000000000000933/posts/824633721114 http://localhost:3000/pods/00000000000000000933/posts/824633721114
START ITERATOR for pattern at http://localhost:3000/pods/00000000000000000933/posts/687194767591 http://localhost:3000/pods/00000000000000000933/posts/687194767591
START ITERATOR for pattern at http://localhost:3000/pods/00000000000000000933/posts/824633721113 http://localhost:3000/pods/00000000000000000933/posts/824633721113
START ITERATOR for pattern at http://localhost:3000/pods/00000000000000000933/posts/206158430488 http://localhost:3000/pods/00000000000000000933/posts/206158430488
START ITERATOR for pattern at http://localhost:3000/pods/00000000000000000933/posts/687194767590 http://localhost:3000/pods/00000000000000000933/posts/687194767590
START ITERATOR for pattern at http://localhost:3000/pods/00000000000000000933/posts/687194767589 http://localhost:3000/pods/00000000000000000933/posts/687194767589
START ITERATOR for pattern at http://localhost:3000/pods/00000000000000000933/posts/687194767588 http://localhost:3000/pods/00000000000000000933/posts/687194767588
START ITERATOR for pattern at http://localhost:3000/pods/00000000000000000933/posts/206158430487 http://localhost:3000/pods/00000000000000000933/posts/206158430487
START ITERATOR for pattern at http://localhost:3000/pods/00000000000000000933/posts/687194767587 http://localhost:3000/pods/00000000000000000933/posts/687194767587
START ITERATOR for pattern at http://localhost:3000/pods/00000000000000000933/posts/206158430486 http://localhost:3000/pods/00000000000000000933/posts/206158430486
START ITERATOR for pattern at http://localhost:3000/pods/00000000000000000933/posts/687194767586 http://localhost:3000/pods/00000000000000000933/posts/687194767586
START ITERATOR for pattern at http://localhost:3000/pods/00000000000000000933/posts/206158430485 http://localhost:3000/pods/00000000000000000933/posts/206158430485
START ITERATOR for pattern at http://localhost:3000/pods/00000000000000000933/posts/687194767585 http://localhost:3000/pods/00000000000000000933/posts/687194767585
START ITERATOR for pattern at http://localhost:3000/pods/00000000000000000933/posts/687194767584 http://localhost:3000/pods/00000000000000000933/posts/687194767584
START ITERATOR for pattern at http://localhost:3000/pods/00000000000000000933/posts/206158430484 http://localhost:3000/pods/00000000000000000933/posts/206158430484
START ITERATOR for pattern at http://localhost:3100/ldbc_socialnet/1.0/data/forum00000000206158430231 http://localhost:3100/ldbc_socialnet/1.0/data/forum00000000206158430231
START ITERATOR for pattern at http://localhost:3000/pods/00000000000000000933/posts/687194767583 http://localhost:3000/pods/00000000000000000933/posts/687194767583
START ITERATOR for pattern at http://localhost:3000/pods/00000000000000000933/posts/206158430483 http://localhost:3000/pods/00000000000000000933/posts/206158430483
START ITERATOR for pattern at http://localhost:3000/pods/00000000000000000933/posts/687194767582 http://localhost:3000/pods/00000000000000000933/posts/687194767582
START ITERATOR for pattern at http://localhost:3000/pods/00000000000000000933/posts/206158430482 http://localhost:3000/pods/00000000000000000933/posts/206158430482
START ITERATOR for pattern at http://localhost:3000/pods/00000000000000000933/posts/687194767581 http://localhost:3000/pods/00000000000000000933/posts/687194767581
START ITERATOR for pattern at http://localhost:3000/pods/00000000000000000933/posts/687194767580 http://localhost:3000/pods/00000000000000000933/posts/687194767580
START ITERATOR for pattern at http://localhost:3000/pods/00000000000000000933/posts/206158430481 http://localhost:3000/pods/00000000000000000933/posts/206158430481
START ITERATOR for pattern at http://localhost:3000/pods/00000000000000000933/posts/206158430480 http://localhost:3000/pods/00000000000000000933/posts/206158430480
START ITERATOR for pattern at http://localhost:3000/pods/00000000000000000933/posts/687194767579 http://localhost:3000/pods/00000000000000000933/posts/687194767579
START ITERATOR for pattern at http://localhost:3000/pods/00000000000000000933/posts/206158430479 http://localhost:3000/pods/00000000000000000933/posts/206158430479
START ITERATOR for pattern at http://localhost:3000/pods/00000000000000000933/posts/687194767578 http://localhost:3000/pods/00000000000000000933/posts/687194767578
START ITERATOR for pattern at http://localhost:3000/pods/00000000000000000933/posts/412316860633 http://localhost:3000/pods/00000000000000000933/posts/412316860633
START ITERATOR for pattern at http://localhost:3000/pods/00000000000000000933/posts/412316860632 http://localhost:3000/pods/00000000000000000933/posts/412316860632
START ITERATOR for pattern at http://localhost:3000/pods/00000000000000000933/posts/206158430478 http://localhost:3000/pods/00000000000000000933/posts/206158430478
START ITERATOR for pattern at http://localhost:3000/pods/00000000000000000933/posts/412316860631 http://localhost:3000/pods/00000000000000000933/posts/412316860631
START ITERATOR for pattern at http://localhost:3000/pods/00000000000000000933/posts/412316860630 http://localhost:3000/pods/00000000000000000933/posts/412316860630
START ITERATOR for pattern at http://localhost:3000/pods/00000000000000000933/posts/206158430477 http://localhost:3000/pods/00000000000000000933/posts/206158430477
START ITERATOR for pattern at http://localhost:3000/pods/00000000000000000933/posts/206158430476 http://localhost:3000/pods/00000000000000000933/posts/206158430476
START ITERATOR for pattern at http://localhost:3100/ldbc_socialnet/1.0/data/forum00000000412316860433 http://localhost:3100/ldbc_socialnet/1.0/data/forum00000000412316860433
START ITERATOR for pattern at http://localhost:3000/pods/00000000000000000933/posts/206158430475 http://localhost:3000/pods/00000000000000000933/posts/206158430475
START ITERATOR for pattern at http://localhost:3000/pods/00000000000000000933/posts/412316860629 http://localhost:3000/pods/00000000000000000933/posts/412316860629
START ITERATOR for pattern at http://localhost:3000/pods/00000000000000000933/posts/206158430474 http://localhost:3000/pods/00000000000000000933/posts/206158430474
START ITERATOR for pattern at http://localhost:3000/pods/00000000000000000933/posts/412316860628 http://localhost:3000/pods/00000000000000000933/posts/412316860628
START ITERATOR for pattern at http://localhost:3000/pods/00000000000000000933/posts/206158430473 http://localhost:3000/pods/00000000000000000933/posts/206158430473
START ITERATOR for pattern at http://localhost:3000/pods/00000000000000000933/posts/412316860627 http://localhost:3000/pods/00000000000000000933/posts/412316860627
START ITERATOR for pattern at http://localhost:3000/pods/00000000000000000933/posts/206158430472 http://localhost:3000/pods/00000000000000000933/posts/206158430472
START ITERATOR for pattern at http://localhost:3000/pods/00000000000000000933/posts/412316860626 http://localhost:3000/pods/00000000000000000933/posts/412316860626
START ITERATOR for pattern at http://localhost:3000/pods/00000000000000000933/posts/206158430471 http://localhost:3000/pods/00000000000000000933/posts/206158430471
START ITERATOR for pattern at http://localhost:3000/pods/00000000000000000933/posts/481036337361 http://localhost:3000/pods/00000000000000000933/posts/481036337361
START ITERATOR for pattern at http://localhost:3000/pods/00000000000000000933/posts/206158430470 http://localhost:3000/pods/00000000000000000933/posts/206158430470
START ITERATOR for pattern at http://localhost:3000/pods/00000000000000000933/posts/481036337360 http://localhost:3000/pods/00000000000000000933/posts/481036337360
START ITERATOR for pattern at http://localhost:3000/pods/00000000000000000933/posts/618475290885 http://localhost:3000/pods/00000000000000000933/posts/618475290885
START ITERATOR for pattern at http://localhost:3000/pods/00000000000000000933/posts/481036337359 http://localhost:3000/pods/00000000000000000933/posts/481036337359
START ITERATOR for pattern at http://localhost:3000/pods/00000000000000000933/posts/618475290884 http://localhost:3000/pods/00000000000000000933/posts/618475290884
START ITERATOR for pattern at http://localhost:3100/ldbc_socialnet/1.0/data/forum00000000481036337168 http://localhost:3100/ldbc_socialnet/1.0/data/forum00000000481036337168
START ITERATOR for pattern at http://localhost:3000/pods/00000000000000000933/posts/206158430467 http://localhost:3000/pods/00000000000000000933/posts/206158430467
START ITERATOR for pattern at http://localhost:3000/pods/00000000000000000933/posts/481036337358 http://localhost:3000/pods/00000000000000000933/posts/481036337358
START ITERATOR for pattern at http://localhost:3000/pods/00000000000000000933/posts/206158430466 http://localhost:3000/pods/00000000000000000933/posts/206158430466
START ITERATOR for pattern at http://localhost:3000/pods/00000000000000000933/posts/481036337357 http://localhost:3000/pods/00000000000000000933/posts/481036337357
START ITERATOR for pattern at http://localhost:3000/pods/00000000000000000933/posts/206158430465 http://localhost:3000/pods/00000000000000000933/posts/206158430465
START ITERATOR for pattern at http://localhost:3000/pods/00000000000000000933/posts/206158430464 http://localhost:3000/pods/00000000000000000933/posts/206158430464
START ITERATOR for pattern at http://localhost:3000/pods/00000000000000000933/posts/481036337356 http://localhost:3000/pods/00000000000000000933/posts/481036337356
START ITERATOR for pattern at http://localhost:3000/pods/00000000000000000933/posts/481036337355 http://localhost:3000/pods/00000000000000000933/posts/481036337355
START ITERATOR for pattern at http://localhost:3100/ldbc_socialnet/1.0/data/forum00000000206158430229 http://localhost:3100/ldbc_socialnet/1.0/data/forum00000000206158430229
START ITERATOR for pattern at http://localhost:3000/pods/00000000000000000933/posts/481036337354 http://localhost:3000/pods/00000000000000000933/posts/481036337354
START ITERATOR for pattern at http://localhost:3100/ldbc_socialnet/1.0/data/forum00000000618475290646 http://localhost:3100/ldbc_socialnet/1.0/data/forum00000000618475290646
START ITERATOR for pattern at http://localhost:3000/pods/00000000000000000933/posts/481036337353 http://localhost:3000/pods/00000000000000000933/posts/481036337353
START ITERATOR for pattern at http://localhost:3000/pods/00000000000000000933/posts/206158430463 http://localhost:3000/pods/00000000000000000933/posts/206158430463
START ITERATOR for pattern at http://localhost:3000/pods/00000000000000000933/posts/481036337352 http://localhost:3000/pods/00000000000000000933/posts/481036337352
START ITERATOR for pattern at http://localhost:3000/pods/00000000000000000933/posts/481036337351 http://localhost:3000/pods/00000000000000000933/posts/481036337351
START ITERATOR for pattern at http://localhost:3000/pods/00000000000000000933/posts/206158430462 http://localhost:3000/pods/00000000000000000933/posts/206158430462
START ITERATOR for pattern at http://localhost:3000/pods/00000000000000000933/posts/206158430461 http://localhost:3000/pods/00000000000000000933/posts/206158430461
START ITERATOR for pattern at http://localhost:3000/pods/00000000000000000933/posts/481036337350 http://localhost:3000/pods/00000000000000000933/posts/481036337350
START ITERATOR for pattern at http://localhost:3000/pods/00000000000000000933/posts/206158430460 http://localhost:3000/pods/00000000000000000933/posts/206158430460
START ITERATOR for pattern at http://localhost:3000/pods/00000000000000000933/posts/481036337349 http://localhost:3000/pods/00000000000000000933/posts/481036337349
START ITERATOR for pattern at http://localhost:3000/pods/00000000000000000933/posts/687194767611 http://localhost:3000/pods/00000000000000000933/posts/687194767611
START ITERATOR for pattern at http://localhost:3000/pods/00000000000000000933/posts/481036337348 http://localhost:3000/pods/00000000000000000933/posts/481036337348
START ITERATOR for pattern at http://localhost:3000/pods/00000000000000000933/posts/481036337347 http://localhost:3000/pods/00000000000000000933/posts/481036337347
START ITERATOR for pattern at http://localhost:3000/pods/00000000000000000933/posts/481036337346 http://localhost:3000/pods/00000000000000000933/posts/481036337346
START ITERATOR for pattern at http://localhost:3000/pods/00000000000000000933/posts/206158430401 http://localhost:3000/pods/00000000000000000933/posts/206158430401
START ITERATOR for pattern at http://localhost:3000/pods/00000000000000000933/posts/687194767610 http://localhost:3000/pods/00000000000000000933/posts/687194767610
START ITERATOR for pattern at http://localhost:3000/pods/00000000000000000933/posts/687194767609 http://localhost:3000/pods/00000000000000000933/posts/687194767609
START ITERATOR for pattern at http://localhost:3000/pods/00000000000000000933/posts/206158430400 http://localhost:3000/pods/00000000000000000933/posts/206158430400
START ITERATOR for pattern at http://localhost:3000/pods/00000000000000000933/posts/687194767608 http://localhost:3000/pods/00000000000000000933/posts/687194767608
START ITERATOR for pattern at http://localhost:3000/pods/00000000000000000933/posts/206158430399 http://localhost:3000/pods/00000000000000000933/posts/206158430399
START ITERATOR for pattern at http://localhost:3000/pods/00000000000000000933/posts/687194767607 http://localhost:3000/pods/00000000000000000933/posts/687194767607
START ITERATOR for pattern at http://localhost:3000/pods/00000000000000000933/posts/206158430398 http://localhost:3000/pods/00000000000000000933/posts/206158430398
START ITERATOR for pattern at http://localhost:3000/pods/00000000000000000933/posts/206158430397 http://localhost:3000/pods/00000000000000000933/posts/206158430397
START ITERATOR for pattern at http://localhost:3000/pods/00000000000000000933/posts/206158430396 http://localhost:3000/pods/00000000000000000933/posts/206158430396
START ITERATOR for pattern at http://localhost:3000/pods/00000000000000000933/posts/687194767606 http://localhost:3000/pods/00000000000000000933/posts/687194767606
START ITERATOR for pattern at http://localhost:3100/ldbc_socialnet/1.0/data/forum00000000687194767380 http://localhost:3100/ldbc_socialnet/1.0/data/forum00000000687194767380
START ITERATOR for pattern at http://localhost:3100/ldbc_socialnet/1.0/data/forum00000000206158430223 http://localhost:3100/ldbc_socialnet/1.0/data/forum00000000206158430223
START ITERATOR for pattern at http://localhost:3000/pods/00000000000000000933/posts/687194767605 http://localhost:3000/pods/00000000000000000933/posts/687194767605
START ITERATOR for pattern at http://localhost:3000/pods/00000000000000000933/posts/206158430395 http://localhost:3000/pods/00000000000000000933/posts/206158430395
START ITERATOR for pattern at http://localhost:3000/pods/00000000000000000933/posts/687194767604 http://localhost:3000/pods/00000000000000000933/posts/687194767604
START ITERATOR for pattern at http://localhost:3000/pods/00000000000000000933/posts/206158430394 http://localhost:3000/pods/00000000000000000933/posts/206158430394
START ITERATOR for pattern at http://localhost:3000/pods/00000000000000000933/posts/687194767603 http://localhost:3000/pods/00000000000000000933/posts/687194767603
START ITERATOR for pattern at http://localhost:3000/pods/00000000000000000933/posts/206158430393 http://localhost:3000/pods/00000000000000000933/posts/206158430393
START ITERATOR for pattern at http://localhost:3000/pods/00000000000000000933/posts/687194767602 http://localhost:3000/pods/00000000000000000933/posts/687194767602
START ITERATOR for pattern at http://localhost:3000/pods/00000000000000000933/posts/206158430392 http://localhost:3000/pods/00000000000000000933/posts/206158430392
START ITERATOR for pattern at http://localhost:3000/pods/00000000000000000933/posts/687194767601 http://localhost:3000/pods/00000000000000000933/posts/687194767601
START ITERATOR for pattern at http://localhost:3000/pods/00000000000000000933/posts/206158430391 http://localhost:3000/pods/00000000000000000933/posts/206158430391
START ITERATOR for pattern at http://localhost:3000/pods/00000000000000000933/posts/687194767600 http://localhost:3000/pods/00000000000000000933/posts/687194767600
START ITERATOR for pattern at http://localhost:3000/pods/00000000000000000933/posts/206158430390 http://localhost:3000/pods/00000000000000000933/posts/206158430390
START ITERATOR for pattern at http://localhost:3000/pods/00000000000000000933/posts/687194767599 http://localhost:3000/pods/00000000000000000933/posts/687194767599
START ITERATOR for pattern at http://localhost:3000/pods/00000000000000000933/posts/206158430389 http://localhost:3000/pods/00000000000000000933/posts/206158430389
START ITERATOR for pattern at http://localhost:3000/pods/00000000000000000933/posts/687194767598 http://localhost:3000/pods/00000000000000000933/posts/687194767598
START ITERATOR for pattern at http://localhost:3000/pods/00000000000000000933/posts/206158430388 http://localhost:3000/pods/00000000000000000933/posts/206158430388
START ITERATOR for pattern at http://localhost:3000/pods/00000000000000000933/posts/687194767597 http://localhost:3000/pods/00000000000000000933/posts/687194767597
START ITERATOR for pattern at http://localhost:3000/pods/00000000000000000933/posts/206158430387 http://localhost:3000/pods/00000000000000000933/posts/206158430387
START ITERATOR for pattern at http://localhost:3000/pods/00000000000000000933/posts/687194767596 http://localhost:3000/pods/00000000000000000933/posts/687194767596
START ITERATOR for pattern at http://localhost:3000/pods/00000000000000000933/posts/206158430386 http://localhost:3000/pods/00000000000000000933/posts/206158430386
START ITERATOR for pattern at http://localhost:3000/pods/00000000000000000933/posts/687194767595 http://localhost:3000/pods/00000000000000000933/posts/687194767595
START ITERATOR for pattern at http://localhost:3000/pods/00000000000000000933/posts/687194767594 http://localhost:3000/pods/00000000000000000933/posts/687194767594
START ITERATOR for pattern at http://localhost:3000/pods/00000000000000000933/posts/206158430385 http://localhost:3000/pods/00000000000000000933/posts/206158430385
START ITERATOR for pattern at http://localhost:3000/pods/00000000000000000933/posts/206158430384 http://localhost:3000/pods/00000000000000000933/posts/206158430384
START ITERATOR for pattern at http://localhost:3100/ldbc_socialnet/1.0/data/forum00000000687194767378 http://localhost:3100/ldbc_socialnet/1.0/data/forum00000000687194767378
START ITERATOR for pattern at http://localhost:3000/pods/00000000000000000933/posts/206158430383 http://localhost:3000/pods/00000000000000000933/posts/206158430383
START ITERATOR for pattern at http://localhost:3000/pods/00000000000000000933/posts/687194767593 http://localhost:3000/pods/00000000000000000933/posts/687194767593
START ITERATOR for pattern at http://localhost:3000/pods/00000000000000000933/posts/137438953646 http://localhost:3000/pods/00000000000000000933/posts/137438953646
START ITERATOR for pattern at http://localhost:3000/pods/00000000000000000933/posts/137438953645 http://localhost:3000/pods/00000000000000000933/posts/137438953645
START ITERATOR for pattern at http://localhost:3000/pods/00000000000000000933/posts/687194767592 http://localhost:3000/pods/00000000000000000933/posts/687194767592
START ITERATOR for pattern at http://localhost:3000/pods/00000000000000000933/posts/137438953644 http://localhost:3000/pods/00000000000000000933/posts/137438953644
START ITERATOR for pattern at http://localhost:3000/pods/00000000000000000933/posts/137438953643 http://localhost:3000/pods/00000000000000000933/posts/137438953643
START ITERATOR for pattern at http://localhost:3000/pods/00000000000000000933/posts/687194767591 http://localhost:3000/pods/00000000000000000933/posts/687194767591
START ITERATOR for pattern at http://localhost:3000/pods/00000000000000000933/posts/687194767590 http://localhost:3000/pods/00000000000000000933/posts/687194767590
START ITERATOR for pattern at http://localhost:3000/pods/00000000000000000933/posts/137438953642 http://localhost:3000/pods/00000000000000000933/posts/137438953642
START ITERATOR for pattern at http://localhost:3000/pods/00000000000000000933/posts/687194767589 http://localhost:3000/pods/00000000000000000933/posts/687194767589
START ITERATOR for pattern at http://localhost:3000/pods/00000000000000000933/posts/137438953641 http://localhost:3000/pods/00000000000000000933/posts/137438953641
START ITERATOR for pattern at http://localhost:3000/pods/00000000000000000933/posts/687194767588 http://localhost:3000/pods/00000000000000000933/posts/687194767588
START ITERATOR for pattern at http://localhost:3000/pods/00000000000000000933/posts/137438953640 http://localhost:3000/pods/00000000000000000933/posts/137438953640
START ITERATOR for pattern at http://localhost:3000/pods/00000000000000000933/posts/137438953639 http://localhost:3000/pods/00000000000000000933/posts/137438953639
START ITERATOR for pattern at http://localhost:3000/pods/00000000000000000933/posts/687194767587 http://localhost:3000/pods/00000000000000000933/posts/687194767587
START ITERATOR for pattern at http://localhost:3000/pods/00000000000000000933/posts/687194767586 http://localhost:3000/pods/00000000000000000933/posts/687194767586
START ITERATOR for pattern at http://localhost:3100/ldbc_socialnet/1.0/data/forum00000000137438953486 http://localhost:3100/ldbc_socialnet/1.0/data/forum00000000137438953486
START ITERATOR for pattern at http://localhost:3000/pods/00000000000000000933/posts/687194767585 http://localhost:3000/pods/00000000000000000933/posts/687194767585
START ITERATOR for pattern at http://localhost:3000/pods/00000000000000000933/posts/137438953638 http://localhost:3000/pods/00000000000000000933/posts/137438953638
START ITERATOR for pattern at http://localhost:3000/pods/00000000000000000933/posts/687194767584 http://localhost:3000/pods/00000000000000000933/posts/687194767584
START ITERATOR for pattern at http://localhost:3000/pods/00000000000000000933/posts/137438953637 http://localhost:3000/pods/00000000000000000933/posts/137438953637
START ITERATOR for pattern at http://localhost:3000/pods/00000000000000000933/posts/687194767583 http://localhost:3000/pods/00000000000000000933/posts/687194767583
START ITERATOR for pattern at http://localhost:3000/pods/00000000000000000933/posts/137438953636 http://localhost:3000/pods/00000000000000000933/posts/137438953636
START ITERATOR for pattern at http://localhost:3000/pods/00000000000000000933/posts/687194767582 http://localhost:3000/pods/00000000000000000933/posts/687194767582
START ITERATOR for pattern at http://localhost:3000/pods/00000000000000000933/posts/137438953635 http://localhost:3000/pods/00000000000000000933/posts/137438953635
START ITERATOR for pattern at http://localhost:3000/pods/00000000000000000933/posts/687194767581 http://localhost:3000/pods/00000000000000000933/posts/687194767581
START ITERATOR for pattern at http://localhost:3000/pods/00000000000000000933/posts/137438953634 http://localhost:3000/pods/00000000000000000933/posts/137438953634
START ITERATOR for pattern at http://localhost:3000/pods/00000000000000000933/posts/687194767580 http://localhost:3000/pods/00000000000000000933/posts/687194767580
START ITERATOR for pattern at http://localhost:3000/pods/00000000000000000933/posts/137438953633 http://localhost:3000/pods/00000000000000000933/posts/137438953633
START ITERATOR for pattern at http://localhost:3000/pods/00000000000000000933/posts/687194767579 http://localhost:3000/pods/00000000000000000933/posts/687194767579
START ITERATOR for pattern at http://localhost:3000/pods/00000000000000000933/posts/137438953632 http://localhost:3000/pods/00000000000000000933/posts/137438953632
START ITERATOR for pattern at http://localhost:3000/pods/00000000000000000933/posts/687194767578 http://localhost:3000/pods/00000000000000000933/posts/687194767578
START ITERATOR for pattern at http://localhost:3000/pods/00000000000000000933/posts/137438953631 http://localhost:3000/pods/00000000000000000933/posts/137438953631
START ITERATOR for pattern at http://localhost:3000/pods/00000000000000000933/posts/412316860633 http://localhost:3000/pods/00000000000000000933/posts/412316860633
START ITERATOR for pattern at http://localhost:3000/pods/00000000000000000933/posts/137438953630 http://localhost:3000/pods/00000000000000000933/posts/137438953630
START ITERATOR for pattern at http://localhost:3000/pods/00000000000000000933/posts/412316860632 http://localhost:3000/pods/00000000000000000933/posts/412316860632
START ITERATOR for pattern at http://localhost:3000/pods/00000000000000000933/posts/137438953629 http://localhost:3000/pods/00000000000000000933/posts/137438953629
START ITERATOR for pattern at http://localhost:3000/pods/00000000000000000933/posts/412316860631 http://localhost:3000/pods/00000000000000000933/posts/412316860631
START ITERATOR for pattern at http://localhost:3000/pods/00000000000000000933/posts/412316860630 http://localhost:3000/pods/00000000000000000933/posts/412316860630
START ITERATOR for pattern at http://localhost:3000/pods/00000000000000000933/posts/137438953628 http://localhost:3000/pods/00000000000000000933/posts/137438953628
START ITERATOR for pattern at http://localhost:3000/pods/00000000000000000933/posts/137438953627 http://localhost:3000/pods/00000000000000000933/posts/137438953627
START ITERATOR for pattern at http://localhost:3000/pods/00000000000000000933/posts/343597383834 http://localhost:3000/pods/00000000000000000933/posts/343597383834
START ITERATOR for pattern at http://localhost:3100/ldbc_socialnet/1.0/data/forum00000000412316860433 http://localhost:3100/ldbc_socialnet/1.0/data/forum00000000412316860433
START ITERATOR for pattern at http://localhost:3000/pods/00000000000000000933/posts/343597383833 http://localhost:3000/pods/00000000000000000933/posts/343597383833
START ITERATOR for pattern at http://localhost:3000/pods/00000000000000000933/posts/412316860629 http://localhost:3000/pods/00000000000000000933/posts/412316860629
START ITERATOR for pattern at http://localhost:3000/pods/00000000000000000933/posts/343597383832 http://localhost:3000/pods/00000000000000000933/posts/343597383832
START ITERATOR for pattern at http://localhost:3000/pods/00000000000000000933/posts/412316860628 http://localhost:3000/pods/00000000000000000933/posts/412316860628
START ITERATOR for pattern at http://localhost:3000/pods/00000000000000000933/posts/412316860627 http://localhost:3000/pods/00000000000000000933/posts/412316860627
START ITERATOR for pattern at http://localhost:3000/pods/00000000000000000933/posts/343597383831 http://localhost:3000/pods/00000000000000000933/posts/343597383831
START ITERATOR for pattern at http://localhost:3100/ldbc_socialnet/1.0/data/forum00000000343597383692 http://localhost:3100/ldbc_socialnet/1.0/data/forum00000000343597383692
START ITERATOR for pattern at http://localhost:3000/pods/00000000000000000933/posts/343597383830 http://localhost:3000/pods/00000000000000000933/posts/343597383830
START ITERATOR for pattern at http://localhost:3000/pods/00000000000000000933/posts/343597383829 http://localhost:3000/pods/00000000000000000933/posts/343597383829
START ITERATOR for pattern at http://localhost:3000/pods/00000000000000000933/posts/343597383828 http://localhost:3000/pods/00000000000000000933/posts/343597383828
START ITERATOR for pattern at http://localhost:3000/pods/00000000000000000933/posts/412316860626 http://localhost:3000/pods/00000000000000000933/posts/412316860626
START ITERATOR for pattern at http://localhost:3000/pods/00000000000000000933/posts/343597383827 http://localhost:3000/pods/00000000000000000933/posts/343597383827
START ITERATOR for pattern at http://localhost:3000/pods/00000000000000000933/posts/343597383826 http://localhost:3000/pods/00000000000000000933/posts/343597383826
START ITERATOR for pattern at http://localhost:3000/pods/00000000000000000933/posts/343597383825 http://localhost:3000/pods/00000000000000000933/posts/343597383825
START ITERATOR for pattern at http://localhost:3000/pods/00000000000000000933/posts/343597383824 http://localhost:3000/pods/00000000000000000933/posts/343597383824
START ITERATOR for pattern at http://localhost:3000/pods/00000000000000000933/posts/343597383823 http://localhost:3000/pods/00000000000000000933/posts/343597383823
START ITERATOR for pattern at http://localhost:3000/pods/00000000000000000933/posts/481036337361 http://localhost:3000/pods/00000000000000000933/posts/481036337361
START ITERATOR for pattern at http://localhost:3000/pods/00000000000000000933/posts/343597383822 http://localhost:3000/pods/00000000000000000933/posts/343597383822
START ITERATOR for pattern at http://localhost:3000/pods/00000000000000000933/posts/343597383821 http://localhost:3000/pods/00000000000000000933/posts/343597383821
START ITERATOR for pattern at http://localhost:3000/pods/00000000000000000933/posts/343597383820 http://localhost:3000/pods/00000000000000000933/posts/343597383820
START ITERATOR for pattern at http://localhost:3000/pods/00000000000000000933/posts/343597383819 http://localhost:3000/pods/00000000000000000933/posts/343597383819
START ITERATOR for pattern at http://localhost:3000/pods/00000000000000000933/posts/481036337360 http://localhost:3000/pods/00000000000000000933/posts/481036337360
START ITERATOR for pattern at http://localhost:3000/pods/00000000000000000933/posts/481036337359 http://localhost:3000/pods/00000000000000000933/posts/481036337359
START ITERATOR for pattern at http://localhost:3000/pods/00000000000000000933/posts/206158430346 http://localhost:3000/pods/00000000000000000933/posts/206158430346
START ITERATOR for pattern at http://localhost:3000/pods/00000000000000000933/posts/206158430345 http://localhost:3000/pods/00000000000000000933/posts/206158430345
START ITERATOR for pattern at http://localhost:3000/pods/00000000000000000933/posts/206158430344 http://localhost:3000/pods/00000000000000000933/posts/206158430344
START ITERATOR for pattern at http://localhost:3000/pods/00000000000000000933/posts/206158430343 http://localhost:3000/pods/00000000000000000933/posts/206158430343
START ITERATOR for pattern at http://localhost:3000/pods/00000000000000000933/posts/206158430342 http://localhost:3000/pods/00000000000000000933/posts/206158430342
START ITERATOR for pattern at http://localhost:3000/pods/00000000000000000933/posts/206158430341 http://localhost:3000/pods/00000000000000000933/posts/206158430341
START ITERATOR for pattern at http://localhost:3000/pods/00000000000000000933/posts/481036337284 http://localhost:3000/pods/00000000000000000933/posts/481036337284
START ITERATOR for pattern at http://localhost:3000/pods/00000000000000000933/posts/481036337283 http://localhost:3000/pods/00000000000000000933/posts/481036337283
START ITERATOR for pattern at http://localhost:3100/ldbc_socialnet/1.0/data/forum00000000481036337168 http://localhost:3100/ldbc_socialnet/1.0/data/forum00000000481036337168
START ITERATOR for pattern at http://localhost:3000/pods/00000000000000000933/posts/481036337282 http://localhost:3000/pods/00000000000000000933/posts/481036337282
START ITERATOR for pattern at http://localhost:3000/pods/00000000000000000933/posts/481036337281 http://localhost:3000/pods/00000000000000000933/posts/481036337281
START ITERATOR for pattern at http://localhost:3000/pods/00000000000000000933/posts/481036337280 http://localhost:3000/pods/00000000000000000933/posts/481036337280
START ITERATOR for pattern at http://localhost:3000/pods/00000000000000000933/posts/481036337279 http://localhost:3000/pods/00000000000000000933/posts/481036337279
START ITERATOR for pattern at http://localhost:3000/pods/00000000000000000933/posts/481036337278 http://localhost:3000/pods/00000000000000000933/posts/481036337278
START ITERATOR for pattern at http://localhost:3000/pods/00000000000000000933/posts/481036337358 http://localhost:3000/pods/00000000000000000933/posts/481036337358
START ITERATOR for pattern at http://localhost:3000/pods/00000000000000000933/posts/481036337277 http://localhost:3000/pods/00000000000000000933/posts/481036337277
START ITERATOR for pattern at http://localhost:3000/pods/00000000000000000933/posts/481036337276 http://localhost:3000/pods/00000000000000000933/posts/481036337276
START ITERATOR for pattern at http://localhost:3000/pods/00000000000000000933/posts/481036337275 http://localhost:3000/pods/00000000000000000933/posts/481036337275
START ITERATOR for pattern at http://localhost:3000/pods/00000000000000000933/posts/481036337274 http://localhost:3000/pods/00000000000000000933/posts/481036337274
START ITERATOR for pattern at http://localhost:3000/pods/00000000000000000933/posts/481036337357 http://localhost:3000/pods/00000000000000000933/posts/481036337357
START ITERATOR for pattern at http://localhost:3000/pods/00000000000000000933/posts/481036337356 http://localhost:3000/pods/00000000000000000933/posts/481036337356
START ITERATOR for pattern at http://localhost:3000/pods/00000000000000000933/posts/481036337273 http://localhost:3000/pods/00000000000000000933/posts/481036337273
START ITERATOR for pattern at http://localhost:3100/ldbc_socialnet/1.0/data/forum00000000481036337162 http://localhost:3100/ldbc_socialnet/1.0/data/forum00000000481036337162
START ITERATOR for pattern at http://localhost:3100/ldbc_socialnet/1.0/data/forum00000000206158430219 http://localhost:3100/ldbc_socialnet/1.0/data/forum00000000206158430219
START ITERATOR for pattern at http://localhost:3000/pods/00000000000000000933/posts/481036337272 http://localhost:3000/pods/00000000000000000933/posts/481036337272
START ITERATOR for pattern at http://localhost:3000/pods/00000000000000000933/posts/481036337271 http://localhost:3000/pods/00000000000000000933/posts/481036337271
START ITERATOR for pattern at http://localhost:3000/pods/00000000000000000933/posts/481036337270 http://localhost:3000/pods/00000000000000000933/posts/481036337270
START ITERATOR for pattern at http://localhost:3000/pods/00000000000000000933/posts/481036337269 http://localhost:3000/pods/00000000000000000933/posts/481036337269
START ITERATOR for pattern at http://localhost:3000/pods/00000000000000000933/posts/481036337268 http://localhost:3000/pods/00000000000000000933/posts/481036337268
START ITERATOR for pattern at http://localhost:3000/pods/00000000000000000933/posts/481036337355 http://localhost:3000/pods/00000000000000000933/posts/481036337355
START ITERATOR for pattern at http://localhost:3000/pods/00000000000000000933/posts/481036337267 http://localhost:3000/pods/00000000000000000933/posts/481036337267
START ITERATOR for pattern at http://localhost:3000/pods/00000000000000000933/posts/481036337266 http://localhost:3000/pods/00000000000000000933/posts/481036337266
START ITERATOR for pattern at http://localhost:3000/pods/00000000000000000933/posts/618475290737 http://localhost:3000/pods/00000000000000000933/posts/618475290737
START ITERATOR for pattern at http://localhost:3000/pods/00000000000000000933/posts/1099511627888 http://localhost:3000/pods/00000000000000000933/posts/1099511627888
START ITERATOR for pattern at http://localhost:3000/pods/00000000000000000933/posts/481036337354 http://localhost:3000/pods/00000000000000000933/posts/481036337354
START ITERATOR for pattern at http://localhost:3000/pods/00000000000000000933/posts/1099511627887 http://localhost:3000/pods/00000000000000000933/posts/1099511627887
START ITERATOR for pattern at http://localhost:3000/pods/00000000000000000933/posts/1099511627886 http://localhost:3000/pods/00000000000000000933/posts/1099511627886
START ITERATOR for pattern at http://localhost:3000/pods/00000000000000000933/posts/1099511627885 http://localhost:3000/pods/00000000000000000933/posts/1099511627885
START ITERATOR for pattern at http://localhost:3000/pods/00000000000000000933/posts/1099511627884 http://localhost:3000/pods/00000000000000000933/posts/1099511627884
START ITERATOR for pattern at http://localhost:3000/pods/00000000000000000933/posts/481036337353 http://localhost:3000/pods/00000000000000000933/posts/481036337353
START ITERATOR for pattern at http://localhost:3000/pods/00000000000000000933/posts/481036337352 http://localhost:3000/pods/00000000000000000933/posts/481036337352
START ITERATOR for pattern at http://localhost:3000/pods/00000000000000000933/posts/1099511627883 http://localhost:3000/pods/00000000000000000933/posts/1099511627883
START ITERATOR for pattern at http://localhost:3100/ldbc_socialnet/1.0/data/forum00000001099511627784 http://localhost:3100/ldbc_socialnet/1.0/data/forum00000001099511627784
START ITERATOR for pattern at http://localhost:3100/ldbc_socialnet/1.0/data/forum00000000618475290633 http://localhost:3100/ldbc_socialnet/1.0/data/forum00000000618475290633
START ITERATOR for pattern at http://localhost:3000/pods/00000000000000000933/posts/1099511627882 http://localhost:3000/pods/00000000000000000933/posts/1099511627882
START ITERATOR for pattern at http://localhost:3000/pods/00000000000000000933/posts/1099511627881 http://localhost:3000/pods/00000000000000000933/posts/1099511627881
START ITERATOR for pattern at http://localhost:3000/pods/00000000000000000933/posts/1099511627880 http://localhost:3000/pods/00000000000000000933/posts/1099511627880
START ITERATOR for pattern at http://localhost:3000/pods/00000000000000000933/posts/1099511627879 http://localhost:3000/pods/00000000000000000933/posts/1099511627879
START ITERATOR for pattern at http://localhost:3000/pods/00000000000000000933/posts/1099511627878 http://localhost:3000/pods/00000000000000000933/posts/1099511627878
START ITERATOR for pattern at http://localhost:3000/pods/00000000000000000933/posts/1099511627877 http://localhost:3000/pods/00000000000000000933/posts/1099511627877
START ITERATOR for pattern at http://localhost:3000/pods/00000000000000000933/posts/481036337351 http://localhost:3000/pods/00000000000000000933/posts/481036337351
START ITERATOR for pattern at http://localhost:3000/pods/00000000000000000933/posts/1099511627876 http://localhost:3000/pods/00000000000000000933/posts/1099511627876
START ITERATOR for pattern at http://localhost:3000/pods/00000000000000000933/posts/1099511627875 http://localhost:3000/pods/00000000000000000933/posts/1099511627875
START ITERATOR for pattern at http://localhost:3000/pods/00000000000000000933/posts/1099511627874 http://localhost:3000/pods/00000000000000000933/posts/1099511627874
START ITERATOR for pattern at http://localhost:3000/pods/00000000000000000933/posts/1099511627873 http://localhost:3000/pods/00000000000000000933/posts/1099511627873
START ITERATOR for pattern at http://localhost:3000/pods/00000000000000000933/posts/481036337350 http://localhost:3000/pods/00000000000000000933/posts/481036337350
START ITERATOR for pattern at http://localhost:3000/pods/00000000000000000933/posts/1099511627872 http://localhost:3000/pods/00000000000000000933/posts/1099511627872
START ITERATOR for pattern at http://localhost:3000/pods/00000000000000000933/posts/1099511627871 http://localhost:3000/pods/00000000000000000933/posts/1099511627871
START ITERATOR for pattern at http://localhost:3000/pods/00000000000000000933/posts/1099511627870 http://localhost:3000/pods/00000000000000000933/posts/1099511627870
START ITERATOR for pattern at http://localhost:3000/pods/00000000000000000933/posts/1099511627869 http://localhost:3000/pods/00000000000000000933/posts/1099511627869
START ITERATOR for pattern at http://localhost:3000/pods/00000000000000000933/posts/481036337349 http://localhost:3000/pods/00000000000000000933/posts/481036337349
START ITERATOR for pattern at http://localhost:3000/pods/00000000000000000933/posts/1030792151132 http://localhost:3000/pods/00000000000000000933/posts/1030792151132
START ITERATOR for pattern at http://localhost:3000/pods/00000000000000000933/posts/1030792151131 http://localhost:3000/pods/00000000000000000933/posts/1030792151131
START ITERATOR for pattern at http://localhost:3000/pods/00000000000000000933/posts/1030792151130 http://localhost:3000/pods/00000000000000000933/posts/1030792151130
START ITERATOR for pattern at http://localhost:3000/pods/00000000000000000933/posts/1030792151129 http://localhost:3000/pods/00000000000000000933/posts/1030792151129
START ITERATOR for pattern at http://localhost:3000/pods/00000000000000000933/posts/1030792151128 http://localhost:3000/pods/00000000000000000933/posts/1030792151128
START ITERATOR for pattern at http://localhost:3000/pods/00000000000000000933/posts/481036337348 http://localhost:3000/pods/00000000000000000933/posts/481036337348
START ITERATOR for pattern at http://localhost:3000/pods/00000000000000000933/posts/1030792151127 http://localhost:3000/pods/00000000000000000933/posts/1030792151127
START ITERATOR for pattern at http://localhost:3000/pods/00000000000000000933/posts/1030792151126 http://localhost:3000/pods/00000000000000000933/posts/1030792151126
START ITERATOR for pattern at http://localhost:3000/pods/00000000000000000933/posts/1030792151125 http://localhost:3000/pods/00000000000000000933/posts/1030792151125
START ITERATOR for pattern at http://localhost:3000/pods/00000000000000000933/posts/1030792151124 http://localhost:3000/pods/00000000000000000933/posts/1030792151124
START ITERATOR for pattern at http://localhost:3000/pods/00000000000000000933/posts/481036337347 http://localhost:3000/pods/00000000000000000933/posts/481036337347
START ITERATOR for pattern at http://localhost:3000/pods/00000000000000000933/posts/1030792151123 http://localhost:3000/pods/00000000000000000933/posts/1030792151123
START ITERATOR for pattern at http://localhost:3000/pods/00000000000000000933/posts/1030792151122 http://localhost:3000/pods/00000000000000000933/posts/1030792151122
START ITERATOR for pattern at http://localhost:3000/pods/00000000000000000933/posts/1030792151121 http://localhost:3000/pods/00000000000000000933/posts/1030792151121
START ITERATOR for pattern at http://localhost:3000/pods/00000000000000000933/posts/1030792151120 http://localhost:3000/pods/00000000000000000933/posts/1030792151120
START ITERATOR for pattern at http://localhost:3000/pods/00000000000000000933/posts/481036337346 http://localhost:3000/pods/00000000000000000933/posts/481036337346
START ITERATOR for pattern at http://localhost:3000/pods/00000000000000000933/posts/1030792151119 http://localhost:3000/pods/00000000000000000933/posts/1030792151119
START ITERATOR for pattern at http://localhost:3000/pods/00000000000000000933/posts/1030792151118 http://localhost:3000/pods/00000000000000000933/posts/1030792151118
START ITERATOR for pattern at http://localhost:3000/pods/00000000000000000933/posts/1030792151117 http://localhost:3000/pods/00000000000000000933/posts/1030792151117
START ITERATOR for pattern at http://localhost:3000/pods/00000000000000000933/posts/618475290700 http://localhost:3000/pods/00000000000000000933/posts/618475290700
START ITERATOR for pattern at http://localhost:3000/pods/00000000000000000933/posts/206158430401 http://localhost:3000/pods/00000000000000000933/posts/206158430401
START ITERATOR for pattern at http://localhost:3000/pods/00000000000000000933/posts/206158430400 http://localhost:3000/pods/00000000000000000933/posts/206158430400
START ITERATOR for pattern at http://localhost:3000/pods/00000000000000000933/posts/618475290699 http://localhost:3000/pods/00000000000000000933/posts/618475290699
START ITERATOR for pattern at http://localhost:3100/ldbc_socialnet/1.0/data/forum00000001030792151047 http://localhost:3100/ldbc_socialnet/1.0/data/forum00000001030792151047
START ITERATOR for pattern at http://localhost:3000/pods/00000000000000000933/posts/893353197642 http://localhost:3000/pods/00000000000000000933/posts/893353197642
START ITERATOR for pattern at http://localhost:3000/pods/00000000000000000933/posts/1030792151113 http://localhost:3000/pods/00000000000000000933/posts/1030792151113
START ITERATOR for pattern at http://localhost:3000/pods/00000000000000000933/posts/1030792151112 http://localhost:3000/pods/00000000000000000933/posts/1030792151112
START ITERATOR for pattern at http://localhost:3000/pods/00000000000000000933/posts/1030792151111 http://localhost:3000/pods/00000000000000000933/posts/1030792151111
START ITERATOR for pattern at http://localhost:3000/pods/00000000000000000933/posts/1030792151110 http://localhost:3000/pods/00000000000000000933/posts/1030792151110
START ITERATOR for pattern at http://localhost:3000/pods/00000000000000000933/posts/1030792151109 http://localhost:3000/pods/00000000000000000933/posts/1030792151109
START ITERATOR for pattern at http://localhost:3000/pods/00000000000000000933/posts/206158430399 http://localhost:3000/pods/00000000000000000933/posts/206158430399
START ITERATOR for pattern at http://localhost:3000/pods/00000000000000000933/posts/1030792151108 http://localhost:3000/pods/00000000000000000933/posts/1030792151108
START ITERATOR for pattern at http://localhost:3000/pods/00000000000000000933/posts/1030792151107 http://localhost:3000/pods/00000000000000000933/posts/1030792151107
START ITERATOR for pattern at http://localhost:3000/pods/00000000000000000933/posts/755914244162 http://localhost:3000/pods/00000000000000000933/posts/755914244162
START ITERATOR for pattern at http://localhost:3000/pods/00000000000000000933/posts/755914244161 http://localhost:3000/pods/00000000000000000933/posts/755914244161
START ITERATOR for pattern at http://localhost:3000/pods/00000000000000000933/posts/206158430398 http://localhost:3000/pods/00000000000000000933/posts/206158430398
START ITERATOR for pattern at http://localhost:3000/pods/00000000000000000933/posts/755914244160 http://localhost:3000/pods/00000000000000000933/posts/755914244160
START ITERATOR for pattern at http://localhost:3000/pods/00000000000000000933/posts/755914244159 http://localhost:3000/pods/00000000000000000933/posts/755914244159
START ITERATOR for pattern at http://localhost:3000/pods/00000000000000000933/posts/755914244158 http://localhost:3000/pods/00000000000000000933/posts/755914244158
START ITERATOR for pattern at http://localhost:3000/pods/00000000000000000933/posts/755914244157 http://localhost:3000/pods/00000000000000000933/posts/755914244157
START ITERATOR for pattern at http://localhost:3000/pods/00000000000000000933/posts/755914244156 http://localhost:3000/pods/00000000000000000933/posts/755914244156
START ITERATOR for pattern at http://localhost:3000/pods/00000000000000000933/posts/755914244155 http://localhost:3000/pods/00000000000000000933/posts/755914244155
START ITERATOR for pattern at http://localhost:3000/pods/00000000000000000933/posts/206158430397 http://localhost:3000/pods/00000000000000000933/posts/206158430397
START ITERATOR for pattern at http://localhost:3000/pods/00000000000000000933/posts/206158430396 http://localhost:3000/pods/00000000000000000933/posts/206158430396
START ITERATOR for pattern at http://localhost:3000/pods/00000000000000000933/posts/755914244154 http://localhost:3000/pods/00000000000000000933/posts/755914244154
START ITERATOR for pattern at http://localhost:3100/ldbc_socialnet/1.0/data/forum00000000755914244099 http://localhost:3100/ldbc_socialnet/1.0/data/forum00000000755914244099
START ITERATOR for pattern at http://localhost:3100/ldbc_socialnet/1.0/data/forum00000001030792151044 http://localhost:3100/ldbc_socialnet/1.0/data/forum00000001030792151044
START ITERATOR for pattern at http://localhost:3100/ldbc_socialnet/1.0/data/forum00000000893353197573 http://localhost:3100/ldbc_socialnet/1.0/data/forum00000000893353197573
START ITERATOR for pattern at http://localhost:3100/ldbc_socialnet/1.0/data/forum00000000618475290630 http://localhost:3100/ldbc_socialnet/1.0/data/forum00000000618475290630
START ITERATOR for pattern at http://localhost:3000/pods/00000000000000000933/posts/755914244153 http://localhost:3000/pods/00000000000000000933/posts/755914244153
START ITERATOR for pattern at http://localhost:3000/pods/00000000000000000933/posts/755914244152 http://localhost:3000/pods/00000000000000000933/posts/755914244152
START ITERATOR for pattern at http://localhost:3000/pods/00000000000000000933/posts/755914244151 http://localhost:3000/pods/00000000000000000933/posts/755914244151
START ITERATOR for pattern at http://localhost:3100/ldbc_socialnet/1.0/data/forum00000000206158430223 http://localhost:3100/ldbc_socialnet/1.0/data/forum00000000206158430223
START ITERATOR for pattern at http://localhost:3000/pods/00000000000000000933/posts/755914244150 http://localhost:3000/pods/00000000000000000933/posts/755914244150
START ITERATOR for pattern at http://localhost:3000/pods/00000000000000000933/posts/755914244149 http://localhost:3000/pods/00000000000000000933/posts/755914244149
START ITERATOR for pattern at http://localhost:3000/pods/00000000000000000933/posts/755914244148 http://localhost:3000/pods/00000000000000000933/posts/755914244148
START ITERATOR for pattern at http://localhost:3000/pods/00000000000000000933/posts/755914244147 http://localhost:3000/pods/00000000000000000933/posts/755914244147
START ITERATOR for pattern at http://localhost:3000/pods/00000000000000000933/posts/206158430395 http://localhost:3000/pods/00000000000000000933/posts/206158430395
START ITERATOR for pattern at http://localhost:3000/pods/00000000000000000933/posts/481036337202 http://localhost:3000/pods/00000000000000000933/posts/481036337202
START ITERATOR for pattern at http://localhost:3000/pods/00000000000000000933/posts/481036337201 http://localhost:3000/pods/00000000000000000933/posts/481036337201
START ITERATOR for pattern at http://localhost:3000/pods/00000000000000000933/posts/481036337200 http://localhost:3000/pods/00000000000000000933/posts/481036337200
START ITERATOR for pattern at http://localhost:3000/pods/00000000000000000933/posts/481036337199 http://localhost:3000/pods/00000000000000000933/posts/481036337199
START ITERATOR for pattern at http://localhost:3000/pods/00000000000000000933/posts/481036337198 http://localhost:3000/pods/00000000000000000933/posts/481036337198
START ITERATOR for pattern at http://localhost:3000/pods/00000000000000000933/posts/481036337197 http://localhost:3000/pods/00000000000000000933/posts/481036337197
START ITERATOR for pattern at http://localhost:3000/pods/00000000000000000933/posts/206158430394 http://localhost:3000/pods/00000000000000000933/posts/206158430394
START ITERATOR for pattern at http://localhost:3000/pods/00000000000000000933/posts/206158430393 http://localhost:3000/pods/00000000000000000933/posts/206158430393
START ITERATOR for pattern at http://localhost:3000/pods/00000000000000000933/posts/481036337196 http://localhost:3000/pods/00000000000000000933/posts/481036337196
START ITERATOR for pattern at http://localhost:3000/pods/00000000000000000933/posts/481036337195 http://localhost:3000/pods/00000000000000000933/posts/481036337195
START ITERATOR for pattern at http://localhost:3000/pods/00000000000000000933/posts/481036337194 http://localhost:3000/pods/00000000000000000933/posts/481036337194
START ITERATOR for pattern at http://localhost:3000/pods/00000000000000000933/posts/481036337193 http://localhost:3000/pods/00000000000000000933/posts/481036337193
START ITERATOR for pattern at http://localhost:3000/pods/00000000000000000933/posts/481036337192 http://localhost:3000/pods/00000000000000000933/posts/481036337192
START ITERATOR for pattern at http://localhost:3000/pods/00000000000000000933/posts/481036337191 http://localhost:3000/pods/00000000000000000933/posts/481036337191
START ITERATOR for pattern at http://localhost:3000/pods/00000000000000000933/posts/481036337190 http://localhost:3000/pods/00000000000000000933/posts/481036337190
START ITERATOR for pattern at http://localhost:3000/pods/00000000000000000933/posts/481036337189 http://localhost:3000/pods/00000000000000000933/posts/481036337189
START ITERATOR for pattern at http://localhost:3000/pods/00000000000000000933/posts/206158430392 http://localhost:3000/pods/00000000000000000933/posts/206158430392
START ITERATOR for pattern at http://localhost:3000/pods/00000000000000000933/posts/206158430391 http://localhost:3000/pods/00000000000000000933/posts/206158430391
START ITERATOR for pattern at http://localhost:3000/pods/00000000000000000933/posts/206158430390 http://localhost:3000/pods/00000000000000000933/posts/206158430390
START ITERATOR for pattern at http://localhost:3000/pods/00000000000000000933/posts/206158430389 http://localhost:3000/pods/00000000000000000933/posts/206158430389
START ITERATOR for pattern at http://localhost:3000/pods/00000000000000000933/posts/206158430388 http://localhost:3000/pods/00000000000000000933/posts/206158430388
START ITERATOR for pattern at http://localhost:3000/pods/00000000000000000933/posts/481036337188 http://localhost:3000/pods/00000000000000000933/posts/481036337188
START ITERATOR for pattern at http://localhost:3000/pods/00000000000000000933/posts/481036337187 http://localhost:3000/pods/00000000000000000933/posts/481036337187
START ITERATOR for pattern at http://localhost:3000/pods/00000000000000000933/posts/481036337186 http://localhost:3000/pods/00000000000000000933/posts/481036337186
START ITERATOR for pattern at http://localhost:3000/pods/00000000000000000933/posts/481036337185 http://localhost:3000/pods/00000000000000000933/posts/481036337185
START ITERATOR for pattern at http://localhost:3000/pods/00000000000000000933/posts/206158430387 http://localhost:3000/pods/00000000000000000933/posts/206158430387
START ITERATOR for pattern at http://localhost:3000/pods/00000000000000000933/posts/206158430386 http://localhost:3000/pods/00000000000000000933/posts/206158430386
START ITERATOR for pattern at http://localhost:3000/pods/00000000000000000933/posts/206158430385 http://localhost:3000/pods/00000000000000000933/posts/206158430385
START ITERATOR for pattern at http://localhost:3000/pods/00000000000000000933/posts/206158430384 http://localhost:3000/pods/00000000000000000933/posts/206158430384
START ITERATOR for pattern at http://localhost:3000/pods/00000000000000000933/posts/481036337184 http://localhost:3000/pods/00000000000000000933/posts/481036337184
START ITERATOR for pattern at http://localhost:3000/pods/00000000000000000933/posts/412316860440 http://localhost:3000/pods/00000000000000000933/posts/412316860440
START ITERATOR for pattern at http://localhost:3000/pods/00000000000000000933/posts/1030792151044 http://localhost:3000/pods/00000000000000000933/posts/1030792151044
START ITERATOR for pattern at http://localhost:3000/pods/00000000000000000933/posts/3 http://localhost:3000/pods/00000000000000000933/posts/3
START ITERATOR for pattern at http://localhost:3000/pods/00000000000000000933/posts/206158430383 http://localhost:3000/pods/00000000000000000933/posts/206158430383
START ITERATOR for pattern at http://localhost:3000/pods/00000000000000000933/posts/137438953646 http://localhost:3000/pods/00000000000000000933/posts/137438953646
START ITERATOR for pattern at http://localhost:3000/pods/00000000000000000933/posts/137438953645 http://localhost:3000/pods/00000000000000000933/posts/137438953645
START ITERATOR for pattern at http://localhost:3000/pods/00000000000000000933/posts/137438953644 http://localhost:3000/pods/00000000000000000933/posts/137438953644
START ITERATOR for pattern at http://localhost:3000/pods/00000000000000000933/posts/618475290624 http://localhost:3000/pods/00000000000000000933/posts/618475290624
START ITERATOR for pattern at http://localhost:3100/ldbc_socialnet/1.0/data/forum00000000481036337154 http://localhost:3100/ldbc_socialnet/1.0/data/forum00000000481036337154
START ITERATOR for pattern at http://localhost:3000/pods/00000000000000000933/noise/NOISE-12663 http://localhost:3000/pods/00000000000000000933/noise/NOISE-12663
START ITERATOR for pattern at http://localhost:3000/pods/00000000000000000933/noise/NOISE-11785 http://localhost:3000/pods/00000000000000000933/noise/NOISE-11785
START ITERATOR for pattern at http://localhost:3000/pods/00000000000000000933/posts/137438953643 http://localhost:3000/pods/00000000000000000933/posts/137438953643
START ITERATOR for pattern at http://localhost:3000/pods/00000000000000000933/posts/137438953642 http://localhost:3000/pods/00000000000000000933/posts/137438953642
START ITERATOR for pattern at http://localhost:3000/pods/00000000000000000933/posts/137438953641 http://localhost:3000/pods/00000000000000000933/posts/137438953641
START ITERATOR for pattern at http://localhost:3000/pods/00000000000000000933/posts/137438953640 http://localhost:3000/pods/00000000000000000933/posts/137438953640
START ITERATOR for pattern at http://localhost:3000/pods/00000000000000000933/noise/NOISE-10840 http://localhost:3000/pods/00000000000000000933/noise/NOISE-10840
START ITERATOR for pattern at http://localhost:3000/pods/00000000000000000933/noise/NOISE-10432 http://localhost:3000/pods/00000000000000000933/noise/NOISE-10432
START ITERATOR for pattern at http://localhost:3000/pods/00000000000000000933/noise/NOISE-9360 http://localhost:3000/pods/00000000000000000933/noise/NOISE-9360
START ITERATOR for pattern at http://localhost:3000/pods/00000000000000000933/noise/NOISE-6262 http://localhost:3000/pods/00000000000000000933/noise/NOISE-6262
START ITERATOR for pattern at http://localhost:3000/pods/00000000000000000933/posts/137438953639 http://localhost:3000/pods/00000000000000000933/posts/137438953639
START ITERATOR for pattern at http://localhost:3000/pods/00000000000000000933/posts/137438953638 http://localhost:3000/pods/00000000000000000933/posts/137438953638
START ITERATOR for pattern at http://localhost:3000/pods/00000000000000000933/posts/137438953637 http://localhost:3000/pods/00000000000000000933/posts/137438953637
START ITERATOR for pattern at http://localhost:3000/pods/00000000000000000933/posts/137438953636 http://localhost:3000/pods/00000000000000000933/posts/137438953636
START ITERATOR for pattern at http://localhost:3000/pods/00000000000000000933/noise/NOISE-1216 http://localhost:3000/pods/00000000000000000933/noise/NOISE-1216
START ITERATOR for pattern at http://localhost:3000/pods/00000000000000000933/posts/137438953635 http://localhost:3000/pods/00000000000000000933/posts/137438953635
START ITERATOR for pattern at http://localhost:3000/pods/00000000000000000933/posts/137438953634 http://localhost:3000/pods/00000000000000000933/posts/137438953634
START ITERATOR for pattern at http://localhost:3000/pods/00000000000000000933/posts/137438953633 http://localhost:3000/pods/00000000000000000933/posts/137438953633
START ITERATOR for pattern at http://localhost:3000/pods/00000000000000000933/posts/137438953632 http://localhost:3000/pods/00000000000000000933/posts/137438953632
START ITERATOR for pattern at http://localhost:3000/pods/00000000000000000933/posts/137438953631 http://localhost:3000/pods/00000000000000000933/posts/137438953631
START ITERATOR for pattern at http://localhost:3000/pods/00000000000000000933/posts/137438953630 http://localhost:3000/pods/00000000000000000933/posts/137438953630
START ITERATOR for pattern at http://localhost:3000/pods/00000000000000000933/posts/137438953629 http://localhost:3000/pods/00000000000000000933/posts/137438953629
START ITERATOR for pattern at http://localhost:3000/pods/00000000000000000933/posts/137438953628 http://localhost:3000/pods/00000000000000000933/posts/137438953628
START ITERATOR for pattern at http://localhost:3100/ldbc_socialnet/1.0/data/forum00000000000000000000 http://localhost:3100/ldbc_socialnet/1.0/data/forum00000000000000000000
START ITERATOR for pattern at http://localhost:3000/pods/00000000000000000933/posts/137438953627 http://localhost:3000/pods/00000000000000000933/posts/137438953627
START ITERATOR for pattern at http://localhost:3100/ldbc_socialnet/1.0/data/forum00000000137438953486 http://localhost:3100/ldbc_socialnet/1.0/data/forum00000000137438953486
START ITERATOR for pattern at http://localhost:3000/pods/00000000000000000933/posts/343597383834 http://localhost:3000/pods/00000000000000000933/posts/343597383834
START ITERATOR for pattern at http://localhost:3000/pods/00000000000000000933/posts/343597383833 http://localhost:3000/pods/00000000000000000933/posts/343597383833
START ITERATOR for pattern at http://localhost:3000/pods/00000000000000000933/posts/343597383832 http://localhost:3000/pods/00000000000000000933/posts/343597383832
START ITERATOR for pattern at http://localhost:3000/pods/00000000000000000933/posts/343597383831 http://localhost:3000/pods/00000000000000000933/posts/343597383831
START ITERATOR for pattern at http://localhost:3000/pods/00000000000000000933/posts/343597383830 http://localhost:3000/pods/00000000000000000933/posts/343597383830
START ITERATOR for pattern at http://localhost:3000/pods/00000000000000000933/posts/343597383829 http://localhost:3000/pods/00000000000000000933/posts/343597383829
START ITERATOR for pattern at http://localhost:3000/pods/00000000000000000933/posts/343597383828 http://localhost:3000/pods/00000000000000000933/posts/343597383828
START ITERATOR for pattern at http://localhost:3000/pods/00000000000000000933/posts/343597383827 http://localhost:3000/pods/00000000000000000933/posts/343597383827
START ITERATOR for pattern at http://localhost:3000/pods/00000000000000000933/posts/343597383826 http://localhost:3000/pods/00000000000000000933/posts/343597383826
START ITERATOR for pattern at http://localhost:3000/pods/00000000000000000933/posts/343597383825 http://localhost:3000/pods/00000000000000000933/posts/343597383825
START ITERATOR for pattern at http://localhost:3000/pods/00000000000000000933/posts/343597383824 http://localhost:3000/pods/00000000000000000933/posts/343597383824
START ITERATOR for pattern at http://localhost:3000/pods/00000000000000000933/posts/343597383823 http://localhost:3000/pods/00000000000000000933/posts/343597383823
START ITERATOR for pattern at http://localhost:3000/pods/00000000000000000933/posts/343597383822 http://localhost:3000/pods/00000000000000000933/posts/343597383822
START ITERATOR for pattern at http://localhost:3000/pods/00000000000000000933/posts/343597383821 http://localhost:3000/pods/00000000000000000933/posts/343597383821
START ITERATOR for pattern at http://localhost:3000/pods/00000000000000000933/posts/343597383820 http://localhost:3000/pods/00000000000000000933/posts/343597383820
START ITERATOR for pattern at http://localhost:3000/pods/00000000000000000933/posts/343597383819 http://localhost:3000/pods/00000000000000000933/posts/343597383819
START ITERATOR for pattern at http://localhost:3000/pods/00000000000000000933/posts/206158430346 http://localhost:3000/pods/00000000000000000933/posts/206158430346
START ITERATOR for pattern at http://localhost:3000/pods/00000000000000000933/posts/206158430345 http://localhost:3000/pods/00000000000000000933/posts/206158430345
START ITERATOR for pattern at http://localhost:3000/pods/00000000000000000933/posts/206158430344 http://localhost:3000/pods/00000000000000000933/posts/206158430344
START ITERATOR for pattern at http://localhost:3100/ldbc_socialnet/1.0/data/forum00000000343597383692 http://localhost:3100/ldbc_socialnet/1.0/data/forum00000000343597383692
START ITERATOR for pattern at http://localhost:3000/pods/00000000000000000933/posts/206158430343 http://localhost:3000/pods/00000000000000000933/posts/206158430343
START ITERATOR for pattern at http://localhost:3000/pods/00000000000000000933/posts/206158430342 http://localhost:3000/pods/00000000000000000933/posts/206158430342
START ITERATOR for pattern at http://localhost:3000/pods/00000000000000000933/posts/206158430341 http://localhost:3000/pods/00000000000000000933/posts/206158430341
START ITERATOR for pattern at http://localhost:3000/pods/00000000000000000933/posts/481036337284 http://localhost:3000/pods/00000000000000000933/posts/481036337284
START ITERATOR for pattern at http://localhost:3000/pods/00000000000000000933/posts/481036337283 http://localhost:3000/pods/00000000000000000933/posts/481036337283
START ITERATOR for pattern at http://localhost:3000/pods/00000000000000000933/posts/481036337282 http://localhost:3000/pods/00000000000000000933/posts/481036337282
START ITERATOR for pattern at http://localhost:3000/pods/00000000000000000933/posts/481036337281 http://localhost:3000/pods/00000000000000000933/posts/481036337281
START ITERATOR for pattern at http://localhost:3000/pods/00000000000000000933/posts/481036337280 http://localhost:3000/pods/00000000000000000933/posts/481036337280
START ITERATOR for pattern at http://localhost:3000/pods/00000000000000000933/posts/481036337279 http://localhost:3000/pods/00000000000000000933/posts/481036337279
START ITERATOR for pattern at http://localhost:3000/pods/00000000000000000933/posts/481036337278 http://localhost:3000/pods/00000000000000000933/posts/481036337278
START ITERATOR for pattern at http://localhost:3000/pods/00000000000000000933/posts/481036337277 http://localhost:3000/pods/00000000000000000933/posts/481036337277
START ITERATOR for pattern at http://localhost:3000/pods/00000000000000000933/posts/481036337276 http://localhost:3000/pods/00000000000000000933/posts/481036337276
START ITERATOR for pattern at http://localhost:3000/pods/00000000000000000933/posts/481036337275 http://localhost:3000/pods/00000000000000000933/posts/481036337275
START ITERATOR for pattern at http://localhost:3000/pods/00000000000000000933/posts/481036337274 http://localhost:3000/pods/00000000000000000933/posts/481036337274
START ITERATOR for pattern at http://localhost:3000/pods/00000000000000000933/posts/481036337273 http://localhost:3000/pods/00000000000000000933/posts/481036337273
START ITERATOR for pattern at http://localhost:3000/pods/00000000000000000933/posts/481036337272 http://localhost:3000/pods/00000000000000000933/posts/481036337272
START ITERATOR for pattern at http://localhost:3000/pods/00000000000000000933/posts/481036337271 http://localhost:3000/pods/00000000000000000933/posts/481036337271
START ITERATOR for pattern at http://localhost:3000/pods/00000000000000000933/posts/481036337270 http://localhost:3000/pods/00000000000000000933/posts/481036337270
START ITERATOR for pattern at http://localhost:3000/pods/00000000000000000933/posts/481036337269 http://localhost:3000/pods/00000000000000000933/posts/481036337269
START ITERATOR for pattern at http://localhost:3100/ldbc_socialnet/1.0/data/forum00000000481036337162 http://localhost:3100/ldbc_socialnet/1.0/data/forum00000000481036337162
START ITERATOR for pattern at http://localhost:3100/ldbc_socialnet/1.0/data/forum00000000206158430219 http://localhost:3100/ldbc_socialnet/1.0/data/forum00000000206158430219
START ITERATOR for pattern at http://localhost:3000/pods/00000000000000000933/posts/481036337268 http://localhost:3000/pods/00000000000000000933/posts/481036337268
START ITERATOR for pattern at http://localhost:3000/pods/00000000000000000933/posts/481036337267 http://localhost:3000/pods/00000000000000000933/posts/481036337267
START ITERATOR for pattern at http://localhost:3000/pods/00000000000000000933/posts/481036337266 http://localhost:3000/pods/00000000000000000933/posts/481036337266
START ITERATOR for pattern at http://localhost:3000/pods/00000000000000000933/posts/618475290737 http://localhost:3000/pods/00000000000000000933/posts/618475290737
START ITERATOR for pattern at http://localhost:3000/pods/00000000000000000933/posts/1099511627888 http://localhost:3000/pods/00000000000000000933/posts/1099511627888
START ITERATOR for pattern at http://localhost:3000/pods/00000000000000000933/posts/1099511627887 http://localhost:3000/pods/00000000000000000933/posts/1099511627887
START ITERATOR for pattern at http://localhost:3000/pods/00000000000000000933/posts/1099511627886 http://localhost:3000/pods/00000000000000000933/posts/1099511627886
START ITERATOR for pattern at http://localhost:3000/pods/00000000000000000933/posts/1099511627885 http://localhost:3000/pods/00000000000000000933/posts/1099511627885
START ITERATOR for pattern at http://localhost:3000/pods/00000000000000000933/posts/1099511627884 http://localhost:3000/pods/00000000000000000933/posts/1099511627884
START ITERATOR for pattern at http://localhost:3000/pods/00000000000000000933/posts/1099511627883 http://localhost:3000/pods/00000000000000000933/posts/1099511627883
START ITERATOR for pattern at http://localhost:3000/pods/00000000000000000933/posts/1099511627882 http://localhost:3000/pods/00000000000000000933/posts/1099511627882
START ITERATOR for pattern at http://localhost:3000/pods/00000000000000000933/posts/1099511627881 http://localhost:3000/pods/00000000000000000933/posts/1099511627881
START ITERATOR for pattern at http://localhost:3000/pods/00000000000000000933/posts/1099511627880 http://localhost:3000/pods/00000000000000000933/posts/1099511627880
START ITERATOR for pattern at http://localhost:3000/pods/00000000000000000933/posts/1099511627879 http://localhost:3000/pods/00000000000000000933/posts/1099511627879
START ITERATOR for pattern at http://localhost:3000/pods/00000000000000000933/posts/1099511627878 http://localhost:3000/pods/00000000000000000933/posts/1099511627878
START ITERATOR for pattern at http://localhost:3000/pods/00000000000000000933/posts/1099511627877 http://localhost:3000/pods/00000000000000000933/posts/1099511627877
START ITERATOR for pattern at http://localhost:3000/pods/00000000000000000933/posts/1099511627876 http://localhost:3000/pods/00000000000000000933/posts/1099511627876
START ITERATOR for pattern at http://localhost:3000/pods/00000000000000000933/posts/1099511627875 http://localhost:3000/pods/00000000000000000933/posts/1099511627875
START ITERATOR for pattern at http://localhost:3000/pods/00000000000000000933/posts/1099511627874 http://localhost:3000/pods/00000000000000000933/posts/1099511627874
START ITERATOR for pattern at http://localhost:3000/pods/00000000000000000933/posts/1099511627873 http://localhost:3000/pods/00000000000000000933/posts/1099511627873
START ITERATOR for pattern at http://localhost:3000/pods/00000000000000000933/posts/1099511627872 http://localhost:3000/pods/00000000000000000933/posts/1099511627872
START ITERATOR for pattern at http://localhost:3000/pods/00000000000000000933/posts/1099511627871 http://localhost:3000/pods/00000000000000000933/posts/1099511627871
START ITERATOR for pattern at http://localhost:3000/pods/00000000000000000933/posts/1099511627870 http://localhost:3000/pods/00000000000000000933/posts/1099511627870
START ITERATOR for pattern at http://localhost:3000/pods/00000000000000000933/posts/1099511627869 http://localhost:3000/pods/00000000000000000933/posts/1099511627869
START ITERATOR for pattern at http://localhost:3000/pods/00000000000000000933/posts/1030792151132 http://localhost:3000/pods/00000000000000000933/posts/1030792151132
START ITERATOR for pattern at http://localhost:3000/pods/00000000000000000933/posts/1030792151131 http://localhost:3000/pods/00000000000000000933/posts/1030792151131
START ITERATOR for pattern at http://localhost:3100/ldbc_socialnet/1.0/data/forum00000001099511627784 http://localhost:3100/ldbc_socialnet/1.0/data/forum00000001099511627784
START ITERATOR for pattern at http://localhost:3100/ldbc_socialnet/1.0/data/forum00000000618475290633 http://localhost:3100/ldbc_socialnet/1.0/data/forum00000000618475290633
START ITERATOR for pattern at http://localhost:3000/pods/00000000000000000933/posts/1030792151130 http://localhost:3000/pods/00000000000000000933/posts/1030792151130
START ITERATOR for pattern at http://localhost:3000/pods/00000000000000000933/posts/1030792151129 http://localhost:3000/pods/00000000000000000933/posts/1030792151129
START ITERATOR for pattern at http://localhost:3000/pods/00000000000000000933/posts/1030792151128 http://localhost:3000/pods/00000000000000000933/posts/1030792151128
START ITERATOR for pattern at http://localhost:3000/pods/00000000000000000933/posts/1030792151127 http://localhost:3000/pods/00000000000000000933/posts/1030792151127
START ITERATOR for pattern at http://localhost:3000/pods/00000000000000000933/posts/1030792151126 http://localhost:3000/pods/00000000000000000933/posts/1030792151126
START ITERATOR for pattern at http://localhost:3000/pods/00000000000000000933/posts/1030792151125 http://localhost:3000/pods/00000000000000000933/posts/1030792151125
START ITERATOR for pattern at http://localhost:3000/pods/00000000000000000933/posts/1030792151124 http://localhost:3000/pods/00000000000000000933/posts/1030792151124
START ITERATOR for pattern at http://localhost:3000/pods/00000000000000000933/posts/1030792151123 http://localhost:3000/pods/00000000000000000933/posts/1030792151123
START ITERATOR for pattern at http://localhost:3000/pods/00000000000000000933/posts/1030792151122 http://localhost:3000/pods/00000000000000000933/posts/1030792151122
START ITERATOR for pattern at http://localhost:3000/pods/00000000000000000933/posts/1030792151121 http://localhost:3000/pods/00000000000000000933/posts/1030792151121
START ITERATOR for pattern at http://localhost:3000/pods/00000000000000000933/posts/1030792151120 http://localhost:3000/pods/00000000000000000933/posts/1030792151120
START ITERATOR for pattern at http://localhost:3000/pods/00000000000000000933/posts/1030792151119 http://localhost:3000/pods/00000000000000000933/posts/1030792151119
START ITERATOR for pattern at http://localhost:3000/pods/00000000000000000933/posts/1030792151118 http://localhost:3000/pods/00000000000000000933/posts/1030792151118
START ITERATOR for pattern at http://localhost:3000/pods/00000000000000000933/posts/1030792151117 http://localhost:3000/pods/00000000000000000933/posts/1030792151117
START ITERATOR for pattern at http://localhost:3000/pods/00000000000000000933/posts/618475290700 http://localhost:3000/pods/00000000000000000933/posts/618475290700
START ITERATOR for pattern at http://localhost:3000/pods/00000000000000000933/posts/618475290699 http://localhost:3000/pods/00000000000000000933/posts/618475290699
START ITERATOR for pattern at http://localhost:3000/pods/00000000000000000933/posts/893353197642 http://localhost:3000/pods/00000000000000000933/posts/893353197642
START ITERATOR for pattern at http://localhost:3000/pods/00000000000000000933/posts/1030792151113 http://localhost:3000/pods/00000000000000000933/posts/1030792151113
START ITERATOR for pattern at http://localhost:3000/pods/00000000000000000933/posts/1030792151112 http://localhost:3000/pods/00000000000000000933/posts/1030792151112
START ITERATOR for pattern at http://localhost:3000/pods/00000000000000000933/posts/1030792151111 http://localhost:3000/pods/00000000000000000933/posts/1030792151111
START ITERATOR for pattern at http://localhost:3000/pods/00000000000000000933/posts/1030792151110 http://localhost:3000/pods/00000000000000000933/posts/1030792151110
START ITERATOR for pattern at http://localhost:3000/pods/00000000000000000933/posts/1030792151109 http://localhost:3000/pods/00000000000000000933/posts/1030792151109
START ITERATOR for pattern at http://localhost:3000/pods/00000000000000000933/posts/1030792151108 http://localhost:3000/pods/00000000000000000933/posts/1030792151108
START ITERATOR for pattern at http://localhost:3000/pods/00000000000000000933/posts/1030792151107 http://localhost:3000/pods/00000000000000000933/posts/1030792151107
START ITERATOR for pattern at http://localhost:3000/pods/00000000000000000933/posts/755914244162 http://localhost:3000/pods/00000000000000000933/posts/755914244162
START ITERATOR for pattern at http://localhost:3000/pods/00000000000000000933/posts/755914244161 http://localhost:3000/pods/00000000000000000933/posts/755914244161
START ITERATOR for pattern at http://localhost:3100/ldbc_socialnet/1.0/data/forum00000001030792151044 http://localhost:3100/ldbc_socialnet/1.0/data/forum00000001030792151044
START ITERATOR for pattern at http://localhost:3100/ldbc_socialnet/1.0/data/forum00000000893353197573 http://localhost:3100/ldbc_socialnet/1.0/data/forum00000000893353197573
START ITERATOR for pattern at http://localhost:3100/ldbc_socialnet/1.0/data/forum00000000618475290630 http://localhost:3100/ldbc_socialnet/1.0/data/forum00000000618475290630
START ITERATOR for pattern at http://localhost:3100/ldbc_socialnet/1.0/data/forum00000001030792151047 http://localhost:3100/ldbc_socialnet/1.0/data/forum00000001030792151047
START ITERATOR for pattern at http://localhost:3000/pods/00000000000000000933/posts/755914244160 http://localhost:3000/pods/00000000000000000933/posts/755914244160
START ITERATOR for pattern at http://localhost:3000/pods/00000000000000000933/posts/755914244159 http://localhost:3000/pods/00000000000000000933/posts/755914244159
START ITERATOR for pattern at http://localhost:3000/pods/00000000000000000933/posts/755914244158 http://localhost:3000/pods/00000000000000000933/posts/755914244158
START ITERATOR for pattern at http://localhost:3000/pods/00000000000000000933/posts/755914244157 http://localhost:3000/pods/00000000000000000933/posts/755914244157
START ITERATOR for pattern at http://localhost:3000/pods/00000000000000000933/posts/755914244156 http://localhost:3000/pods/00000000000000000933/posts/755914244156
START ITERATOR for pattern at http://localhost:3000/pods/00000000000000000933/posts/755914244155 http://localhost:3000/pods/00000000000000000933/posts/755914244155
START ITERATOR for pattern at http://localhost:3000/pods/00000000000000000933/posts/755914244154 http://localhost:3000/pods/00000000000000000933/posts/755914244154
START ITERATOR for pattern at http://localhost:3000/pods/00000000000000000933/posts/755914244153 http://localhost:3000/pods/00000000000000000933/posts/755914244153
START ITERATOR for pattern at http://localhost:3000/pods/00000000000000000933/posts/755914244152 http://localhost:3000/pods/00000000000000000933/posts/755914244152
START ITERATOR for pattern at http://localhost:3000/pods/00000000000000000933/posts/755914244151 http://localhost:3000/pods/00000000000000000933/posts/755914244151
START ITERATOR for pattern at http://localhost:3000/pods/00000000000000000933/posts/755914244150 http://localhost:3000/pods/00000000000000000933/posts/755914244150
START ITERATOR for pattern at http://localhost:3000/pods/00000000000000000933/posts/755914244149 http://localhost:3000/pods/00000000000000000933/posts/755914244149
START ITERATOR for pattern at http://localhost:3000/pods/00000000000000000933/posts/755914244148 http://localhost:3000/pods/00000000000000000933/posts/755914244148
START ITERATOR for pattern at http://localhost:3000/pods/00000000000000000933/posts/755914244147 http://localhost:3000/pods/00000000000000000933/posts/755914244147
START ITERATOR for pattern at http://localhost:3000/pods/00000000000000000933/posts/481036337202 http://localhost:3000/pods/00000000000000000933/posts/481036337202
START ITERATOR for pattern at http://localhost:3000/pods/00000000000000000933/posts/481036337201 http://localhost:3000/pods/00000000000000000933/posts/481036337201
START ITERATOR for pattern at http://localhost:3000/pods/00000000000000000933/posts/481036337200 http://localhost:3000/pods/00000000000000000933/posts/481036337200
START ITERATOR for pattern at http://localhost:3000/pods/00000000000000000933/posts/481036337199 http://localhost:3000/pods/00000000000000000933/posts/481036337199
START ITERATOR for pattern at http://localhost:3000/pods/00000000000000000933/posts/481036337198 http://localhost:3000/pods/00000000000000000933/posts/481036337198
START ITERATOR for pattern at http://localhost:3000/pods/00000000000000000933/posts/481036337197 http://localhost:3000/pods/00000000000000000933/posts/481036337197
START ITERATOR for pattern at http://localhost:3000/pods/00000000000000000933/posts/481036337196 http://localhost:3000/pods/00000000000000000933/posts/481036337196
START ITERATOR for pattern at http://localhost:3000/pods/00000000000000000933/posts/481036337195 http://localhost:3000/pods/00000000000000000933/posts/481036337195
START ITERATOR for pattern at http://localhost:3000/pods/00000000000000000933/posts/481036337194 http://localhost:3000/pods/00000000000000000933/posts/481036337194
START ITERATOR for pattern at http://localhost:3000/pods/00000000000000000933/posts/481036337193 http://localhost:3000/pods/00000000000000000933/posts/481036337193
START ITERATOR for pattern at http://localhost:3100/ldbc_socialnet/1.0/data/forum00000000481036337154 http://localhost:3100/ldbc_socialnet/1.0/data/forum00000000481036337154
START ITERATOR for pattern at http://localhost:3100/ldbc_socialnet/1.0/data/forum00000000755914244099 http://localhost:3100/ldbc_socialnet/1.0/data/forum00000000755914244099
START ITERATOR for pattern at http://localhost:3000/pods/00000000000000000933/posts/481036337192 http://localhost:3000/pods/00000000000000000933/posts/481036337192
START ITERATOR for pattern at http://localhost:3000/pods/00000000000000000933/posts/481036337191 http://localhost:3000/pods/00000000000000000933/posts/481036337191
START ITERATOR for pattern at http://localhost:3000/pods/00000000000000000933/posts/481036337190 http://localhost:3000/pods/00000000000000000933/posts/481036337190
START ITERATOR for pattern at http://localhost:3000/pods/00000000000000000933/posts/481036337189 http://localhost:3000/pods/00000000000000000933/posts/481036337189
START ITERATOR for pattern at http://localhost:3000/pods/00000000000000000933/posts/481036337188 http://localhost:3000/pods/00000000000000000933/posts/481036337188
START ITERATOR for pattern at http://localhost:3000/pods/00000000000000000933/posts/481036337187 http://localhost:3000/pods/00000000000000000933/posts/481036337187
START ITERATOR for pattern at http://localhost:3000/pods/00000000000000000933/posts/481036337186 http://localhost:3000/pods/00000000000000000933/posts/481036337186
START ITERATOR for pattern at http://localhost:3000/pods/00000000000000000933/posts/481036337185 http://localhost:3000/pods/00000000000000000933/posts/481036337185
START ITERATOR for pattern at http://localhost:3000/pods/00000000000000000933/posts/481036337184 http://localhost:3000/pods/00000000000000000933/posts/481036337184
START ITERATOR for pattern at http://localhost:3000/pods/00000000000000000933/posts/412316860440 http://localhost:3000/pods/00000000000000000933/posts/412316860440
START ITERATOR for pattern at http://localhost:3000/pods/00000000000000000933/posts/1030792151044 http://localhost:3000/pods/00000000000000000933/posts/1030792151044
START ITERATOR for pattern at http://localhost:3000/pods/00000000000000000933/posts/3 http://localhost:3000/pods/00000000000000000933/posts/3
START ITERATOR for pattern at http://localhost:3000/pods/00000000000000000933/posts/618475290624 http://localhost:3000/pods/00000000000000000933/posts/618475290624
START ITERATOR for pattern at http://localhost:3000/pods/00000000000000000933/noise/NOISE-12663 http://localhost:3000/pods/00000000000000000933/noise/NOISE-12663
START ITERATOR for pattern at http://localhost:3000/pods/00000000000000000933/noise/NOISE-11785 http://localhost:3000/pods/00000000000000000933/noise/NOISE-11785
START ITERATOR for pattern at http://localhost:3000/pods/00000000000000000933/noise/NOISE-10840 http://localhost:3000/pods/00000000000000000933/noise/NOISE-10840
START ITERATOR for pattern at http://localhost:3000/pods/00000000000000000933/noise/NOISE-10432 http://localhost:3000/pods/00000000000000000933/noise/NOISE-10432
START ITERATOR for pattern at http://localhost:3000/pods/00000000000000000933/noise/NOISE-9360 http://localhost:3000/pods/00000000000000000933/noise/NOISE-9360
START ITERATOR for pattern at http://localhost:3000/pods/00000000000000000933/noise/NOISE-6262 http://localhost:3000/pods/00000000000000000933/noise/NOISE-6262
START ITERATOR for pattern at http://localhost:3000/pods/00000000000000000933/noise/NOISE-1216 http://localhost:3000/pods/00000000000000000933/noise/NOISE-1216
START ITERATOR for pattern at http://localhost:3100/ldbc_socialnet/1.0/data/forum00000000000000000000 http://localhost:3100/ldbc_socialnet/1.0/data/forum00000000000000000000
START ITERATOR for pattern at http://localhost:3000/pods/00000000000000000933/profile/card http://localhost:3000/pods/00000000000000000933/profile/card
START ITERATOR for pattern at http://localhost:3000/pods/00000000000000000933/ http://localhost:3000/pods/00000000000000000933/
START ITERATOR for pattern at http://localhost:4000/sparql?default-graph-uri=http://localhost:3000/pods/00000000000000000933/ http://localhost:4000/sparql?default-graph-uri=http://localhost:3000/pods/00000000000000000933/
START ITERATOR for pattern at http://localhost:3000/pods/00000000000000000933/settings/ http://localhost:3000/pods/00000000000000000933/settings/
START ITERATOR for pattern at http://localhost:3000/pods/00000000000000000933/comments/ http://localhost:3000/pods/00000000000000000933/comments/
START ITERATOR for pattern at http://localhost:3000/pods/00000000000000000933/noise/ http://localhost:3000/pods/00000000000000000933/noise/
START ITERATOR for pattern at http://localhost:3000/pods/00000000000000000933/profile/ http://localhost:3000/pods/00000000000000000933/profile/
START ITERATOR for pattern at http://localhost:3000/pods/00000000000000000933/posts/ http://localhost:3000/pods/00000000000000000933/posts/
START ITERATOR for pattern at http://localhost:3000/pods/00000000000000000933/settings/publicTypeIndex http://localhost:3000/pods/00000000000000000933/settings/publicTypeIndex
START ITERATOR for pattern at http://localhost:3000/pods/00000000000000000933/comments/1030792249459 http://localhost:3000/pods/00000000000000000933/comments/1030792249459
START ITERATOR for pattern at http://localhost:3000/pods/00000000000000000933/comments/962072902061 http://localhost:3000/pods/00000000000000000933/comments/962072902061
START ITERATOR for pattern at http://localhost:3000/pods/00000000000000000933/comments/206158657924 http://localhost:3000/pods/00000000000000000933/comments/206158657924
START ITERATOR for pattern at http://localhost:3000/pods/00000000000000000933/comments/962072901922 http://localhost:3000/pods/00000000000000000933/comments/962072901922
START ITERATOR for pattern at http://localhost:3000/pods/00000000000000000933/comments/274878134534 http://localhost:3000/pods/00000000000000000933/comments/274878134534
START ITERATOR for pattern at http://localhost:3000/pods/00000000000000000933/comments/274878134533 http://localhost:3000/pods/00000000000000000933/comments/274878134533
START ITERATOR for pattern at http://localhost:3000/pods/00000000000000000933/comments/274878134506 http://localhost:3000/pods/00000000000000000933/comments/274878134506
START ITERATOR for pattern at http://localhost:3000/pods/00000000000000000933/comments/206158657719 http://localhost:3000/pods/00000000000000000933/comments/206158657719
START ITERATOR for pattern at http://localhost:3000/pods/00000000000000000933/comments/824633948323 http://localhost:3000/pods/00000000000000000933/comments/824633948323
START ITERATOR for pattern at http://localhost:3000/pods/00000000000000000933/comments/206158657628 http://localhost:3000/pods/00000000000000000933/comments/206158657628
START ITERATOR for pattern at http://localhost:3000/pods/00000000000000000933/comments/962072901712 http://localhost:3000/pods/00000000000000000933/comments/962072901712
START ITERATOR for pattern at http://localhost:3000/pods/00000000000000000933/comments/824633948225 http://localhost:3000/pods/00000000000000000933/comments/824633948225
START ITERATOR for pattern at http://localhost:3000/pods/00000000000000000933/comments/824633948217 http://localhost:3000/pods/00000000000000000933/comments/824633948217
START ITERATOR for pattern at http://localhost:3000/pods/00000000000000000933/comments/206158657583 http://localhost:3000/pods/00000000000000000933/comments/206158657583
START ITERATOR for pattern at http://localhost:3000/pods/00000000000000000933/comments/274878134295 http://localhost:3000/pods/00000000000000000933/comments/274878134295
START ITERATOR for pattern at http://localhost:3000/pods/00000000000000000933/comments/824633948154 http://localhost:3000/pods/00000000000000000933/comments/824633948154
START ITERATOR for pattern at http://localhost:3000/pods/00000000000000000933/comments/962072901507 http://localhost:3000/pods/00000000000000000933/comments/962072901507
START ITERATOR for pattern at http://localhost:3000/pods/00000000000000000933/comments/1030792378236 http://localhost:3000/pods/00000000000000000933/comments/1030792378236
START ITERATOR for pattern at http://localhost:3000/pods/00000000000000000933/comments/1030792378178 http://localhost:3000/pods/00000000000000000933/comments/1030792378178
START ITERATOR for pattern at http://localhost:3000/pods/00000000000000000933/comments/137439180534 http://localhost:3000/pods/00000000000000000933/comments/137439180534
START ITERATOR for pattern at http://localhost:3000/pods/00000000000000000933/comments/274878133954 http://localhost:3000/pods/00000000000000000933/comments/274878133954
START ITERATOR for pattern at http://localhost:3000/pods/00000000000000000933/comments/68719703701 http://localhost:3000/pods/00000000000000000933/comments/68719703701
START ITERATOR for pattern at http://localhost:3000/pods/00000000000000000933/comments/68719703700 http://localhost:3000/pods/00000000000000000933/comments/68719703700
START ITERATOR for pattern at http://localhost:3000/pods/00000000000000000933/comments/68719703699 http://localhost:3000/pods/00000000000000000933/comments/68719703699
START ITERATOR for pattern at http://localhost:3000/pods/00000000000000000933/comments/68719703698 http://localhost:3000/pods/00000000000000000933/comments/68719703698
START ITERATOR for pattern at http://localhost:3000/pods/00000000000000000933/comments/68719703695 http://localhost:3000/pods/00000000000000000933/comments/68719703695
START ITERATOR for pattern at http://localhost:3000/pods/00000000000000000933/comments/412317087321 http://localhost:3000/pods/00000000000000000933/comments/412317087321
START ITERATOR for pattern at http://localhost:3000/pods/00000000000000000933/comments/687194994244 http://localhost:3000/pods/00000000000000000933/comments/687194994244
START ITERATOR for pattern at http://localhost:3000/pods/00000000000000000933/comments/412317087261 http://localhost:3000/pods/00000000000000000933/comments/412317087261
START ITERATOR for pattern at http://localhost:3000/pods/00000000000000000933/comments/343597526168 http://localhost:3000/pods/00000000000000000933/comments/343597526168
START ITERATOR for pattern at http://localhost:3000/pods/00000000000000000933/comments/343597526156 http://localhost:3000/pods/00000000000000000933/comments/343597526156
START ITERATOR for pattern at http://localhost:3000/pods/00000000000000000933/comments/343597526137 http://localhost:3000/pods/00000000000000000933/comments/343597526137
START ITERATOR for pattern at http://localhost:3000/pods/00000000000000000933/comments/343597526122 http://localhost:3000/pods/00000000000000000933/comments/343597526122
START ITERATOR for pattern at http://localhost:3000/pods/00000000000000000933/comments/343597526121 http://localhost:3000/pods/00000000000000000933/comments/343597526121
START ITERATOR for pattern at http://localhost:3000/pods/00000000000000000933/comments/412317002825 http://localhost:3000/pods/00000000000000000933/comments/412317002825
START ITERATOR for pattern at http://localhost:3000/pods/00000000000000000933/comments/412317002822 http://localhost:3000/pods/00000000000000000933/comments/412317002822
START ITERATOR for pattern at http://localhost:3000/pods/00000000000000000933/comments/824633863206 http://localhost:3000/pods/00000000000000000933/comments/824633863206
START ITERATOR for pattern at http://localhost:3000/pods/00000000000000000933/comments/893353339927 http://localhost:3000/pods/00000000000000000933/comments/893353339927
START ITERATOR for pattern at http://localhost:3000/pods/00000000000000000933/comments/962072816624 http://localhost:3000/pods/00000000000000000933/comments/962072816624
START ITERATOR for pattern at http://localhost:3000/pods/00000000000000000933/comments/412317002705 http://localhost:3000/pods/00000000000000000933/comments/412317002705
START ITERATOR for pattern at http://localhost:3000/pods/00000000000000000933/comments/824633863112 http://localhost:3000/pods/00000000000000000933/comments/824633863112
START ITERATOR for pattern at http://localhost:3000/pods/00000000000000000933/comments/412317002668 http://localhost:3000/pods/00000000000000000933/comments/412317002668
START ITERATOR for pattern at http://localhost:3000/pods/00000000000000000933/comments/824633863028 http://localhost:3000/pods/00000000000000000933/comments/824633863028
START ITERATOR for pattern at http://localhost:3000/pods/00000000000000000933/comments/412317002593 http://localhost:3000/pods/00000000000000000933/comments/412317002593
START ITERATOR for pattern at http://localhost:3000/pods/00000000000000000933/comments/481036479295 http://localhost:3000/pods/00000000000000000933/comments/481036479295
START ITERATOR for pattern at http://localhost:3000/pods/00000000000000000933/comments/618475432689 http://localhost:3000/pods/00000000000000000933/comments/618475432689
START ITERATOR for pattern at http://localhost:3000/pods/00000000000000000933/comments/962072795589 http://localhost:3000/pods/00000000000000000933/comments/962072795589
START ITERATOR for pattern at http://localhost:3000/pods/00000000000000000933/comments/962072795570 http://localhost:3000/pods/00000000000000000933/comments/962072795570
START ITERATOR for pattern at http://localhost:3000/pods/00000000000000000933/comments/962072795552 http://localhost:3000/pods/00000000000000000933/comments/962072795552
START ITERATOR for pattern at http://localhost:3000/pods/00000000000000000933/comments/962072795528 http://localhost:3000/pods/00000000000000000933/comments/962072795528
START ITERATOR for pattern at http://localhost:3000/pods/00000000000000000933/comments/962072795527 http://localhost:3000/pods/00000000000000000933/comments/962072795527
START ITERATOR for pattern at http://localhost:3000/pods/00000000000000000933/comments/962072795525 http://localhost:3000/pods/00000000000000000933/comments/962072795525
START ITERATOR for pattern at http://localhost:3000/pods/00000000000000000933/comments/1030792272121 http://localhost:3000/pods/00000000000000000933/comments/1030792272121
START ITERATOR for pattern at http://localhost:3000/pods/00000000000000000933/comments/1030792272060 http://localhost:3000/pods/00000000000000000933/comments/1030792272060
START ITERATOR for pattern at http://localhost:3000/pods/00000000000000000933/comments/893353296387 http://localhost:3000/pods/00000000000000000933/comments/893353296387
START ITERATOR for pattern at http://localhost:3000/pods/00000000000000000933/comments/893353296375 http://localhost:3000/pods/00000000000000000933/comments/893353296375
START ITERATOR for pattern at http://localhost:3000/pods/00000000000000000933/comments/893353296231 http://localhost:3000/pods/00000000000000000933/comments/893353296231
START ITERATOR for pattern at http://localhost:3000/pods/00000000000000000933/comments/893353296180 http://localhost:3000/pods/00000000000000000933/comments/893353296180
START ITERATOR for pattern at http://localhost:3000/pods/00000000000000000933/comments/824633819312 http://localhost:3000/pods/00000000000000000933/comments/824633819312
START ITERATOR for pattern at http://localhost:3000/pods/00000000000000000933/comments/1030792249462 http://localhost:3000/pods/00000000000000000933/comments/1030792249462
START ITERATOR for pattern at http://localhost:3000/pods/00000000000000000933/posts/962072795586 http://localhost:3000/pods/00000000000000000933/posts/962072795586
START ITERATOR for pattern at http://localhost:3000/pods/00000000000000000933/posts/962072795511 http://localhost:3000/pods/00000000000000000933/posts/962072795511
START ITERATOR for pattern at http://localhost:3000/pods/00000000000000000933/posts/962072674681 http://localhost:3000/pods/00000000000000000933/posts/962072674681
START ITERATOR for pattern at http://localhost:3000/pods/00000000000000000933/posts/962072674680 http://localhost:3000/pods/00000000000000000933/posts/962072674680
START ITERATOR for pattern at http://localhost:3000/pods/00000000000000000933/posts/962072674679 http://localhost:3000/pods/00000000000000000933/posts/962072674679
START ITERATOR for pattern at http://localhost:3000/pods/00000000000000000933/posts/962072674678 http://localhost:3000/pods/00000000000000000933/posts/962072674678
START ITERATOR for pattern at http://localhost:3000/pods/00000000000000000933/posts/962072674677 http://localhost:3000/pods/00000000000000000933/posts/962072674677
START ITERATOR for pattern at http://localhost:3000/pods/00000000000000000933/posts/962072674676 http://localhost:3000/pods/00000000000000000933/posts/962072674676

{"messageId":"\"962072795586\"^^http://www.w3.org/2001/XMLSchema#long","messageContent":"\"About Gilbert du Motier, marquis de Lafayette, ights of Man About Manuel Noriega, 0 \"","messageCreationDate":"\"2012-06-03T10:23:21.946Z\"^^http://www.w3.org/2001/XMLSchema#dateTime"},
{"messageContent":"\"About Gilbert du Motier, marquis de Lafayette, ights of Man About Manuel Noriega, 0 \"","messageId":"\"962072795586\"^^http://www.w3.org/2001/XMLSchema#long","messageCreationDate":"\"2012-06-03T10:23:21.946Z\"^^http://www.w3.org/2001/XMLSchema#dateTime"},
{"messageId":"\"962072795586\"^^http://www.w3.org/2001/XMLSchema#long","messageContent":"\"About Gilbert du Motier, marquis de Lafayette, ights of Man About Manuel Noriega, 0 \"","messageCreationDate":"\"2012-06-03T10:23:21.946Z\"^^http://www.w3.org/2001/XMLSchema#dateTime"},
{"messageContent":"\"About Gilbert du Motier, marquis de Lafayette, ights of Man About Manuel Noriega, 0 \"","messageId":"\"962072795586\"^^http://www.w3.org/2001/XMLSchema#long","messageCreationDate":"\"2012-06-03T10:23:21.946Z\"^^http://www.w3.org/2001/XMLSchema#dateTime"},
{"messageId":"\"962072795586\"^^http://www.w3.org/2001/XMLSchema#long","messageContent":"\"About Gilbert du Motier, marquis de Lafayette, ights of Man About Manuel Noriega, 0 \"","messageCreationDate":"\"2012-06-03T10:23:21.946Z\"^^http://www.w3.org/2001/XMLSchema#dateTime"},
{"messageContent":"\"About Gilbert du Motier, marquis de Lafayette, ights of Man About Manuel Noriega, 0 \"","messageId":"\"962072795586\"^^http://www.w3.org/2001/XMLSchema#long","messageCreationDate":"\"2012-06-03T10:23:21.946Z\"^^http://www.w3.org/2001/XMLSchema#dateTime"},
{"messageId":"\"962072795586\"^^http://www.w3.org/2001/XMLSchema#long","messageContent":"\"About Gilbert du Motier, marquis de Lafayette, ights of Man About Manuel Noriega, 0 \"","messageCreationDate":"\"2012-06-03T10:23:21.946Z\"^^http://www.w3.org/2001/XMLSchema#dateTime"},
{"messageContent":"\"About Gilbert du Motier, marquis de Lafayette, ights of Man About Manuel Noriega, 0 \"","messageId":"\"962072795586\"^^http://www.w3.org/2001/XMLSchema#long","messageCreationDate":"\"2012-06-03T10:23:21.946Z\"^^http://www.w3.org/2001/XMLSchema#dateTime"},
{"messageId":"\"962072795586\"^^http://www.w3.org/2001/XMLSchema#long","messageContent":"\"About Gilbert du Motier, marquis de Lafayette, ights of Man About Manuel Noriega, 0 \"","messageCreationDate":"\"2012-06-03T10:23:21.946Z\"^^http://www.w3.org/2001/XMLSchema#dateTime"},
{"messageContent":"\"About Gilbert du Motier, marquis de Lafayette, ights of Man About Manuel Noriega, 0 \"","messageId":"\"962072795586\"^^http://www.w3.org/2001/XMLSchema#long","messageCreationDate":"\"2012-06-03T10:23:21.946Z\"^^http://www.w3.org/2001/XMLSchema#dateTime"},
{"messageId":"\"962072795586\"^^http://www.w3.org/2001/XMLSchema#long","messageContent":"\"About Gilbert du Motier, marquis de Lafayette, ights of Man About Manuel Noriega, 0 \"","messageCreationDate":"\"2012-06-03T10:23:21.946Z\"^^http://www.w3.org/2001/XMLSchema#dateTime"},
{"messageContent":"\"About Gilbert du Motier, marquis de Lafayette, ights of Man About Manuel Noriega, 0 \"","messageId":"\"962072795586\"^^http://www.w3.org/2001/XMLSchema#long","messageCreationDate":"\"2012-06-03T10:23:21.946Z\"^^http://www.w3.org/2001/XMLSchema#dateTime"},
{"messageId":"\"962072795586\"^^http://www.w3.org/2001/XMLSchema#long","messageContent":"\"About Gilbert du Motier, marquis de Lafayette, ights of Man About Manuel Noriega, 0 \"","messageCreationDate":"\"2012-06-03T10:23:21.946Z\"^^http://www.w3.org/2001/XMLSchema#dateTime"},
{"messageContent":"\"About Gilbert du Motier, marquis de Lafayette, ights of Man About Manuel Noriega, 0 \"","messageId":"\"962072795586\"^^http://www.w3.org/2001/XMLSchema#long","messageCreationDate":"\"2012-06-03T10:23:21.946Z\"^^http://www.w3.org/2001/XMLSchema#dateTime"},
{"messageId":"\"962072795586\"^^http://www.w3.org/2001/XMLSchema#long","messageContent":"\"About Gilbert du Motier, marquis de Lafayette, ights of Man About Manuel Noriega, 0 \"","messageCreationDate":"\"2012-06-03T10:23:21.946Z\"^^http://www.w3.org/2001/XMLSchema#dateTime"},
{"messageContent":"\"About Gilbert du Motier, marquis de Lafayette, ights of Man About Manuel Noriega, 0 \"","messageId":"\"962072795586\"^^http://www.w3.org/2001/XMLSchema#long","messageCreationDate":"\"2012-06-03T10:23:21.946Z\"^^http://www.w3.org/2001/XMLSchema#dateTime"},
{"messageId":"\"962072795511\"^^http://www.w3.org/2001/XMLSchema#long","messageContent":"\"About George Clooney, d The Descendants (2011). Clooney's humanitarian work includes his advocacy of \"","messageCreationDate":"\"2012-06-07T07:41:27.262Z\"^^http://www.w3.org/2001/XMLSchema#dateTime"},
{"messageContent":"\"About George Clooney, d The Descendants (2011). Clooney's humanitarian work includes his advocacy of \"","messageId":"\"962072795511\"^^http://www.w3.org/2001/XMLSchema#long","messageCreationDate":"\"2012-06-07T07:41:27.262Z\"^^http://www.w3.org/2001/XMLSchema#dateTime"},
{"messageId":"\"962072795511\"^^http://www.w3.org/2001/XMLSchema#long","messageContent":"\"About George Clooney, d The Descendants (2011). Clooney's humanitarian work includes his advocacy of \"","messageCreationDate":"\"2012-06-07T07:41:27.262Z\"^^http://www.w3.org/2001/XMLSchema#dateTime"},
{"messageContent":"\"About George Clooney, d The Descendants (2011). Clooney's humanitarian work includes his advocacy of \"","messageId":"\"962072795511\"^^http://www.w3.org/2001/XMLSchema#long","messageCreationDate":"\"2012-06-07T07:41:27.262Z\"^^http://www.w3.org/2001/XMLSchema#dateTime"},
{"messageId":"\"962072795511\"^^http://www.w3.org/2001/XMLSchema#long","messageContent":"\"About George Clooney, d The Descendants (2011). Clooney's humanitarian work includes his advocacy of \"","messageCreationDate":"\"2012-06-07T07:41:27.262Z\"^^http://www.w3.org/2001/XMLSchema#dateTime"},
{"messageContent":"\"About George Clooney, d The Descendants (2011). Clooney's humanitarian work includes his advocacy of \"","messageId":"\"962072795511\"^^http://www.w3.org/2001/XMLSchema#long","messageCreationDate":"\"2012-06-07T07:41:27.262Z\"^^http://www.w3.org/2001/XMLSchema#dateTime"},
{"messageId":"\"962072795511\"^^http://www.w3.org/2001/XMLSchema#long","messageContent":"\"About George Clooney, d The Descendants (2011). Clooney's humanitarian work includes his advocacy of \"","messageCreationDate":"\"2012-06-07T07:41:27.262Z\"^^http://www.w3.org/2001/XMLSchema#dateTime"},
{"messageContent":"\"About George Clooney, d The Descendants (2011). Clooney's humanitarian work includes his advocacy of \"","messageId":"\"962072795511\"^^http://www.w3.org/2001/XMLSchema#long","messageCreationDate":"\"2012-06-07T07:41:27.262Z\"^^http://www.w3.org/2001/XMLSchema#dateTime"},
{"messageId":"\"962072795511\"^^http://www.w3.org/2001/XMLSchema#long","messageContent":"\"About George Clooney, d The Descendants (2011). Clooney's humanitarian work includes his advocacy of \"","messageCreationDate":"\"2012-06-07T07:41:27.262Z\"^^http://www.w3.org/2001/XMLSchema#dateTime"},
{"messageContent":"\"About George Clooney, d The Descendants (2011). Clooney's humanitarian work includes his advocacy of \"","messageId":"\"962072795511\"^^http://www.w3.org/2001/XMLSchema#long","messageCreationDate":"\"2012-06-07T07:41:27.262Z\"^^http://www.w3.org/2001/XMLSchema#dateTime"},
{"messageId":"\"962072795511\"^^http://www.w3.org/2001/XMLSchema#long","messageContent":"\"About George Clooney, d The Descendants (2011). Clooney's humanitarian work includes his advocacy of \"","messageCreationDate":"\"2012-06-07T07:41:27.262Z\"^^http://www.w3.org/2001/XMLSchema#dateTime"},
{"messageContent":"\"About George Clooney, d The Descendants (2011). Clooney's humanitarian work includes his advocacy of \"","messageId":"\"962072795511\"^^http://www.w3.org/2001/XMLSchema#long","messageCreationDate":"\"2012-06-07T07:41:27.262Z\"^^http://www.w3.org/2001/XMLSchema#dateTime"},
{"messageId":"\"962072795511\"^^http://www.w3.org/2001/XMLSchema#long","messageContent":"\"About George Clooney, d The Descendants (2011). Clooney's humanitarian work includes his advocacy of \"","messageCreationDate":"\"2012-06-07T07:41:27.262Z\"^^http://www.w3.org/2001/XMLSchema#dateTime"},
{"messageContent":"\"About George Clooney, d The Descendants (2011). Clooney's humanitarian work includes his advocacy of \"","messageId":"\"962072795511\"^^http://www.w3.org/2001/XMLSchema#long","messageCreationDate":"\"2012-06-07T07:41:27.262Z\"^^http://www.w3.org/2001/XMLSchema#dateTime"},
{"messageId":"\"962072795511\"^^http://www.w3.org/2001/XMLSchema#long","messageContent":"\"About George Clooney, d The Descendants (2011). Clooney's humanitarian work includes his advocacy of \"","messageCreationDate":"\"2012-06-07T07:41:27.262Z\"^^http://www.w3.org/2001/XMLSchema#dateTime"},
{"messageContent":"\"About George Clooney, d The Descendants (2011). Clooney's humanitarian work includes his advocacy of \"","messageId":"\"962072795511\"^^http://www.w3.org/2001/XMLSchema#long","messageCreationDate":"\"2012-06-07T07:41:27.262Z\"^^http://www.w3.org/2001/XMLSchema#dateTime"}START ITERATOR for pattern at http://localhost:3000/pods/00000000000000000933/posts/962072674675 http://localhost:3000/pods/00000000000000000933/posts/962072674675
START ITERATOR for pattern at http://localhost:3100/ldbc_socialnet/1.0/data/forum00000000962072674339 http://localhost:3100/ldbc_socialnet/1.0/data/forum00000000962072674339
START ITERATOR for pattern at http://localhost:3100/ldbc_socialnet/1.0/data/forum00000000824633726247 http://localhost:3100/ldbc_socialnet/1.0/data/forum00000000824633726247
START ITERATOR for pattern at http://localhost:3000/pods/00000000000000000933/posts/962072674674 http://localhost:3000/pods/00000000000000000933/posts/962072674674
START ITERATOR for pattern at http://localhost:3000/pods/00000000000000000933/posts/962072674673 http://localhost:3000/pods/00000000000000000933/posts/962072674673
START ITERATOR for pattern at http://localhost:3000/pods/00000000000000000933/posts/962072674672 http://localhost:3000/pods/00000000000000000933/posts/962072674672
START ITERATOR for pattern at http://localhost:3000/pods/00000000000000000933/posts/962072674671 http://localhost:3000/pods/00000000000000000933/posts/962072674671
START ITERATOR for pattern at http://localhost:3000/pods/00000000000000000933/posts/962072674670 http://localhost:3000/pods/00000000000000000933/posts/962072674670
START ITERATOR for pattern at http://localhost:3000/pods/00000000000000000933/posts/962072674669 http://localhost:3000/pods/00000000000000000933/posts/962072674669
START ITERATOR for pattern at http://localhost:3000/pods/00000000000000000933/posts/962072674668 http://localhost:3000/pods/00000000000000000933/posts/962072674668
START ITERATOR for pattern at http://localhost:3000/pods/00000000000000000933/posts/962072674667 http://localhost:3000/pods/00000000000000000933/posts/962072674667
START ITERATOR for pattern at http://localhost:3000/pods/00000000000000000933/posts/893353197930 http://localhost:3000/pods/00000000000000000933/posts/893353197930
START ITERATOR for pattern at http://localhost:3000/pods/00000000000000000933/posts/893353197929 http://localhost:3000/pods/00000000000000000933/posts/893353197929
START ITERATOR for pattern at http://localhost:3000/pods/00000000000000000933/posts/893353197928 http://localhost:3000/pods/00000000000000000933/posts/893353197928
START ITERATOR for pattern at http://localhost:3000/pods/00000000000000000933/posts/893353197927 http://localhost:3000/pods/00000000000000000933/posts/893353197927
START ITERATOR for pattern at http://localhost:3000/pods/00000000000000000933/posts/893353197926 http://localhost:3000/pods/00000000000000000933/posts/893353197926
START ITERATOR for pattern at http://localhost:3000/pods/00000000000000000933/posts/893353197925 http://localhost:3000/pods/00000000000000000933/posts/893353197925
START ITERATOR for pattern at http://localhost:3000/pods/00000000000000000933/posts/893353197924 http://localhost:3000/pods/00000000000000000933/posts/893353197924
START ITERATOR for pattern at http://localhost:3000/pods/00000000000000000933/posts/824633721187 http://localhost:3000/pods/00000000000000000933/posts/824633721187
START ITERATOR for pattern at http://localhost:3000/pods/00000000000000000933/posts/824633721186 http://localhost:3000/pods/00000000000000000933/posts/824633721186
START ITERATOR for pattern at http://localhost:3000/pods/00000000000000000933/posts/824633721185 http://localhost:3000/pods/00000000000000000933/posts/824633721185
START ITERATOR for pattern at http://localhost:3000/pods/00000000000000000933/posts/824633721184 http://localhost:3000/pods/00000000000000000933/posts/824633721184
START ITERATOR for pattern at http://localhost:3000/pods/00000000000000000933/posts/824633721183 http://localhost:3000/pods/00000000000000000933/posts/824633721183
START ITERATOR for pattern at http://localhost:3000/pods/00000000000000000933/posts/824633721182 http://localhost:3000/pods/00000000000000000933/posts/824633721182
START ITERATOR for pattern at http://localhost:3000/pods/00000000000000000933/posts/343597384029 http://localhost:3000/pods/00000000000000000933/posts/343597384029
START ITERATOR for pattern at http://localhost:3000/pods/00000000000000000933/posts/343597384028 http://localhost:3000/pods/00000000000000000933/posts/343597384028
START ITERATOR for pattern at http://localhost:3000/pods/00000000000000000933/posts/343597384027 http://localhost:3000/pods/00000000000000000933/posts/343597384027
START ITERATOR for pattern at http://localhost:3000/pods/00000000000000000933/posts/343597384026 http://localhost:3000/pods/00000000000000000933/posts/343597384026
START ITERATOR for pattern at http://localhost:3000/pods/00000000000000000933/posts/343597384025 http://localhost:3000/pods/00000000000000000933/posts/343597384025
START ITERATOR for pattern at http://localhost:3000/pods/00000000000000000933/posts/343597384024 http://localhost:3000/pods/00000000000000000933/posts/343597384024
START ITERATOR for pattern at http://localhost:3000/pods/00000000000000000933/posts/343597384023 http://localhost:3000/pods/00000000000000000933/posts/343597384023
START ITERATOR for pattern at http://localhost:3000/pods/00000000000000000933/posts/343597384022 http://localhost:3000/pods/00000000000000000933/posts/343597384022
START ITERATOR for pattern at http://localhost:3000/pods/00000000000000000933/posts/343597384021 http://localhost:3000/pods/00000000000000000933/posts/343597384021
START ITERATOR for pattern at http://localhost:3000/pods/00000000000000000933/posts/343597384020 http://localhost:3000/pods/00000000000000000933/posts/343597384020
START ITERATOR for pattern at http://localhost:3000/pods/00000000000000000933/posts/343597384019 http://localhost:3000/pods/00000000000000000933/posts/343597384019
START ITERATOR for pattern at http://localhost:3000/pods/00000000000000000933/posts/343597384018 http://localhost:3000/pods/00000000000000000933/posts/343597384018
START ITERATOR for pattern at http://localhost:3000/pods/00000000000000000933/posts/1030792151377 http://localhost:3000/pods/00000000000000000933/posts/1030792151377
START ITERATOR for pattern at http://localhost:3000/pods/00000000000000000933/posts/1030792151376 http://localhost:3000/pods/00000000000000000933/posts/1030792151376
START ITERATOR for pattern at http://localhost:3000/pods/00000000000000000933/posts/1030792151375 http://localhost:3000/pods/00000000000000000933/posts/1030792151375
START ITERATOR for pattern at http://localhost:3000/pods/00000000000000000933/posts/824633721166 http://localhost:3000/pods/00000000000000000933/posts/824633721166
START ITERATOR for pattern at http://localhost:3000/pods/00000000000000000933/posts/824633721165 http://localhost:3000/pods/00000000000000000933/posts/824633721165
START ITERATOR for pattern at http://localhost:3000/pods/00000000000000000933/posts/755914244428 http://localhost:3000/pods/00000000000000000933/posts/755914244428
START ITERATOR for pattern at http://localhost:3000/pods/00000000000000000933/posts/755914244427 http://localhost:3000/pods/00000000000000000933/posts/755914244427
START ITERATOR for pattern at http://localhost:3000/pods/00000000000000000933/posts/755914244426 http://localhost:3000/pods/00000000000000000933/posts/755914244426
START ITERATOR for pattern at http://localhost:3000/pods/00000000000000000933/posts/755914244425 http://localhost:3000/pods/00000000000000000933/posts/755914244425
START ITERATOR for pattern at http://localhost:3000/pods/00000000000000000933/posts/755914244424 http://localhost:3000/pods/00000000000000000933/posts/755914244424
START ITERATOR for pattern at http://localhost:3000/pods/00000000000000000933/posts/755914244423 http://localhost:3000/pods/00000000000000000933/posts/755914244423
START ITERATOR for pattern at http://localhost:3000/pods/00000000000000000933/posts/68719477062 http://localhost:3000/pods/00000000000000000933/posts/68719477062
START ITERATOR for pattern at http://localhost:3000/pods/00000000000000000933/posts/68719477061 http://localhost:3000/pods/00000000000000000933/posts/68719477061
START ITERATOR for pattern at http://localhost:3000/pods/00000000000000000933/posts/68719477060 http://localhost:3000/pods/00000000000000000933/posts/68719477060
START ITERATOR for pattern at http://localhost:3000/pods/00000000000000000933/posts/68719477059 http://localhost:3000/pods/00000000000000000933/posts/68719477059
START ITERATOR for pattern at http://localhost:3000/pods/00000000000000000933/posts/68719477058 http://localhost:3000/pods/00000000000000000933/posts/68719477058
START ITERATOR for pattern at http://localhost:3000/pods/00000000000000000933/posts/68719477057 http://localhost:3000/pods/00000000000000000933/posts/68719477057
START ITERATOR for pattern at http://localhost:3000/pods/00000000000000000933/posts/68719477056 http://localhost:3000/pods/00000000000000000933/posts/68719477056
START ITERATOR for pattern at http://localhost:3000/pods/00000000000000000933/posts/68719477055 http://localhost:3000/pods/00000000000000000933/posts/68719477055
START ITERATOR for pattern at http://localhost:3000/pods/00000000000000000933/posts/68719477054 http://localhost:3000/pods/00000000000000000933/posts/68719477054
START ITERATOR for pattern at http://localhost:3000/pods/00000000000000000933/posts/68719477053 http://localhost:3000/pods/00000000000000000933/posts/68719477053
START ITERATOR for pattern at http://localhost:3000/pods/00000000000000000933/posts/68719477052 http://localhost:3000/pods/00000000000000000933/posts/68719477052
START ITERATOR for pattern at http://localhost:3000/pods/00000000000000000933/posts/68719477051 http://localhost:3000/pods/00000000000000000933/posts/68719477051
START ITERATOR for pattern at http://localhost:3000/pods/00000000000000000933/posts/68719477050 http://localhost:3000/pods/00000000000000000933/posts/68719477050
START ITERATOR for pattern at http://localhost:3000/pods/00000000000000000933/posts/68719477049 http://localhost:3000/pods/00000000000000000933/posts/68719477049
START ITERATOR for pattern at http://localhost:3000/pods/00000000000000000933/posts/68719477048 http://localhost:3000/pods/00000000000000000933/posts/68719477048
START ITERATOR for pattern at http://localhost:3000/pods/00000000000000000933/posts/68719477047 http://localhost:3000/pods/00000000000000000933/posts/68719477047
START ITERATOR for pattern at http://localhost:3000/pods/00000000000000000933/posts/68719477046 http://localhost:3000/pods/00000000000000000933/posts/68719477046
,
{"messageId":"\"618475290624\"^^http://www.w3.org/2001/XMLSchema#long","messageContent":"\"About Rupert Murdoch, t newer electronic publishing technoAbout George Frideric Handel,  concertos. Handel was born in 1685,About Kurt Vonne\"","messageCreationDate":"\"2011-08-17T06:05:40.595Z\"^^http://www.w3.org/2001/XMLSchema#dateTime"},
{"messageContent":"\"About Rupert Murdoch, t newer electronic publishing technoAbout George Frideric Handel,  concertos. Handel was born in 1685,About Kurt Vonne\"","messageId":"\"618475290624\"^^http://www.w3.org/2001/XMLSchema#long","messageCreationDate":"\"2011-08-17T06:05:40.595Z\"^^http://www.w3.org/2001/XMLSchema#dateTime"},
{"messageId":"\"618475290624\"^^http://www.w3.org/2001/XMLSchema#long","messageContent":"\"About Rupert Murdoch, t newer electronic publishing technoAbout George Frideric Handel,  concertos. Handel was born in 1685,About Kurt Vonne\"","messageCreationDate":"\"2011-08-17T06:05:40.595Z\"^^http://www.w3.org/2001/XMLSchema#dateTime"},
{"messageContent":"\"About Rupert Murdoch, t newer electronic publishing technoAbout George Frideric Handel,  concertos. Handel was born in 1685,About Kurt Vonne\"","messageId":"\"618475290624\"^^http://www.w3.org/2001/XMLSchema#long","messageCreationDate":"\"2011-08-17T06:05:40.595Z\"^^http://www.w3.org/2001/XMLSchema#dateTime"},
{"messageId":"\"618475290624\"^^http://www.w3.org/2001/XMLSchema#long","messageContent":"\"About Rupert Murdoch, t newer electronic publishing technoAbout George Frideric Handel,  concertos. Handel was born in 1685,About Kurt Vonne\"","messageCreationDate":"\"2011-08-17T06:05:40.595Z\"^^http://www.w3.org/2001/XMLSchema#dateTime"},
{"messageContent":"\"About Rupert Murdoch, t newer electronic publishing technoAbout George Frideric Handel,  concertos. Handel was born in 1685,About Kurt Vonne\"","messageId":"\"618475290624\"^^http://www.w3.org/2001/XMLSchema#long","messageCreationDate":"\"2011-08-17T06:05:40.595Z\"^^http://www.w3.org/2001/XMLSchema#dateTime"},
{"messageId":"\"618475290624\"^^http://www.w3.org/2001/XMLSchema#long","messageContent":"\"About Rupert Murdoch, t newer electronic publishing technoAbout George Frideric Handel,  concertos. Handel was born in 1685,About Kurt Vonne\"","messageCreationDate":"\"2011-08-17T06:05:40.595Z\"^^http://www.w3.org/2001/XMLSchema#dateTime"},
{"messageContent":"\"About Rupert Murdoch, t newer electronic publishing technoAbout George Frideric Handel,  concertos. Handel was born in 1685,About Kurt Vonne\"","messageId":"\"618475290624\"^^http://www.w3.org/2001/XMLSchema#long","messageCreationDate":"\"2011-08-17T06:05:40.595Z\"^^http://www.w3.org/2001/XMLSchema#dateTime"},
{"messageId":"\"618475290624\"^^http://www.w3.org/2001/XMLSchema#long","messageContent":"\"About Rupert Murdoch, t newer electronic publishing technoAbout George Frideric Handel,  concertos. Handel was born in 1685,About Kurt Vonne\"","messageCreationDate":"\"2011-08-17T06:05:40.595Z\"^^http://www.w3.org/2001/XMLSchema#dateTime"},
{"messageContent":"\"About Rupert Murdoch, t newer electronic publishing technoAbout George Frideric Handel,  concertos. Handel was born in 1685,About Kurt Vonne\"","messageId":"\"618475290624\"^^http://www.w3.org/2001/XMLSchema#long","messageCreationDate":"\"2011-08-17T06:05:40.595Z\"^^http://www.w3.org/2001/XMLSchema#dateTime"},
{"messageId":"\"618475290624\"^^http://www.w3.org/2001/XMLSchema#long","messageContent":"\"About Rupert Murdoch, t newer electronic publishing technoAbout George Frideric Handel,  concertos. Handel was born in 1685,About Kurt Vonne\"","messageCreationDate":"\"2011-08-17T06:05:40.595Z\"^^http://www.w3.org/2001/XMLSchema#dateTime"},
{"messageContent":"\"About Rupert Murdoch, t newer electronic publishing technoAbout George Frideric Handel,  concertos. Handel was born in 1685,About Kurt Vonne\"","messageId":"\"618475290624\"^^http://www.w3.org/2001/XMLSchema#long","messageCreationDate":"\"2011-08-17T06:05:40.595Z\"^^http://www.w3.org/2001/XMLSchema#dateTime"},
{"messageId":"\"618475290624\"^^http://www.w3.org/2001/XMLSchema#long","messageContent":"\"About Rupert Murdoch, t newer electronic publishing technoAbout George Frideric Handel,  concertos. Handel was born in 1685,About Kurt Vonne\"","messageCreationDate":"\"2011-08-17T06:05:40.595Z\"^^http://www.w3.org/2001/XMLSchema#dateTime"},
{"messageContent":"\"About Rupert Murdoch, t newer electronic publishing technoAbout George Frideric Handel,  concertos. Handel was born in 1685,About Kurt Vonne\"","messageId":"\"618475290624\"^^http://www.w3.org/2001/XMLSchema#long","messageCreationDate":"\"2011-08-17T06:05:40.595Z\"^^http://www.w3.org/2001/XMLSchema#dateTime"},
{"messageId":"\"618475290624\"^^http://www.w3.org/2001/XMLSchema#long","messageContent":"\"About Rupert Murdoch, t newer electronic publishing technoAbout George Frideric Handel,  concertos. Handel was born in 1685,About Kurt Vonne\"","messageCreationDate":"\"2011-08-17T06:05:40.595Z\"^^http://www.w3.org/2001/XMLSchema#dateTime"},
{"messageContent":"\"About Rupert Murdoch, t newer electronic publishing technoAbout George Frideric Handel,  concertos. Handel was born in 1685,About Kurt Vonne\"","messageId":"\"618475290624\"^^http://www.w3.org/2001/XMLSchema#long","messageCreationDate":"\"2011-08-17T06:05:40.595Z\"^^http://www.w3.org/2001/XMLSchema#dateTime"},
{"messageId":"\"3\"^^http://www.w3.org/2001/XMLSchema#long","messageContent":"\"About Rupert Murdoch, alised US citizen iAbout Napoleon, tinuation of the waAbout Ferdinand II of Aragon, (1\"","messageCreationDate":"\"2010-02-14T20:30:21.451Z\"^^http://www.w3.org/2001/XMLSchema#dateTime"},
{"messageContent":"\"About Rupert Murdoch, alised US citizen iAbout Napoleon, tinuation of the waAbout Ferdinand II of Aragon, (1\"","messageId":"\"3\"^^http://www.w3.org/2001/XMLSchema#long","messageCreationDate":"\"2010-02-14T20:30:21.451Z\"^^http://www.w3.org/2001/XMLSchema#dateTime"},
{"messageId":"\"3\"^^http://www.w3.org/2001/XMLSchema#long","messageContent":"\"About Rupert Murdoch, alised US citizen iAbout Napoleon, tinuation of the waAbout Ferdinand II of Aragon, (1\"","messageCreationDate":"\"2010-02-14T20:30:21.451Z\"^^http://www.w3.org/2001/XMLSchema#dateTime"},
{"messageContent":"\"About Rupert Murdoch, alised US citizen iAbout Napoleon, tinuation of the waAbout Ferdinand II of Aragon, (1\"","messageId":"\"3\"^^http://www.w3.org/2001/XMLSchema#long","messageCreationDate":"\"2010-02-14T20:30:21.451Z\"^^http://www.w3.org/2001/XMLSchema#dateTime"},
{"messageId":"\"3\"^^http://www.w3.org/2001/XMLSchema#long","messageContent":"\"About Rupert Murdoch, alised US citizen iAbout Napoleon, tinuation of the waAbout Ferdinand II of Aragon, (1\"","messageCreationDate":"\"2010-02-14T20:30:21.451Z\"^^http://www.w3.org/2001/XMLSchema#dateTime"},
{"messageContent":"\"About Rupert Murdoch, alised US citizen iAbout Napoleon, tinuation of the waAbout Ferdinand II of Aragon, (1\"","messageId":"\"3\"^^http://www.w3.org/2001/XMLSchema#long","messageCreationDate":"\"2010-02-14T20:30:21.451Z\"^^http://www.w3.org/2001/XMLSchema#dateTime"},
{"messageId":"\"3\"^^http://www.w3.org/2001/XMLSchema#long","messageContent":"\"About Rupert Murdoch, alised US citizen iAbout Napoleon, tinuation of the waAbout Ferdinand II of Aragon, (1\"","messageCreationDate":"\"2010-02-14T20:30:21.451Z\"^^http://www.w3.org/2001/XMLSchema#dateTime"},
{"messageContent":"\"About Rupert Murdoch, alised US citizen iAbout Napoleon, tinuation of the waAbout Ferdinand II of Aragon, (1\"","messageId":"\"3\"^^http://www.w3.org/2001/XMLSchema#long","messageCreationDate":"\"2010-02-14T20:30:21.451Z\"^^http://www.w3.org/2001/XMLSchema#dateTime"},
{"messageId":"\"3\"^^http://www.w3.org/2001/XMLSchema#long","messageContent":"\"About Rupert Murdoch, alised US citizen iAbout Napoleon, tinuation of the waAbout Ferdinand II of Aragon, (1\"","messageCreationDate":"\"2010-02-14T20:30:21.451Z\"^^http://www.w3.org/2001/XMLSchema#dateTime"},
{"messageContent":"\"About Rupert Murdoch, alised US citizen iAbout Napoleon, tinuation of the waAbout Ferdinand II of Aragon, (1\"","messageId":"\"3\"^^http://www.w3.org/2001/XMLSchema#long","messageCreationDate":"\"2010-02-14T20:30:21.451Z\"^^http://www.w3.org/2001/XMLSchema#dateTime"},
{"messageId":"\"3\"^^http://www.w3.org/2001/XMLSchema#long","messageContent":"\"About Rupert Murdoch, alised US citizen iAbout Napoleon, tinuation of the waAbout Ferdinand II of Aragon, (1\"","messageCreationDate":"\"2010-02-14T20:30:21.451Z\"^^http://www.w3.org/2001/XMLSchema#dateTime"},
{"messageContent":"\"About Rupert Murdoch, alised US citizen iAbout Napoleon, tinuation of the waAbout Ferdinand II of Aragon, (1\"","messageId":"\"3\"^^http://www.w3.org/2001/XMLSchema#long","messageCreationDate":"\"2010-02-14T20:30:21.451Z\"^^http://www.w3.org/2001/XMLSchema#dateTime"},
{"messageId":"\"3\"^^http://www.w3.org/2001/XMLSchema#long","messageContent":"\"About Rupert Murdoch, alised US citizen iAbout Napoleon, tinuation of the waAbout Ferdinand II of Aragon, (1\"","messageCreationDate":"\"2010-02-14T20:30:21.451Z\"^^http://www.w3.org/2001/XMLSchema#dateTime"},
{"messageContent":"\"About Rupert Murdoch, alised US citizen iAbout Napoleon, tinuation of the waAbout Ferdinand II of Aragon, (1\"","messageId":"\"3\"^^http://www.w3.org/2001/XMLSchema#long","messageCreationDate":"\"2010-02-14T20:30:21.451Z\"^^http://www.w3.org/2001/XMLSchema#dateTime"},
{"messageId":"\"3\"^^http://www.w3.org/2001/XMLSchema#long","messageContent":"\"About Rupert Murdoch, alised US citizen iAbout Napoleon, tinuation of the waAbout Ferdinand II of Aragon, (1\"","messageCreationDate":"\"2010-02-14T20:30:21.451Z\"^^http://www.w3.org/2001/XMLSchema#dateTime"},
{"messageContent":"\"About Rupert Murdoch, alised US citizen iAbout Napoleon, tinuation of the waAbout Ferdinand II of Aragon, (1\"","messageId":"\"3\"^^http://www.w3.org/2001/XMLSchema#long","messageCreationDate":"\"2010-02-14T20:30:21.451Z\"^^http://www.w3.org/2001/XMLSchema#dateTime"},
{"messageId":"\"1030792151044\"^^http://www.w3.org/2001/XMLSchema#long","messageContent":"\"About Rupert Murdoch, 50s and '60s, he acquAbout George Frideric Handel, man-British Baroque cAbout Jane Austen, estimate o\"","messageCreationDate":"\"2012-07-20T03:48:53.147Z\"^^http://www.w3.org/2001/XMLSchema#dateTime"},
{"messageContent":"\"About Rupert Murdoch, 50s and '60s, he acquAbout George Frideric Handel, man-British Baroque cAbout Jane Austen, estimate o\"","messageId":"\"1030792151044\"^^http://www.w3.org/2001/XMLSchema#long","messageCreationDate":"\"2012-07-20T03:48:53.147Z\"^^http://www.w3.org/2001/XMLSchema#dateTime"},
{"messageId":"\"1030792151044\"^^http://www.w3.org/2001/XMLSchema#long","messageContent":"\"About Rupert Murdoch, 50s and '60s, he acquAbout George Frideric Handel, man-British Baroque cAbout Jane Austen, estimate o\"","messageCreationDate":"\"2012-07-20T03:48:53.147Z\"^^http://www.w3.org/2001/XMLSchema#dateTime"},
{"messageContent":"\"About Rupert Murdoch, 50s and '60s, he acquAbout George Frideric Handel, man-British Baroque cAbout Jane Austen, estimate o\"","messageId":"\"1030792151044\"^^http://www.w3.org/2001/XMLSchema#long","messageCreationDate":"\"2012-07-20T03:48:53.147Z\"^^http://www.w3.org/2001/XMLSchema#dateTime"},
{"messageId":"\"1030792151044\"^^http://www.w3.org/2001/XMLSchema#long","messageContent":"\"About Rupert Murdoch, 50s and '60s, he acquAbout George Frideric Handel, man-British Baroque cAbout Jane Austen, estimate o\"","messageCreationDate":"\"2012-07-20T03:48:53.147Z\"^^http://www.w3.org/2001/XMLSchema#dateTime"},
{"messageContent":"\"About Rupert Murdoch, 50s and '60s, he acquAbout George Frideric Handel, man-British Baroque cAbout Jane Austen, estimate o\"","messageId":"\"1030792151044\"^^http://www.w3.org/2001/XMLSchema#long","messageCreationDate":"\"2012-07-20T03:48:53.147Z\"^^http://www.w3.org/2001/XMLSchema#dateTime"},
{"messageId":"\"1030792151044\"^^http://www.w3.org/2001/XMLSchema#long","messageContent":"\"About Rupert Murdoch, 50s and '60s, he acquAbout George Frideric Handel, man-British Baroque cAbout Jane Austen, estimate o\"","messageCreationDate":"\"2012-07-20T03:48:53.147Z\"^^http://www.w3.org/2001/XMLSchema#dateTime"},
{"messageContent":"\"About Rupert Murdoch, 50s and '60s, he acquAbout George Frideric Handel, man-British Baroque cAbout Jane Austen, estimate o\"","messageId":"\"1030792151044\"^^http://www.w3.org/2001/XMLSchema#long","messageCreationDate":"\"2012-07-20T03:48:53.147Z\"^^http://www.w3.org/2001/XMLSchema#dateTime"},
{"messageId":"\"1030792151044\"^^http://www.w3.org/2001/XMLSchema#long","messageContent":"\"About Rupert Murdoch, 50s and '60s, he acquAbout George Frideric Handel, man-British Baroque cAbout Jane Austen, estimate o\"","messageCreationDate":"\"2012-07-20T03:48:53.147Z\"^^http://www.w3.org/2001/XMLSchema#dateTime"},
{"messageContent":"\"About Rupert Murdoch, 50s and '60s, he acquAbout George Frideric Handel, man-British Baroque cAbout Jane Austen, estimate o\"","messageId":"\"1030792151044\"^^http://www.w3.org/2001/XMLSchema#long","messageCreationDate":"\"2012-07-20T03:48:53.147Z\"^^http://www.w3.org/2001/XMLSchema#dateTime"},
{"messageId":"\"1030792151044\"^^http://www.w3.org/2001/XMLSchema#long","messageContent":"\"About Rupert Murdoch, 50s and '60s, he acquAbout George Frideric Handel, man-British Baroque cAbout Jane Austen, estimate o\"","messageCreationDate":"\"2012-07-20T03:48:53.147Z\"^^http://www.w3.org/2001/XMLSchema#dateTime"},
{"messageContent":"\"About Rupert Murdoch, 50s and '60s, he acquAbout George Frideric Handel, man-British Baroque cAbout Jane Austen, estimate o\"","messageId":"\"1030792151044\"^^http://www.w3.org/2001/XMLSchema#long","messageCreationDate":"\"2012-07-20T03:48:53.147Z\"^^http://www.w3.org/2001/XMLSchema#dateTime"},
{"messageId":"\"1030792151044\"^^http://www.w3.org/2001/XMLSchema#long","messageContent":"\"About Rupert Murdoch, 50s and '60s, he acquAbout George Frideric Handel, man-British Baroque cAbout Jane Austen, estimate o\"","messageCreationDate":"\"2012-07-20T03:48:53.147Z\"^^http://www.w3.org/2001/XMLSchema#dateTime"},
{"messageContent":"\"About Rupert Murdoch, 50s and '60s, he acquAbout George Frideric Handel, man-British Baroque cAbout Jane Austen, estimate o\"","messageId":"\"1030792151044\"^^http://www.w3.org/2001/XMLSchema#long","messageCreationDate":"\"2012-07-20T03:48:53.147Z\"^^http://www.w3.org/2001/XMLSchema#dateTime"},
{"messageId":"\"1030792151044\"^^http://www.w3.org/2001/XMLSchema#long","messageContent":"\"About Rupert Murdoch, 50s and '60s, he acquAbout George Frideric Handel, man-British Baroque cAbout Jane Austen, estimate o\"","messageCreationDate":"\"2012-07-20T03:48:53.147Z\"^^http://www.w3.org/2001/XMLSchema#dateTime"},
{"messageContent":"\"About Rupert Murdoch, 50s and '60s, he acquAbout George Frideric Handel, man-British Baroque cAbout Jane Austen, estimate o\"","messageId":"\"1030792151044\"^^http://www.w3.org/2001/XMLSchema#long","messageCreationDate":"\"2012-07-20T03:48:53.147Z\"^^http://www.w3.org/2001/XMLSchema#dateTime"},
{"messageId":"\"412316860440\"^^http://www.w3.org/2001/XMLSchema#long","messageContent":"\"About Freddie Mercury, s the lead vocalist and lyricist of the rock band Queen. As a perfoAbout To Be with You,  songwriter working for the label at the time (though exactly what About Round Here,  th\"","messageCreationDate":"\"2011-01-05T05:21:15.452Z\"^^http://www.w3.org/2001/XMLSchema#dateTime"},
{"messageContent":"\"About Freddie Mercury, s the lead vocalist and lyricist of the rock band Queen. As a perfoAbout To Be with You,  songwriter working for the label at the time (though exactly what About Round Here,  th\"","messageId":"\"412316860440\"^^http://www.w3.org/2001/XMLSchema#long","messageCreationDate":"\"2011-01-05T05:21:15.452Z\"^^http://www.w3.org/2001/XMLSchema#dateTime"},
{"messageId":"\"412316860440\"^^http://www.w3.org/2001/XMLSchema#long","messageContent":"\"About Freddie Mercury, s the lead vocalist and lyricist of the rock band Queen. As a perfoAbout To Be with You,  songwriter working for the label at the time (though exactly what About Round Here,  th\"","messageCreationDate":"\"2011-01-05T05:21:15.452Z\"^^http://www.w3.org/2001/XMLSchema#dateTime"},
{"messageContent":"\"About Freddie Mercury, s the lead vocalist and lyricist of the rock band Queen. As a perfoAbout To Be with You,  songwriter working for the label at the time (though exactly what About Round Here,  th\"","messageId":"\"412316860440\"^^http://www.w3.org/2001/XMLSchema#long","messageCreationDate":"\"2011-01-05T05:21:15.452Z\"^^http://www.w3.org/2001/XMLSchema#dateTime"},
{"messageId":"\"412316860440\"^^http://www.w3.org/2001/XMLSchema#long","messageContent":"\"About Freddie Mercury, s the lead vocalist and lyricist of the rock band Queen. As a perfoAbout To Be with You,  songwriter working for the label at the time (though exactly what About Round Here,  th\"","messageCreationDate":"\"2011-01-05T05:21:15.452Z\"^^http://www.w3.org/2001/XMLSchema#dateTime"},
{"messageContent":"\"About Freddie Mercury, s the lead vocalist and lyricist of the rock band Queen. As a perfoAbout To Be with You,  songwriter working for the label at the time (though exactly what About Round Here,  th\"","messageId":"\"412316860440\"^^http://www.w3.org/2001/XMLSchema#long","messageCreationDate":"\"2011-01-05T05:21:15.452Z\"^^http://www.w3.org/2001/XMLSchema#dateTime"},
{"messageId":"\"412316860440\"^^http://www.w3.org/2001/XMLSchema#long","messageContent":"\"About Freddie Mercury, s the lead vocalist and lyricist of the rock band Queen. As a perfoAbout To Be with You,  songwriter working for the label at the time (though exactly what About Round Here,  th\"","messageCreationDate":"\"2011-01-05T05:21:15.452Z\"^^http://www.w3.org/2001/XMLSchema#dateTime"},
{"messageContent":"\"About Freddie Mercury, s the lead vocalist and lyricist of the rock band Queen. As a perfoAbout To Be with You,  songwriter working for the label at the time (though exactly what About Round Here,  th\"","messageId":"\"412316860440\"^^http://www.w3.org/2001/XMLSchema#long","messageCreationDate":"\"2011-01-05T05:21:15.452Z\"^^http://www.w3.org/2001/XMLSchema#dateTime"},
{"messageId":"\"412316860440\"^^http://www.w3.org/2001/XMLSchema#long","messageContent":"\"About Freddie Mercury, s the lead vocalist and lyricist of the rock band Queen. As a perfoAbout To Be with You,  songwriter working for the label at the time (though exactly what About Round Here,  th\"","messageCreationDate":"\"2011-01-05T05:21:15.452Z\"^^http://www.w3.org/2001/XMLSchema#dateTime"},
{"messageContent":"\"About Freddie Mercury, s the lead vocalist and lyricist of the rock band Queen. As a perfoAbout To Be with You,  songwriter working for the label at the time (though exactly what About Round Here,  th\"","messageId":"\"412316860440\"^^http://www.w3.org/2001/XMLSchema#long","messageCreationDate":"\"2011-01-05T05:21:15.452Z\"^^http://www.w3.org/2001/XMLSchema#dateTime"},
{"messageId":"\"412316860440\"^^http://www.w3.org/2001/XMLSchema#long","messageContent":"\"About Freddie Mercury, s the lead vocalist and lyricist of the rock band Queen. As a perfoAbout To Be with You,  songwriter working for the label at the time (though exactly what About Round Here,  th\"","messageCreationDate":"\"2011-01-05T05:21:15.452Z\"^^http://www.w3.org/2001/XMLSchema#dateTime"},
{"messageContent":"\"About Freddie Mercury, s the lead vocalist and lyricist of the rock band Queen. As a perfoAbout To Be with You,  songwriter working for the label at the time (though exactly what About Round Here,  th\"","messageId":"\"412316860440\"^^http://www.w3.org/2001/XMLSchema#long","messageCreationDate":"\"2011-01-05T05:21:15.452Z\"^^http://www.w3.org/2001/XMLSchema#dateTime"},
{"messageId":"\"412316860440\"^^http://www.w3.org/2001/XMLSchema#long","messageContent":"\"About Freddie Mercury, s the lead vocalist and lyricist of the rock band Queen. As a perfoAbout To Be with You,  songwriter working for the label at the time (though exactly what About Round Here,  th\"","messageCreationDate":"\"2011-01-05T05:21:15.452Z\"^^http://www.w3.org/2001/XMLSchema#dateTime"},
{"messageContent":"\"About Freddie Mercury, s the lead vocalist and lyricist of the rock band Queen. As a perfoAbout To Be with You,  songwriter working for the label at the time (though exactly what About Round Here,  th\"","messageId":"\"412316860440\"^^http://www.w3.org/2001/XMLSchema#long","messageCreationDate":"\"2011-01-05T05:21:15.452Z\"^^http://www.w3.org/2001/XMLSchema#dateTime"},
{"messageId":"\"412316860440\"^^http://www.w3.org/2001/XMLSchema#long","messageContent":"\"About Freddie Mercury, s the lead vocalist and lyricist of the rock band Queen. As a perfoAbout To Be with You,  songwriter working for the label at the time (though exactly what About Round Here,  th\"","messageCreationDate":"\"2011-01-05T05:21:15.452Z\"^^http://www.w3.org/2001/XMLSchema#dateTime"},
{"messageContent":"\"About Freddie Mercury, s the lead vocalist and lyricist of the rock band Queen. As a perfoAbout To Be with You,  songwriter working for the label at the time (though exactly what About Round Here,  th\"","messageId":"\"412316860440\"^^http://www.w3.org/2001/XMLSchema#long","messageCreationDate":"\"2011-01-05T05:21:15.452Z\"^^http://www.w3.org/2001/XMLSchema#dateTime"},
{"messageId":"\"962072795511\"^^http://www.w3.org/2001/XMLSchema#long","messageContent":"\"About George Clooney, d The Descendants (2011). Clooney's humanitarian work includes his advocacy of \"","messageCreationDate":"\"2012-06-07T07:41:27.262Z\"^^http://www.w3.org/2001/XMLSchema#dateTime"},
{"messageContent":"\"About George Clooney, d The Descendants (2011). Clooney's humanitarian work includes his advocacy of \"","messageId":"\"962072795511\"^^http://www.w3.org/2001/XMLSchema#long","messageCreationDate":"\"2012-06-07T07:41:27.262Z\"^^http://www.w3.org/2001/XMLSchema#dateTime"},
{"messageId":"\"962072795511\"^^http://www.w3.org/2001/XMLSchema#long","messageContent":"\"About George Clooney, d The Descendants (2011). Clooney's humanitarian work includes his advocacy of \"","messageCreationDate":"\"2012-06-07T07:41:27.262Z\"^^http://www.w3.org/2001/XMLSchema#dateTime"},
{"messageContent":"\"About George Clooney, d The Descendants (2011). Clooney's humanitarian work includes his advocacy of \"","messageId":"\"962072795511\"^^http://www.w3.org/2001/XMLSchema#long","messageCreationDate":"\"2012-06-07T07:41:27.262Z\"^^http://www.w3.org/2001/XMLSchema#dateTime"},
{"messageId":"\"962072795511\"^^http://www.w3.org/2001/XMLSchema#long","messageContent":"\"About George Clooney, d The Descendants (2011). Clooney's humanitarian work includes his advocacy of \"","messageCreationDate":"\"2012-06-07T07:41:27.262Z\"^^http://www.w3.org/2001/XMLSchema#dateTime"},
{"messageContent":"\"About George Clooney, d The Descendants (2011). Clooney's humanitarian work includes his advocacy of \"","messageId":"\"962072795511\"^^http://www.w3.org/2001/XMLSchema#long","messageCreationDate":"\"2012-06-07T07:41:27.262Z\"^^http://www.w3.org/2001/XMLSchema#dateTime"},
{"messageId":"\"962072795511\"^^http://www.w3.org/2001/XMLSchema#long","messageContent":"\"About George Clooney, d The Descendants (2011). Clooney's humanitarian work includes his advocacy of \"","messageCreationDate":"\"2012-06-07T07:41:27.262Z\"^^http://www.w3.org/2001/XMLSchema#dateTime"},
{"messageContent":"\"About George Clooney, d The Descendants (2011). Clooney's humanitarian work includes his advocacy of \"","messageId":"\"962072795511\"^^http://www.w3.org/2001/XMLSchema#long","messageCreationDate":"\"2012-06-07T07:41:27.262Z\"^^http://www.w3.org/2001/XMLSchema#dateTime"},
{"messageId":"\"962072795511\"^^http://www.w3.org/2001/XMLSchema#long","messageContent":"\"About George Clooney, d The Descendants (2011). Clooney's humanitarian work includes his advocacy of \"","messageCreationDate":"\"2012-06-07T07:41:27.262Z\"^^http://www.w3.org/2001/XMLSchema#dateTime"},
{"messageContent":"\"About George Clooney, d The Descendants (2011). Clooney's humanitarian work includes his advocacy of \"","messageId":"\"962072795511\"^^http://www.w3.org/2001/XMLSchema#long","messageCreationDate":"\"2012-06-07T07:41:27.262Z\"^^http://www.w3.org/2001/XMLSchema#dateTime"},
{"messageId":"\"962072795511\"^^http://www.w3.org/2001/XMLSchema#long","messageContent":"\"About George Clooney, d The Descendants (2011). Clooney's humanitarian work includes his advocacy of \"","messageCreationDate":"\"2012-06-07T07:41:27.262Z\"^^http://www.w3.org/2001/XMLSchema#dateTime"},
{"messageContent":"\"About George Clooney, d The Descendants (2011). Clooney's humanitarian work includes his advocacy of \"","messageId":"\"962072795511\"^^http://www.w3.org/2001/XMLSchema#long","messageCreationDate":"\"2012-06-07T07:41:27.262Z\"^^http://www.w3.org/2001/XMLSchema#dateTime"},
{"messageId":"\"962072795511\"^^http://www.w3.org/2001/XMLSchema#long","messageContent":"\"About George Clooney, d The Descendants (2011). Clooney's humanitarian work includes his advocacy of \"","messageCreationDate":"\"2012-06-07T07:41:27.262Z\"^^http://www.w3.org/2001/XMLSchema#dateTime"},
{"messageContent":"\"About George Clooney, d The Descendants (2011). Clooney's humanitarian work includes his advocacy of \"","messageId":"\"962072795511\"^^http://www.w3.org/2001/XMLSchema#long","messageCreationDate":"\"2012-06-07T07:41:27.262Z\"^^http://www.w3.org/2001/XMLSchema#dateTime"},
{"messageId":"\"962072795511\"^^http://www.w3.org/2001/XMLSchema#long","messageContent":"\"About George Clooney, d The Descendants (2011). Clooney's humanitarian work includes his advocacy of \"","messageCreationDate":"\"2012-06-07T07:41:27.262Z\"^^http://www.w3.org/2001/XMLSchema#dateTime"},
{"messageContent":"\"About George Clooney, d The Descendants (2011). Clooney's humanitarian work includes his advocacy of \"","messageId":"\"962072795511\"^^http://www.w3.org/2001/XMLSchema#long","messageCreationDate":"\"2012-06-07T07:41:27.262Z\"^^http://www.w3.org/2001/XMLSchema#dateTime"},
{"messageId":"\"962072795586\"^^http://www.w3.org/2001/XMLSchema#long","messageContent":"\"About Gilbert du Motier, marquis de Lafayette, ights of Man About Manuel Noriega, 0 \"","messageCreationDate":"\"2012-06-03T10:23:21.946Z\"^^http://www.w3.org/2001/XMLSchema#dateTime"},
{"messageContent":"\"About Gilbert du Motier, marquis de Lafayette, ights of Man About Manuel Noriega, 0 \"","messageId":"\"962072795586\"^^http://www.w3.org/2001/XMLSchema#long","messageCreationDate":"\"2012-06-03T10:23:21.946Z\"^^http://www.w3.org/2001/XMLSchema#dateTime"},
{"messageId":"\"962072795586\"^^http://www.w3.org/2001/XMLSchema#long","messageContent":"\"About Gilbert du Motier, marquis de Lafayette, ights of Man About Manuel Noriega, 0 \"","messageCreationDate":"\"2012-06-03T10:23:21.946Z\"^^http://www.w3.org/2001/XMLSchema#dateTime"},
{"messageContent":"\"About Gilbert du Motier, marquis de Lafayette, ights of Man About Manuel Noriega, 0 \"","messageId":"\"962072795586\"^^http://www.w3.org/2001/XMLSchema#long","messageCreationDate":"\"2012-06-03T10:23:21.946Z\"^^http://www.w3.org/2001/XMLSchema#dateTime"},
{"messageId":"\"962072795586\"^^http://www.w3.org/2001/XMLSchema#long","messageContent":"\"About Gilbert du Motier, marquis de Lafayette, ights of Man About Manuel Noriega, 0 \"","messageCreationDate":"\"2012-06-03T10:23:21.946Z\"^^http://www.w3.org/2001/XMLSchema#dateTime"},
{"messageContent":"\"About Gilbert du Motier, marquis de Lafayette, ights of Man About Manuel Noriega, 0 \"","messageId":"\"962072795586\"^^http://www.w3.org/2001/XMLSchema#long","messageCreationDate":"\"2012-06-03T10:23:21.946Z\"^^http://www.w3.org/2001/XMLSchema#dateTime"},
{"messageId":"\"962072795586\"^^http://www.w3.org/2001/XMLSchema#long","messageContent":"\"About Gilbert du Motier, marquis de Lafayette, ights of Man About Manuel Noriega, 0 \"","messageCreationDate":"\"2012-06-03T10:23:21.946Z\"^^http://www.w3.org/2001/XMLSchema#dateTime"},
{"messageContent":"\"About Gilbert du Motier, marquis de Lafayette, ights of Man About Manuel Noriega, 0 \"","messageId":"\"962072795586\"^^http://www.w3.org/2001/XMLSchema#long","messageCreationDate":"\"2012-06-03T10:23:21.946Z\"^^http://www.w3.org/2001/XMLSchema#dateTime"},
{"messageId":"\"962072795586\"^^http://www.w3.org/2001/XMLSchema#long","messageContent":"\"About Gilbert du Motier, marquis de Lafayette, ights of Man About Manuel Noriega, 0 \"","messageCreationDate":"\"2012-06-03T10:23:21.946Z\"^^http://www.w3.org/2001/XMLSchema#dateTime"},
{"messageContent":"\"About Gilbert du Motier, marquis de Lafayette, ights of Man About Manuel Noriega, 0 \"","messageId":"\"962072795586\"^^http://www.w3.org/2001/XMLSchema#long","messageCreationDate":"\"2012-06-03T10:23:21.946Z\"^^http://www.w3.org/2001/XMLSchema#dateTime"},
{"messageId":"\"962072795586\"^^http://www.w3.org/2001/XMLSchema#long","messageContent":"\"About Gilbert du Motier, marquis de Lafayette, ights of Man About Manuel Noriega, 0 \"","messageCreationDate":"\"2012-06-03T10:23:21.946Z\"^^http://www.w3.org/2001/XMLSchema#dateTime"},
{"messageContent":"\"About Gilbert du Motier, marquis de Lafayette, ights of Man About Manuel Noriega, 0 \"","messageId":"\"962072795586\"^^http://www.w3.org/2001/XMLSchema#long","messageCreationDate":"\"2012-06-03T10:23:21.946Z\"^^http://www.w3.org/2001/XMLSchema#dateTime"},
{"messageId":"\"962072795586\"^^http://www.w3.org/2001/XMLSchema#long","messageContent":"\"About Gilbert du Motier, marquis de Lafayette, ights of Man About Manuel Noriega, 0 \"","messageCreationDate":"\"2012-06-03T10:23:21.946Z\"^^http://www.w3.org/2001/XMLSchema#dateTime"},
{"messageContent":"\"About Gilbert du Motier, marquis de Lafayette, ights of Man About Manuel Noriega, 0 \"","messageId":"\"962072795586\"^^http://www.w3.org/2001/XMLSchema#long","messageCreationDate":"\"2012-06-03T10:23:21.946Z\"^^http://www.w3.org/2001/XMLSchema#dateTime"},
{"messageId":"\"962072795586\"^^http://www.w3.org/2001/XMLSchema#long","messageContent":"\"About Gilbert du Motier, marquis de Lafayette, ights of Man About Manuel Noriega, 0 \"","messageCreationDate":"\"2012-06-03T10:23:21.946Z\"^^http://www.w3.org/2001/XMLSchema#dateTime"},
{"messageContent":"\"About Gilbert du Motier, marquis de Lafayette, ights of Man About Manuel Noriega, 0 \"","messageId":"\"962072795586\"^^http://www.w3.org/2001/XMLSchema#long","messageCreationDate":"\"2012-06-03T10:23:21.946Z\"^^http://www.w3.org/2001/XMLSchema#dateTime"}START ITERATOR for pattern at http://localhost:3000/pods/00000000000000000933/posts/68719477045 http://localhost:3000/pods/00000000000000000933/posts/68719477045
START ITERATOR for pattern at http://localhost:3100/ldbc_socialnet/1.0/data/forum00000000068719476763 http://localhost:3100/ldbc_socialnet/1.0/data/forum00000000068719476763
START ITERATOR for pattern at http://localhost:3100/ldbc_socialnet/1.0/data/forum00000000755914244125 http://localhost:3100/ldbc_socialnet/1.0/data/forum00000000755914244125
START ITERATOR for pattern at http://localhost:3100/ldbc_socialnet/1.0/data/forum00000000824633720862 http://localhost:3100/ldbc_socialnet/1.0/data/forum00000000824633720862
START ITERATOR for pattern at http://localhost:3100/ldbc_socialnet/1.0/data/forum00000001030792151071 http://localhost:3100/ldbc_socialnet/1.0/data/forum00000001030792151071
START ITERATOR for pattern at http://localhost:3100/ldbc_socialnet/1.0/data/forum00000000343597383712 http://localhost:3100/ldbc_socialnet/1.0/data/forum00000000343597383712
START ITERATOR for pattern at http://localhost:3100/ldbc_socialnet/1.0/data/forum00000000824633720865 http://localhost:3100/ldbc_socialnet/1.0/data/forum00000000824633720865
START ITERATOR for pattern at http://localhost:3100/ldbc_socialnet/1.0/data/forum00000000893353197602 http://localhost:3100/ldbc_socialnet/1.0/data/forum00000000893353197602
START ITERATOR for pattern at http://localhost:3000/pods/00000000000000000933/posts/206158430516 http://localhost:3000/pods/00000000000000000933/posts/206158430516
START ITERATOR for pattern at http://localhost:3000/pods/00000000000000000933/posts/206158430515 http://localhost:3000/pods/00000000000000000933/posts/206158430515
START ITERATOR for pattern at http://localhost:3000/pods/00000000000000000933/posts/206158430514 http://localhost:3000/pods/00000000000000000933/posts/206158430514
START ITERATOR for pattern at http://localhost:3000/pods/00000000000000000933/posts/206158430513 http://localhost:3000/pods/00000000000000000933/posts/206158430513
START ITERATOR for pattern at http://localhost:3000/pods/00000000000000000933/posts/206158430512 http://localhost:3000/pods/00000000000000000933/posts/206158430512
START ITERATOR for pattern at http://localhost:3000/pods/00000000000000000933/posts/206158430511 http://localhost:3000/pods/00000000000000000933/posts/206158430511
START ITERATOR for pattern at http://localhost:3000/pods/00000000000000000933/posts/206158430510 http://localhost:3000/pods/00000000000000000933/posts/206158430510
START ITERATOR for pattern at http://localhost:3000/pods/00000000000000000933/posts/206158430509 http://localhost:3000/pods/00000000000000000933/posts/206158430509
START ITERATOR for pattern at http://localhost:3000/pods/00000000000000000933/posts/206158430508 http://localhost:3000/pods/00000000000000000933/posts/206158430508
START ITERATOR for pattern at http://localhost:3000/pods/00000000000000000933/posts/206158430507 http://localhost:3000/pods/00000000000000000933/posts/206158430507
START ITERATOR for pattern at http://localhost:3000/pods/00000000000000000933/posts/206158430506 http://localhost:3000/pods/00000000000000000933/posts/206158430506
START ITERATOR for pattern at http://localhost:3000/pods/00000000000000000933/posts/206158430505 http://localhost:3000/pods/00000000000000000933/posts/206158430505
START ITERATOR for pattern at http://localhost:3000/pods/00000000000000000933/posts/206158430504 http://localhost:3000/pods/00000000000000000933/posts/206158430504
START ITERATOR for pattern at http://localhost:3000/pods/00000000000000000933/posts/206158430503 http://localhost:3000/pods/00000000000000000933/posts/206158430503
START ITERATOR for pattern at http://localhost:3000/pods/00000000000000000933/posts/412316860710 http://localhost:3000/pods/00000000000000000933/posts/412316860710
START ITERATOR for pattern at http://localhost:3000/pods/00000000000000000933/posts/412316860709 http://localhost:3000/pods/00000000000000000933/posts/412316860709
START ITERATOR for pattern at http://localhost:3000/pods/00000000000000000933/posts/412316860708 http://localhost:3000/pods/00000000000000000933/posts/412316860708
START ITERATOR for pattern at http://localhost:3000/pods/00000000000000000933/posts/412316860707 http://localhost:3000/pods/00000000000000000933/posts/412316860707
START ITERATOR for pattern at http://localhost:3000/pods/00000000000000000933/posts/412316860706 http://localhost:3000/pods/00000000000000000933/posts/412316860706
START ITERATOR for pattern at http://localhost:3000/pods/00000000000000000933/posts/824633721121 http://localhost:3000/pods/00000000000000000933/posts/824633721121
START ITERATOR for pattern at http://localhost:3000/pods/00000000000000000933/posts/824633721120 http://localhost:3000/pods/00000000000000000933/posts/824633721120
START ITERATOR for pattern at http://localhost:3000/pods/00000000000000000933/posts/824633721119 http://localhost:3000/pods/00000000000000000933/posts/824633721119
START ITERATOR for pattern at http://localhost:3000/pods/00000000000000000933/posts/824633721118 http://localhost:3000/pods/00000000000000000933/posts/824633721118
START ITERATOR for pattern at http://localhost:3000/pods/00000000000000000933/posts/824633721117 http://localhost:3000/pods/00000000000000000933/posts/824633721117
START ITERATOR for pattern at http://localhost:3000/pods/00000000000000000933/posts/824633721116 http://localhost:3000/pods/00000000000000000933/posts/824633721116
START ITERATOR for pattern at http://localhost:3000/pods/00000000000000000933/posts/824633721115 http://localhost:3000/pods/00000000000000000933/posts/824633721115
START ITERATOR for pattern at http://localhost:3000/pods/00000000000000000933/posts/824633721114 http://localhost:3000/pods/00000000000000000933/posts/824633721114
START ITERATOR for pattern at http://localhost:3000/pods/00000000000000000933/posts/824633721113 http://localhost:3000/pods/00000000000000000933/posts/824633721113
START ITERATOR for pattern at http://localhost:3000/pods/00000000000000000933/posts/206158430488 http://localhost:3000/pods/00000000000000000933/posts/206158430488
START ITERATOR for pattern at http://localhost:3000/pods/00000000000000000933/posts/206158430487 http://localhost:3000/pods/00000000000000000933/posts/206158430487
START ITERATOR for pattern at http://localhost:3000/pods/00000000000000000933/posts/206158430486 http://localhost:3000/pods/00000000000000000933/posts/206158430486
START ITERATOR for pattern at http://localhost:3000/pods/00000000000000000933/posts/206158430485 http://localhost:3000/pods/00000000000000000933/posts/206158430485
START ITERATOR for pattern at http://localhost:3000/pods/00000000000000000933/posts/206158430484 http://localhost:3000/pods/00000000000000000933/posts/206158430484
START ITERATOR for pattern at http://localhost:3000/pods/00000000000000000933/posts/206158430483 http://localhost:3000/pods/00000000000000000933/posts/206158430483
START ITERATOR for pattern at http://localhost:3000/pods/00000000000000000933/posts/206158430482 http://localhost:3000/pods/00000000000000000933/posts/206158430482
START ITERATOR for pattern at http://localhost:3000/pods/00000000000000000933/posts/206158430481 http://localhost:3000/pods/00000000000000000933/posts/206158430481
START ITERATOR for pattern at http://localhost:3000/pods/00000000000000000933/posts/206158430480 http://localhost:3000/pods/00000000000000000933/posts/206158430480
START ITERATOR for pattern at http://localhost:3000/pods/00000000000000000933/posts/206158430479 http://localhost:3000/pods/00000000000000000933/posts/206158430479
START ITERATOR for pattern at http://localhost:3000/pods/00000000000000000933/posts/206158430478 http://localhost:3000/pods/00000000000000000933/posts/206158430478
START ITERATOR for pattern at http://localhost:3000/pods/00000000000000000933/posts/206158430477 http://localhost:3000/pods/00000000000000000933/posts/206158430477
START ITERATOR for pattern at http://localhost:3000/pods/00000000000000000933/posts/206158430476 http://localhost:3000/pods/00000000000000000933/posts/206158430476
START ITERATOR for pattern at http://localhost:3000/pods/00000000000000000933/posts/206158430475 http://localhost:3000/pods/00000000000000000933/posts/206158430475
START ITERATOR for pattern at http://localhost:3000/pods/00000000000000000933/posts/206158430474 http://localhost:3000/pods/00000000000000000933/posts/206158430474
START ITERATOR for pattern at http://localhost:3000/pods/00000000000000000933/posts/206158430473 http://localhost:3000/pods/00000000000000000933/posts/206158430473
START ITERATOR for pattern at http://localhost:3000/pods/00000000000000000933/posts/206158430472 http://localhost:3000/pods/00000000000000000933/posts/206158430472
START ITERATOR for pattern at http://localhost:3000/pods/00000000000000000933/posts/206158430471 http://localhost:3000/pods/00000000000000000933/posts/206158430471
START ITERATOR for pattern at http://localhost:3000/pods/00000000000000000933/posts/206158430470 http://localhost:3000/pods/00000000000000000933/posts/206158430470
START ITERATOR for pattern at http://localhost:3000/pods/00000000000000000933/posts/618475290885 http://localhost:3000/pods/00000000000000000933/posts/618475290885
START ITERATOR for pattern at http://localhost:3000/pods/00000000000000000933/posts/618475290884 http://localhost:3000/pods/00000000000000000933/posts/618475290884
START ITERATOR for pattern at http://localhost:3000/pods/00000000000000000933/posts/206158430467 http://localhost:3000/pods/00000000000000000933/posts/206158430467
START ITERATOR for pattern at http://localhost:3000/pods/00000000000000000933/posts/206158430466 http://localhost:3000/pods/00000000000000000933/posts/206158430466
START ITERATOR for pattern at http://localhost:3000/pods/00000000000000000933/posts/206158430465 http://localhost:3000/pods/00000000000000000933/posts/206158430465
START ITERATOR for pattern at http://localhost:3000/pods/00000000000000000933/posts/206158430464 http://localhost:3000/pods/00000000000000000933/posts/206158430464
START ITERATOR for pattern at http://localhost:3000/pods/00000000000000000933/posts/206158430463 http://localhost:3000/pods/00000000000000000933/posts/206158430463
START ITERATOR for pattern at http://localhost:3000/pods/00000000000000000933/posts/206158430462 http://localhost:3000/pods/00000000000000000933/posts/206158430462
START ITERATOR for pattern at http://localhost:3000/pods/00000000000000000933/posts/206158430461 http://localhost:3000/pods/00000000000000000933/posts/206158430461
START ITERATOR for pattern at http://localhost:3000/pods/00000000000000000933/posts/206158430460 http://localhost:3000/pods/00000000000000000933/posts/206158430460
START ITERATOR for pattern at http://localhost:3000/pods/00000000000000000933/posts/687194767611 http://localhost:3000/pods/00000000000000000933/posts/687194767611
START ITERATOR for pattern at http://localhost:3100/ldbc_socialnet/1.0/data/forum00000000206158430229 http://localhost:3100/ldbc_socialnet/1.0/data/forum00000000206158430229
START ITERATOR for pattern at http://localhost:3100/ldbc_socialnet/1.0/data/forum00000000618475290646 http://localhost:3100/ldbc_socialnet/1.0/data/forum00000000618475290646
START ITERATOR for pattern at http://localhost:3100/ldbc_socialnet/1.0/data/forum00000000206158430231 http://localhost:3100/ldbc_socialnet/1.0/data/forum00000000206158430231
START ITERATOR for pattern at http://localhost:3100/ldbc_socialnet/1.0/data/forum00000000824633720856 http://localhost:3100/ldbc_socialnet/1.0/data/forum00000000824633720856
START ITERATOR for pattern at http://localhost:3100/ldbc_socialnet/1.0/data/forum00000000412316860441 http://localhost:3100/ldbc_socialnet/1.0/data/forum00000000412316860441
START ITERATOR for pattern at http://localhost:3100/ldbc_socialnet/1.0/data/forum00000000206158430234 http://localhost:3100/ldbc_socialnet/1.0/data/forum00000000206158430234
START ITERATOR for pattern at http://localhost:3000/pods/00000000000000000933/posts/687194767610 http://localhost:3000/pods/00000000000000000933/posts/687194767610
START ITERATOR for pattern at http://localhost:3000/pods/00000000000000000933/posts/687194767609 http://localhost:3000/pods/00000000000000000933/posts/687194767609
START ITERATOR for pattern at http://localhost:3000/pods/00000000000000000933/posts/687194767608 http://localhost:3000/pods/00000000000000000933/posts/687194767608
START ITERATOR for pattern at http://localhost:3000/pods/00000000000000000933/posts/687194767607 http://localhost:3000/pods/00000000000000000933/posts/687194767607
START ITERATOR for pattern at http://localhost:3000/pods/00000000000000000933/posts/687194767606 http://localhost:3000/pods/00000000000000000933/posts/687194767606
START ITERATOR for pattern at http://localhost:3000/pods/00000000000000000933/posts/687194767605 http://localhost:3000/pods/00000000000000000933/posts/687194767605
START ITERATOR for pattern at http://localhost:3000/pods/00000000000000000933/posts/687194767604 http://localhost:3000/pods/00000000000000000933/posts/687194767604
START ITERATOR for pattern at http://localhost:3000/pods/00000000000000000933/posts/687194767603 http://localhost:3000/pods/00000000000000000933/posts/687194767603
START ITERATOR for pattern at http://localhost:3000/pods/00000000000000000933/posts/687194767602 http://localhost:3000/pods/00000000000000000933/posts/687194767602
START ITERATOR for pattern at http://localhost:3000/pods/00000000000000000933/posts/687194767601 http://localhost:3000/pods/00000000000000000933/posts/687194767601
START ITERATOR for pattern at http://localhost:3000/pods/00000000000000000933/posts/687194767600 http://localhost:3000/pods/00000000000000000933/posts/687194767600
START ITERATOR for pattern at http://localhost:3000/pods/00000000000000000933/posts/687194767599 http://localhost:3000/pods/00000000000000000933/posts/687194767599
START ITERATOR for pattern at http://localhost:3000/pods/00000000000000000933/posts/687194767598 http://localhost:3000/pods/00000000000000000933/posts/687194767598
START ITERATOR for pattern at http://localhost:3000/pods/00000000000000000933/posts/687194767597 http://localhost:3000/pods/00000000000000000933/posts/687194767597
START ITERATOR for pattern at http://localhost:3000/pods/00000000000000000933/posts/687194767596 http://localhost:3000/pods/00000000000000000933/posts/687194767596
START ITERATOR for pattern at http://localhost:3000/pods/00000000000000000933/posts/687194767595 http://localhost:3000/pods/00000000000000000933/posts/687194767595
START ITERATOR for pattern at http://localhost:3000/pods/00000000000000000933/posts/687194767594 http://localhost:3000/pods/00000000000000000933/posts/687194767594
START ITERATOR for pattern at http://localhost:3000/pods/00000000000000000933/posts/687194767593 http://localhost:3000/pods/00000000000000000933/posts/687194767593
START ITERATOR for pattern at http://localhost:3000/pods/00000000000000000933/posts/687194767592 http://localhost:3000/pods/00000000000000000933/posts/687194767592
START ITERATOR for pattern at http://localhost:3000/pods/00000000000000000933/posts/687194767591 http://localhost:3000/pods/00000000000000000933/posts/687194767591
START ITERATOR for pattern at http://localhost:3000/pods/00000000000000000933/posts/687194767590 http://localhost:3000/pods/00000000000000000933/posts/687194767590
START ITERATOR for pattern at http://localhost:3000/pods/00000000000000000933/posts/687194767589 http://localhost:3000/pods/00000000000000000933/posts/687194767589
START ITERATOR for pattern at http://localhost:3000/pods/00000000000000000933/posts/687194767588 http://localhost:3000/pods/00000000000000000933/posts/687194767588
START ITERATOR for pattern at http://localhost:3000/pods/00000000000000000933/posts/687194767587 http://localhost:3000/pods/00000000000000000933/posts/687194767587
START ITERATOR for pattern at http://localhost:3000/pods/00000000000000000933/posts/687194767586 http://localhost:3000/pods/00000000000000000933/posts/687194767586
START ITERATOR for pattern at http://localhost:3000/pods/00000000000000000933/posts/687194767585 http://localhost:3000/pods/00000000000000000933/posts/687194767585
START ITERATOR for pattern at http://localhost:3000/pods/00000000000000000933/posts/687194767584 http://localhost:3000/pods/00000000000000000933/posts/687194767584
START ITERATOR for pattern at http://localhost:3000/pods/00000000000000000933/posts/687194767583 http://localhost:3000/pods/00000000000000000933/posts/687194767583
START ITERATOR for pattern at http://localhost:3000/pods/00000000000000000933/posts/687194767582 http://localhost:3000/pods/00000000000000000933/posts/687194767582
START ITERATOR for pattern at http://localhost:3000/pods/00000000000000000933/posts/687194767581 http://localhost:3000/pods/00000000000000000933/posts/687194767581
START ITERATOR for pattern at http://localhost:3000/pods/00000000000000000933/posts/687194767580 http://localhost:3000/pods/00000000000000000933/posts/687194767580
START ITERATOR for pattern at http://localhost:3000/pods/00000000000000000933/posts/687194767579 http://localhost:3000/pods/00000000000000000933/posts/687194767579
START ITERATOR for pattern at http://localhost:3000/pods/00000000000000000933/posts/687194767578 http://localhost:3000/pods/00000000000000000933/posts/687194767578
START ITERATOR for pattern at http://localhost:3000/pods/00000000000000000933/posts/412316860633 http://localhost:3000/pods/00000000000000000933/posts/412316860633
START ITERATOR for pattern at http://localhost:3000/pods/00000000000000000933/posts/412316860632 http://localhost:3000/pods/00000000000000000933/posts/412316860632
START ITERATOR for pattern at http://localhost:3000/pods/00000000000000000933/posts/412316860631 http://localhost:3000/pods/00000000000000000933/posts/412316860631
START ITERATOR for pattern at http://localhost:3000/pods/00000000000000000933/posts/412316860630 http://localhost:3000/pods/00000000000000000933/posts/412316860630
START ITERATOR for pattern at http://localhost:3000/pods/00000000000000000933/posts/412316860629 http://localhost:3000/pods/00000000000000000933/posts/412316860629
START ITERATOR for pattern at http://localhost:3000/pods/00000000000000000933/posts/412316860628 http://localhost:3000/pods/00000000000000000933/posts/412316860628
START ITERATOR for pattern at http://localhost:3000/pods/00000000000000000933/posts/412316860627 http://localhost:3000/pods/00000000000000000933/posts/412316860627
START ITERATOR for pattern at http://localhost:3000/pods/00000000000000000933/posts/412316860626 http://localhost:3000/pods/00000000000000000933/posts/412316860626
START ITERATOR for pattern at http://localhost:3000/pods/00000000000000000933/posts/481036337361 http://localhost:3000/pods/00000000000000000933/posts/481036337361
START ITERATOR for pattern at http://localhost:3000/pods/00000000000000000933/posts/481036337360 http://localhost:3000/pods/00000000000000000933/posts/481036337360
START ITERATOR for pattern at http://localhost:3000/pods/00000000000000000933/posts/481036337359 http://localhost:3000/pods/00000000000000000933/posts/481036337359
START ITERATOR for pattern at http://localhost:3000/pods/00000000000000000933/posts/481036337358 http://localhost:3000/pods/00000000000000000933/posts/481036337358
START ITERATOR for pattern at http://localhost:3000/pods/00000000000000000933/posts/481036337357 http://localhost:3000/pods/00000000000000000933/posts/481036337357
START ITERATOR for pattern at http://localhost:3000/pods/00000000000000000933/posts/481036337356 http://localhost:3000/pods/00000000000000000933/posts/481036337356
START ITERATOR for pattern at http://localhost:3000/pods/00000000000000000933/posts/481036337355 http://localhost:3000/pods/00000000000000000933/posts/481036337355
START ITERATOR for pattern at http://localhost:3000/pods/00000000000000000933/posts/481036337354 http://localhost:3000/pods/00000000000000000933/posts/481036337354
START ITERATOR for pattern at http://localhost:3000/pods/00000000000000000933/posts/481036337353 http://localhost:3000/pods/00000000000000000933/posts/481036337353
START ITERATOR for pattern at http://localhost:3000/pods/00000000000000000933/posts/481036337352 http://localhost:3000/pods/00000000000000000933/posts/481036337352
START ITERATOR for pattern at http://localhost:3000/pods/00000000000000000933/posts/481036337351 http://localhost:3000/pods/00000000000000000933/posts/481036337351
START ITERATOR for pattern at http://localhost:3000/pods/00000000000000000933/posts/481036337350 http://localhost:3000/pods/00000000000000000933/posts/481036337350
START ITERATOR for pattern at http://localhost:3000/pods/00000000000000000933/posts/481036337349 http://localhost:3000/pods/00000000000000000933/posts/481036337349
START ITERATOR for pattern at http://localhost:3000/pods/00000000000000000933/posts/481036337348 http://localhost:3000/pods/00000000000000000933/posts/481036337348
START ITERATOR for pattern at http://localhost:3000/pods/00000000000000000933/posts/481036337347 http://localhost:3000/pods/00000000000000000933/posts/481036337347
START ITERATOR for pattern at http://localhost:3000/pods/00000000000000000933/posts/481036337346 http://localhost:3000/pods/00000000000000000933/posts/481036337346
START ITERATOR for pattern at http://localhost:3000/pods/00000000000000000933/posts/206158430401 http://localhost:3000/pods/00000000000000000933/posts/206158430401
START ITERATOR for pattern at http://localhost:3100/ldbc_socialnet/1.0/data/forum00000000687194767378 http://localhost:3100/ldbc_socialnet/1.0/data/forum00000000687194767378
START ITERATOR for pattern at http://localhost:3100/ldbc_socialnet/1.0/data/forum00000000687194767380 http://localhost:3100/ldbc_socialnet/1.0/data/forum00000000687194767380
START ITERATOR for pattern at http://localhost:3000/pods/00000000000000000933/posts/206158430400 http://localhost:3000/pods/00000000000000000933/posts/206158430400
START ITERATOR for pattern at http://localhost:3000/pods/00000000000000000933/posts/206158430399 http://localhost:3000/pods/00000000000000000933/posts/206158430399
START ITERATOR for pattern at http://localhost:3000/pods/00000000000000000933/posts/206158430398 http://localhost:3000/pods/00000000000000000933/posts/206158430398
START ITERATOR for pattern at http://localhost:3000/pods/00000000000000000933/posts/206158430397 http://localhost:3000/pods/00000000000000000933/posts/206158430397
START ITERATOR for pattern at http://localhost:3000/pods/00000000000000000933/posts/206158430396 http://localhost:3000/pods/00000000000000000933/posts/206158430396
START ITERATOR for pattern at http://localhost:3000/pods/00000000000000000933/posts/206158430395 http://localhost:3000/pods/00000000000000000933/posts/206158430395
START ITERATOR for pattern at http://localhost:3000/pods/00000000000000000933/posts/206158430394 http://localhost:3000/pods/00000000000000000933/posts/206158430394
START ITERATOR for pattern at http://localhost:3000/pods/00000000000000000933/posts/206158430393 http://localhost:3000/pods/00000000000000000933/posts/206158430393
START ITERATOR for pattern at http://localhost:3000/pods/00000000000000000933/posts/206158430392 http://localhost:3000/pods/00000000000000000933/posts/206158430392
START ITERATOR for pattern at http://localhost:3000/pods/00000000000000000933/posts/206158430391 http://localhost:3000/pods/00000000000000000933/posts/206158430391
START ITERATOR for pattern at http://localhost:3000/pods/00000000000000000933/posts/206158430390 http://localhost:3000/pods/00000000000000000933/posts/206158430390
START ITERATOR for pattern at http://localhost:3000/pods/00000000000000000933/posts/206158430389 http://localhost:3000/pods/00000000000000000933/posts/206158430389
START ITERATOR for pattern at http://localhost:3000/pods/00000000000000000933/posts/206158430388 http://localhost:3000/pods/00000000000000000933/posts/206158430388
START ITERATOR for pattern at http://localhost:3000/pods/00000000000000000933/posts/206158430387 http://localhost:3000/pods/00000000000000000933/posts/206158430387
START ITERATOR for pattern at http://localhost:3000/pods/00000000000000000933/posts/206158430386 http://localhost:3000/pods/00000000000000000933/posts/206158430386
START ITERATOR for pattern at http://localhost:3000/pods/00000000000000000933/posts/206158430385 http://localhost:3000/pods/00000000000000000933/posts/206158430385
START ITERATOR for pattern at http://localhost:3000/pods/00000000000000000933/posts/206158430384 http://localhost:3000/pods/00000000000000000933/posts/206158430384
START ITERATOR for pattern at http://localhost:3000/pods/00000000000000000933/posts/206158430383 http://localhost:3000/pods/00000000000000000933/posts/206158430383
START ITERATOR for pattern at http://localhost:3000/pods/00000000000000000933/posts/137438953646 http://localhost:3000/pods/00000000000000000933/posts/137438953646
START ITERATOR for pattern at http://localhost:3000/pods/00000000000000000933/posts/137438953645 http://localhost:3000/pods/00000000000000000933/posts/137438953645
START ITERATOR for pattern at http://localhost:3000/pods/00000000000000000933/posts/137438953644 http://localhost:3000/pods/00000000000000000933/posts/137438953644
START ITERATOR for pattern at http://localhost:3000/pods/00000000000000000933/posts/137438953643 http://localhost:3000/pods/00000000000000000933/posts/137438953643
START ITERATOR for pattern at http://localhost:3000/pods/00000000000000000933/posts/137438953642 http://localhost:3000/pods/00000000000000000933/posts/137438953642
START ITERATOR for pattern at http://localhost:3000/pods/00000000000000000933/posts/137438953641 http://localhost:3000/pods/00000000000000000933/posts/137438953641
START ITERATOR for pattern at http://localhost:3000/pods/00000000000000000933/posts/137438953640 http://localhost:3000/pods/00000000000000000933/posts/137438953640
START ITERATOR for pattern at http://localhost:3100/ldbc_socialnet/1.0/data/forum00000000206158430223 http://localhost:3100/ldbc_socialnet/1.0/data/forum00000000206158430223
START ITERATOR for pattern at http://localhost:3100/ldbc_socialnet/1.0/data/forum00000000481036337168 http://localhost:3100/ldbc_socialnet/1.0/data/forum00000000481036337168
START ITERATOR for pattern at http://localhost:3100/ldbc_socialnet/1.0/data/forum00000000412316860433 http://localhost:3100/ldbc_socialnet/1.0/data/forum00000000412316860433
START ITERATOR for pattern at http://localhost:3000/pods/00000000000000000933/posts/137438953639 http://localhost:3000/pods/00000000000000000933/posts/137438953639
START ITERATOR for pattern at http://localhost:3000/pods/00000000000000000933/posts/137438953638 http://localhost:3000/pods/00000000000000000933/posts/137438953638
START ITERATOR for pattern at http://localhost:3000/pods/00000000000000000933/posts/137438953637 http://localhost:3000/pods/00000000000000000933/posts/137438953637
START ITERATOR for pattern at http://localhost:3000/pods/00000000000000000933/posts/137438953636 http://localhost:3000/pods/00000000000000000933/posts/137438953636
START ITERATOR for pattern at http://localhost:3000/pods/00000000000000000933/posts/137438953635 http://localhost:3000/pods/00000000000000000933/posts/137438953635
START ITERATOR for pattern at http://localhost:3000/pods/00000000000000000933/posts/137438953634 http://localhost:3000/pods/00000000000000000933/posts/137438953634
START ITERATOR for pattern at http://localhost:3000/pods/00000000000000000933/posts/137438953633 http://localhost:3000/pods/00000000000000000933/posts/137438953633
START ITERATOR for pattern at http://localhost:3000/pods/00000000000000000933/posts/137438953632 http://localhost:3000/pods/00000000000000000933/posts/137438953632
START ITERATOR for pattern at http://localhost:3000/pods/00000000000000000933/posts/137438953631 http://localhost:3000/pods/00000000000000000933/posts/137438953631
START ITERATOR for pattern at http://localhost:3000/pods/00000000000000000933/posts/137438953630 http://localhost:3000/pods/00000000000000000933/posts/137438953630
START ITERATOR for pattern at http://localhost:3000/pods/00000000000000000933/posts/137438953629 http://localhost:3000/pods/00000000000000000933/posts/137438953629
START ITERATOR for pattern at http://localhost:3000/pods/00000000000000000933/posts/137438953628 http://localhost:3000/pods/00000000000000000933/posts/137438953628
START ITERATOR for pattern at http://localhost:3000/pods/00000000000000000933/posts/137438953627 http://localhost:3000/pods/00000000000000000933/posts/137438953627
START ITERATOR for pattern at http://localhost:3000/pods/00000000000000000933/posts/343597383834 http://localhost:3000/pods/00000000000000000933/posts/343597383834
START ITERATOR for pattern at http://localhost:3000/pods/00000000000000000933/posts/343597383833 http://localhost:3000/pods/00000000000000000933/posts/343597383833
START ITERATOR for pattern at http://localhost:3000/pods/00000000000000000933/posts/343597383832 http://localhost:3000/pods/00000000000000000933/posts/343597383832
START ITERATOR for pattern at http://localhost:3000/pods/00000000000000000933/posts/343597383831 http://localhost:3000/pods/00000000000000000933/posts/343597383831
START ITERATOR for pattern at http://localhost:3000/pods/00000000000000000933/posts/343597383830 http://localhost:3000/pods/00000000000000000933/posts/343597383830
START ITERATOR for pattern at http://localhost:3000/pods/00000000000000000933/posts/343597383829 http://localhost:3000/pods/00000000000000000933/posts/343597383829
START ITERATOR for pattern at http://localhost:3000/pods/00000000000000000933/posts/343597383828 http://localhost:3000/pods/00000000000000000933/posts/343597383828
START ITERATOR for pattern at http://localhost:3000/pods/00000000000000000933/posts/343597383827 http://localhost:3000/pods/00000000000000000933/posts/343597383827
START ITERATOR for pattern at http://localhost:3000/pods/00000000000000000933/posts/343597383826 http://localhost:3000/pods/00000000000000000933/posts/343597383826
START ITERATOR for pattern at http://localhost:3000/pods/00000000000000000933/posts/343597383825 http://localhost:3000/pods/00000000000000000933/posts/343597383825
START ITERATOR for pattern at http://localhost:3000/pods/00000000000000000933/posts/343597383824 http://localhost:3000/pods/00000000000000000933/posts/343597383824
START ITERATOR for pattern at http://localhost:3000/pods/00000000000000000933/posts/343597383823 http://localhost:3000/pods/00000000000000000933/posts/343597383823
START ITERATOR for pattern at http://localhost:3100/ldbc_socialnet/1.0/data/forum00000000343597383692 http://localhost:3100/ldbc_socialnet/1.0/data/forum00000000343597383692
START ITERATOR for pattern at http://localhost:3100/ldbc_socialnet/1.0/data/forum00000000137438953486 http://localhost:3100/ldbc_socialnet/1.0/data/forum00000000137438953486
START ITERATOR for pattern at http://localhost:3000/pods/00000000000000000933/posts/343597383822 http://localhost:3000/pods/00000000000000000933/posts/343597383822
START ITERATOR for pattern at http://localhost:3000/pods/00000000000000000933/posts/343597383821 http://localhost:3000/pods/00000000000000000933/posts/343597383821
START ITERATOR for pattern at http://localhost:3000/pods/00000000000000000933/posts/343597383820 http://localhost:3000/pods/00000000000000000933/posts/343597383820
START ITERATOR for pattern at http://localhost:3000/pods/00000000000000000933/posts/343597383819 http://localhost:3000/pods/00000000000000000933/posts/343597383819
START ITERATOR for pattern at http://localhost:3000/pods/00000000000000000933/posts/206158430346 http://localhost:3000/pods/00000000000000000933/posts/206158430346
START ITERATOR for pattern at http://localhost:3000/pods/00000000000000000933/posts/206158430345 http://localhost:3000/pods/00000000000000000933/posts/206158430345
START ITERATOR for pattern at http://localhost:3000/pods/00000000000000000933/posts/206158430344 http://localhost:3000/pods/00000000000000000933/posts/206158430344
START ITERATOR for pattern at http://localhost:3000/pods/00000000000000000933/posts/206158430343 http://localhost:3000/pods/00000000000000000933/posts/206158430343
START ITERATOR for pattern at http://localhost:3000/pods/00000000000000000933/posts/206158430342 http://localhost:3000/pods/00000000000000000933/posts/206158430342
START ITERATOR for pattern at http://localhost:3000/pods/00000000000000000933/posts/206158430341 http://localhost:3000/pods/00000000000000000933/posts/206158430341
START ITERATOR for pattern at http://localhost:3000/pods/00000000000000000933/posts/481036337284 http://localhost:3000/pods/00000000000000000933/posts/481036337284
START ITERATOR for pattern at http://localhost:3000/pods/00000000000000000933/posts/481036337283 http://localhost:3000/pods/00000000000000000933/posts/481036337283
START ITERATOR for pattern at http://localhost:3000/pods/00000000000000000933/posts/481036337282 http://localhost:3000/pods/00000000000000000933/posts/481036337282
START ITERATOR for pattern at http://localhost:3000/pods/00000000000000000933/posts/481036337281 http://localhost:3000/pods/00000000000000000933/posts/481036337281
START ITERATOR for pattern at http://localhost:3000/pods/00000000000000000933/posts/481036337280 http://localhost:3000/pods/00000000000000000933/posts/481036337280
START ITERATOR for pattern at http://localhost:3000/pods/00000000000000000933/posts/481036337279 http://localhost:3000/pods/00000000000000000933/posts/481036337279
START ITERATOR for pattern at http://localhost:3000/pods/00000000000000000933/posts/481036337278 http://localhost:3000/pods/00000000000000000933/posts/481036337278
START ITERATOR for pattern at http://localhost:3000/pods/00000000000000000933/posts/481036337277 http://localhost:3000/pods/00000000000000000933/posts/481036337277
START ITERATOR for pattern at http://localhost:3000/pods/00000000000000000933/posts/481036337276 http://localhost:3000/pods/00000000000000000933/posts/481036337276
START ITERATOR for pattern at http://localhost:3000/pods/00000000000000000933/posts/481036337275 http://localhost:3000/pods/00000000000000000933/posts/481036337275
START ITERATOR for pattern at http://localhost:3000/pods/00000000000000000933/posts/481036337274 http://localhost:3000/pods/00000000000000000933/posts/481036337274
START ITERATOR for pattern at http://localhost:3000/pods/00000000000000000933/posts/481036337273 http://localhost:3000/pods/00000000000000000933/posts/481036337273
START ITERATOR for pattern at http://localhost:3000/pods/00000000000000000933/posts/481036337272 http://localhost:3000/pods/00000000000000000933/posts/481036337272
START ITERATOR for pattern at http://localhost:3000/pods/00000000000000000933/posts/481036337271 http://localhost:3000/pods/00000000000000000933/posts/481036337271
START ITERATOR for pattern at http://localhost:3000/pods/00000000000000000933/posts/481036337270 http://localhost:3000/pods/00000000000000000933/posts/481036337270
START ITERATOR for pattern at http://localhost:3000/pods/00000000000000000933/posts/481036337269 http://localhost:3000/pods/00000000000000000933/posts/481036337269
START ITERATOR for pattern at http://localhost:3000/pods/00000000000000000933/posts/481036337268 http://localhost:3000/pods/00000000000000000933/posts/481036337268
START ITERATOR for pattern at http://localhost:3000/pods/00000000000000000933/posts/481036337267 http://localhost:3000/pods/00000000000000000933/posts/481036337267
START ITERATOR for pattern at http://localhost:3000/pods/00000000000000000933/posts/481036337266 http://localhost:3000/pods/00000000000000000933/posts/481036337266
START ITERATOR for pattern at http://localhost:3000/pods/00000000000000000933/posts/618475290737 http://localhost:3000/pods/00000000000000000933/posts/618475290737
START ITERATOR for pattern at http://localhost:3000/pods/00000000000000000933/posts/1099511627888 http://localhost:3000/pods/00000000000000000933/posts/1099511627888
START ITERATOR for pattern at http://localhost:3000/pods/00000000000000000933/posts/1099511627887 http://localhost:3000/pods/00000000000000000933/posts/1099511627887
START ITERATOR for pattern at http://localhost:3000/pods/00000000000000000933/posts/1099511627886 http://localhost:3000/pods/00000000000000000933/posts/1099511627886
START ITERATOR for pattern at http://localhost:3000/pods/00000000000000000933/posts/1099511627885 http://localhost:3000/pods/00000000000000000933/posts/1099511627885
START ITERATOR for pattern at http://localhost:3000/pods/00000000000000000933/posts/1099511627884 http://localhost:3000/pods/00000000000000000933/posts/1099511627884
START ITERATOR for pattern at http://localhost:3000/pods/00000000000000000933/posts/1099511627883 http://localhost:3000/pods/00000000000000000933/posts/1099511627883
START ITERATOR for pattern at http://localhost:3000/pods/00000000000000000933/posts/1099511627882 http://localhost:3000/pods/00000000000000000933/posts/1099511627882
START ITERATOR for pattern at http://localhost:3000/pods/00000000000000000933/posts/1099511627881 http://localhost:3000/pods/00000000000000000933/posts/1099511627881
START ITERATOR for pattern at http://localhost:3000/pods/00000000000000000933/posts/1099511627880 http://localhost:3000/pods/00000000000000000933/posts/1099511627880
START ITERATOR for pattern at http://localhost:3000/pods/00000000000000000933/posts/1099511627879 http://localhost:3000/pods/00000000000000000933/posts/1099511627879
START ITERATOR for pattern at http://localhost:3000/pods/00000000000000000933/posts/1099511627878 http://localhost:3000/pods/00000000000000000933/posts/1099511627878
START ITERATOR for pattern at http://localhost:3000/pods/00000000000000000933/posts/1099511627877 http://localhost:3000/pods/00000000000000000933/posts/1099511627877
START ITERATOR for pattern at http://localhost:3000/pods/00000000000000000933/posts/1099511627876 http://localhost:3000/pods/00000000000000000933/posts/1099511627876
START ITERATOR for pattern at http://localhost:3000/pods/00000000000000000933/posts/1099511627875 http://localhost:3000/pods/00000000000000000933/posts/1099511627875
START ITERATOR for pattern at http://localhost:3000/pods/00000000000000000933/posts/1099511627874 http://localhost:3000/pods/00000000000000000933/posts/1099511627874
START ITERATOR for pattern at http://localhost:3000/pods/00000000000000000933/posts/1099511627873 http://localhost:3000/pods/00000000000000000933/posts/1099511627873
START ITERATOR for pattern at http://localhost:3000/pods/00000000000000000933/posts/1099511627872 http://localhost:3000/pods/00000000000000000933/posts/1099511627872
START ITERATOR for pattern at http://localhost:3000/pods/00000000000000000933/posts/1099511627871 http://localhost:3000/pods/00000000000000000933/posts/1099511627871
START ITERATOR for pattern at http://localhost:3000/pods/00000000000000000933/posts/1099511627870 http://localhost:3000/pods/00000000000000000933/posts/1099511627870
START ITERATOR for pattern at http://localhost:3000/pods/00000000000000000933/posts/1099511627869 http://localhost:3000/pods/00000000000000000933/posts/1099511627869
START ITERATOR for pattern at http://localhost:3000/pods/00000000000000000933/posts/1030792151132 http://localhost:3000/pods/00000000000000000933/posts/1030792151132
START ITERATOR for pattern at http://localhost:3000/pods/00000000000000000933/posts/1030792151131 http://localhost:3000/pods/00000000000000000933/posts/1030792151131
START ITERATOR for pattern at http://localhost:3000/pods/00000000000000000933/posts/1030792151130 http://localhost:3000/pods/00000000000000000933/posts/1030792151130
START ITERATOR for pattern at http://localhost:3000/pods/00000000000000000933/posts/1030792151129 http://localhost:3000/pods/00000000000000000933/posts/1030792151129
START ITERATOR for pattern at http://localhost:3000/pods/00000000000000000933/posts/1030792151128 http://localhost:3000/pods/00000000000000000933/posts/1030792151128
START ITERATOR for pattern at http://localhost:3000/pods/00000000000000000933/posts/1030792151127 http://localhost:3000/pods/00000000000000000933/posts/1030792151127
START ITERATOR for pattern at http://localhost:3000/pods/00000000000000000933/posts/1030792151126 http://localhost:3000/pods/00000000000000000933/posts/1030792151126
START ITERATOR for pattern at http://localhost:3000/pods/00000000000000000933/posts/1030792151125 http://localhost:3000/pods/00000000000000000933/posts/1030792151125
START ITERATOR for pattern at http://localhost:3000/pods/00000000000000000933/posts/1030792151124 http://localhost:3000/pods/00000000000000000933/posts/1030792151124
START ITERATOR for pattern at http://localhost:3000/pods/00000000000000000933/posts/1030792151123 http://localhost:3000/pods/00000000000000000933/posts/1030792151123
START ITERATOR for pattern at http://localhost:3000/pods/00000000000000000933/posts/1030792151122 http://localhost:3000/pods/00000000000000000933/posts/1030792151122
START ITERATOR for pattern at http://localhost:3000/pods/00000000000000000933/posts/1030792151121 http://localhost:3000/pods/00000000000000000933/posts/1030792151121
START ITERATOR for pattern at http://localhost:3000/pods/00000000000000000933/posts/1030792151120 http://localhost:3000/pods/00000000000000000933/posts/1030792151120
START ITERATOR for pattern at http://localhost:3100/ldbc_socialnet/1.0/data/forum00000001030792151047 http://localhost:3100/ldbc_socialnet/1.0/data/forum00000001030792151047
START ITERATOR for pattern at http://localhost:3100/ldbc_socialnet/1.0/data/forum00000001099511627784 http://localhost:3100/ldbc_socialnet/1.0/data/forum00000001099511627784
START ITERATOR for pattern at http://localhost:3100/ldbc_socialnet/1.0/data/forum00000000618475290633 http://localhost:3100/ldbc_socialnet/1.0/data/forum00000000618475290633
START ITERATOR for pattern at http://localhost:3100/ldbc_socialnet/1.0/data/forum00000000481036337162 http://localhost:3100/ldbc_socialnet/1.0/data/forum00000000481036337162
START ITERATOR for pattern at http://localhost:3100/ldbc_socialnet/1.0/data/forum00000000206158430219 http://localhost:3100/ldbc_socialnet/1.0/data/forum00000000206158430219
START ITERATOR for pattern at http://localhost:3000/pods/00000000000000000933/posts/1030792151119 http://localhost:3000/pods/00000000000000000933/posts/1030792151119
START ITERATOR for pattern at http://localhost:3000/pods/00000000000000000933/posts/1030792151118 http://localhost:3000/pods/00000000000000000933/posts/1030792151118
START ITERATOR for pattern at http://localhost:3000/pods/00000000000000000933/posts/1030792151117 http://localhost:3000/pods/00000000000000000933/posts/1030792151117
START ITERATOR for pattern at http://localhost:3000/pods/00000000000000000933/posts/618475290700 http://localhost:3000/pods/00000000000000000933/posts/618475290700
START ITERATOR for pattern at http://localhost:3000/pods/00000000000000000933/posts/618475290699 http://localhost:3000/pods/00000000000000000933/posts/618475290699
START ITERATOR for pattern at http://localhost:3000/pods/00000000000000000933/posts/893353197642 http://localhost:3000/pods/00000000000000000933/posts/893353197642
START ITERATOR for pattern at http://localhost:3000/pods/00000000000000000933/posts/1030792151113 http://localhost:3000/pods/00000000000000000933/posts/1030792151113
START ITERATOR for pattern at http://localhost:3000/pods/00000000000000000933/posts/1030792151112 http://localhost:3000/pods/00000000000000000933/posts/1030792151112
START ITERATOR for pattern at http://localhost:3000/pods/00000000000000000933/posts/1030792151111 http://localhost:3000/pods/00000000000000000933/posts/1030792151111
START ITERATOR for pattern at http://localhost:3000/pods/00000000000000000933/posts/1030792151110 http://localhost:3000/pods/00000000000000000933/posts/1030792151110
START ITERATOR for pattern at http://localhost:3000/pods/00000000000000000933/posts/1030792151109 http://localhost:3000/pods/00000000000000000933/posts/1030792151109
START ITERATOR for pattern at http://localhost:3000/pods/00000000000000000933/posts/1030792151108 http://localhost:3000/pods/00000000000000000933/posts/1030792151108
START ITERATOR for pattern at http://localhost:3000/pods/00000000000000000933/posts/1030792151107 http://localhost:3000/pods/00000000000000000933/posts/1030792151107
START ITERATOR for pattern at http://localhost:3000/pods/00000000000000000933/posts/755914244162 http://localhost:3000/pods/00000000000000000933/posts/755914244162
START ITERATOR for pattern at http://localhost:3000/pods/00000000000000000933/posts/755914244161 http://localhost:3000/pods/00000000000000000933/posts/755914244161
START ITERATOR for pattern at http://localhost:3000/pods/00000000000000000933/posts/755914244160 http://localhost:3000/pods/00000000000000000933/posts/755914244160
START ITERATOR for pattern at http://localhost:3000/pods/00000000000000000933/posts/755914244159 http://localhost:3000/pods/00000000000000000933/posts/755914244159
START ITERATOR for pattern at http://localhost:3000/pods/00000000000000000933/posts/755914244158 http://localhost:3000/pods/00000000000000000933/posts/755914244158
START ITERATOR for pattern at http://localhost:3000/pods/00000000000000000933/posts/755914244157 http://localhost:3000/pods/00000000000000000933/posts/755914244157
START ITERATOR for pattern at http://localhost:3000/pods/00000000000000000933/posts/755914244156 http://localhost:3000/pods/00000000000000000933/posts/755914244156
START ITERATOR for pattern at http://localhost:3000/pods/00000000000000000933/posts/755914244155 http://localhost:3000/pods/00000000000000000933/posts/755914244155
START ITERATOR for pattern at http://localhost:3000/pods/00000000000000000933/posts/755914244154 http://localhost:3000/pods/00000000000000000933/posts/755914244154
START ITERATOR for pattern at http://localhost:3000/pods/00000000000000000933/posts/755914244153 http://localhost:3000/pods/00000000000000000933/posts/755914244153
START ITERATOR for pattern at http://localhost:3000/pods/00000000000000000933/posts/755914244152 http://localhost:3000/pods/00000000000000000933/posts/755914244152
START ITERATOR for pattern at http://localhost:3000/pods/00000000000000000933/posts/755914244151 http://localhost:3000/pods/00000000000000000933/posts/755914244151
START ITERATOR for pattern at http://localhost:3000/pods/00000000000000000933/posts/755914244150 http://localhost:3000/pods/00000000000000000933/posts/755914244150
START ITERATOR for pattern at http://localhost:3000/pods/00000000000000000933/posts/755914244149 http://localhost:3000/pods/00000000000000000933/posts/755914244149
START ITERATOR for pattern at http://localhost:3000/pods/00000000000000000933/posts/755914244148 http://localhost:3000/pods/00000000000000000933/posts/755914244148
START ITERATOR for pattern at http://localhost:3000/pods/00000000000000000933/posts/755914244147 http://localhost:3000/pods/00000000000000000933/posts/755914244147
START ITERATOR for pattern at http://localhost:3000/pods/00000000000000000933/posts/481036337202 http://localhost:3000/pods/00000000000000000933/posts/481036337202
START ITERATOR for pattern at http://localhost:3000/pods/00000000000000000933/posts/481036337201 http://localhost:3000/pods/00000000000000000933/posts/481036337201
START ITERATOR for pattern at http://localhost:3000/pods/00000000000000000933/posts/481036337200 http://localhost:3000/pods/00000000000000000933/posts/481036337200
START ITERATOR for pattern at http://localhost:3000/pods/00000000000000000933/posts/481036337199 http://localhost:3000/pods/00000000000000000933/posts/481036337199
START ITERATOR for pattern at http://localhost:3000/pods/00000000000000000933/posts/481036337198 http://localhost:3000/pods/00000000000000000933/posts/481036337198
START ITERATOR for pattern at http://localhost:3000/pods/00000000000000000933/posts/481036337197 http://localhost:3000/pods/00000000000000000933/posts/481036337197
START ITERATOR for pattern at http://localhost:3000/pods/00000000000000000933/posts/481036337196 http://localhost:3000/pods/00000000000000000933/posts/481036337196
START ITERATOR for pattern at http://localhost:3000/pods/00000000000000000933/posts/481036337195 http://localhost:3000/pods/00000000000000000933/posts/481036337195
START ITERATOR for pattern at http://localhost:3000/pods/00000000000000000933/posts/481036337194 http://localhost:3000/pods/00000000000000000933/posts/481036337194
START ITERATOR for pattern at http://localhost:3000/pods/00000000000000000933/posts/481036337193 http://localhost:3000/pods/00000000000000000933/posts/481036337193
START ITERATOR for pattern at http://localhost:3000/pods/00000000000000000933/posts/481036337192 http://localhost:3000/pods/00000000000000000933/posts/481036337192
START ITERATOR for pattern at http://localhost:3000/pods/00000000000000000933/posts/481036337191 http://localhost:3000/pods/00000000000000000933/posts/481036337191
START ITERATOR for pattern at http://localhost:3000/pods/00000000000000000933/posts/481036337190 http://localhost:3000/pods/00000000000000000933/posts/481036337190
START ITERATOR for pattern at http://localhost:3000/pods/00000000000000000933/posts/481036337189 http://localhost:3000/pods/00000000000000000933/posts/481036337189
START ITERATOR for pattern at http://localhost:3000/pods/00000000000000000933/posts/481036337188 http://localhost:3000/pods/00000000000000000933/posts/481036337188
START ITERATOR for pattern at http://localhost:3000/pods/00000000000000000933/posts/481036337187 http://localhost:3000/pods/00000000000000000933/posts/481036337187
START ITERATOR for pattern at http://localhost:3000/pods/00000000000000000933/posts/481036337186 http://localhost:3000/pods/00000000000000000933/posts/481036337186
START ITERATOR for pattern at http://localhost:3000/pods/00000000000000000933/posts/481036337185 http://localhost:3000/pods/00000000000000000933/posts/481036337185
START ITERATOR for pattern at http://localhost:3000/pods/00000000000000000933/posts/481036337184 http://localhost:3000/pods/00000000000000000933/posts/481036337184
START ITERATOR for pattern at http://localhost:3000/pods/00000000000000000933/posts/412316860440 http://localhost:3000/pods/00000000000000000933/posts/412316860440
START ITERATOR for pattern at http://localhost:3000/pods/00000000000000000933/posts/1030792151044 http://localhost:3000/pods/00000000000000000933/posts/1030792151044
START ITERATOR for pattern at http://localhost:3000/pods/00000000000000000933/posts/3 http://localhost:3000/pods/00000000000000000933/posts/3
START ITERATOR for pattern at http://localhost:3000/pods/00000000000000000933/posts/618475290624 http://localhost:3000/pods/00000000000000000933/posts/618475290624
START ITERATOR for pattern at http://localhost:3000/pods/00000000000000000933/noise/NOISE-15112 http://localhost:3000/pods/00000000000000000933/noise/NOISE-15112
START ITERATOR for pattern at http://localhost:3000/pods/00000000000000000933/noise/NOISE-14107 http://localhost:3000/pods/00000000000000000933/noise/NOISE-14107
START ITERATOR for pattern at http://localhost:3000/pods/00000000000000000933/noise/NOISE-12663 http://localhost:3000/pods/00000000000000000933/noise/NOISE-12663
START ITERATOR for pattern at http://localhost:3000/pods/00000000000000000933/noise/NOISE-11785 http://localhost:3000/pods/00000000000000000933/noise/NOISE-11785
START ITERATOR for pattern at http://localhost:3000/pods/00000000000000000933/noise/NOISE-10840 http://localhost:3000/pods/00000000000000000933/noise/NOISE-10840
START ITERATOR for pattern at http://localhost:3000/pods/00000000000000000933/noise/NOISE-10432 http://localhost:3000/pods/00000000000000000933/noise/NOISE-10432
START ITERATOR for pattern at http://localhost:3000/pods/00000000000000000933/noise/NOISE-9360 http://localhost:3000/pods/00000000000000000933/noise/NOISE-9360
START ITERATOR for pattern at http://localhost:3100/ldbc_socialnet/1.0/data/forum00000000755914244099 http://localhost:3100/ldbc_socialnet/1.0/data/forum00000000755914244099
START ITERATOR for pattern at http://localhost:3100/ldbc_socialnet/1.0/data/forum00000001030792151044 http://localhost:3100/ldbc_socialnet/1.0/data/forum00000001030792151044
START ITERATOR for pattern at http://localhost:3100/ldbc_socialnet/1.0/data/forum00000000893353197573 http://localhost:3100/ldbc_socialnet/1.0/data/forum00000000893353197573
START ITERATOR for pattern at http://localhost:3100/ldbc_socialnet/1.0/data/forum00000000618475290630 http://localhost:3100/ldbc_socialnet/1.0/data/forum00000000618475290630
START ITERATOR for pattern at http://localhost:3000/pods/00000000000000000933/noise/NOISE-6262 http://localhost:3000/pods/00000000000000000933/noise/NOISE-6262
START ITERATOR for pattern at http://localhost:3000/pods/00000000000000000933/noise/NOISE-1216 http://localhost:3000/pods/00000000000000000933/noise/NOISE-1216
,
{"messageId":"\"412316860440\"^^http://www.w3.org/2001/XMLSchema#long","messageContent":"\"About Freddie Mercury, s the lead vocalist and lyricist of the rock band Queen. As a perfoAbout To Be with You,  songwriter working for the label at the time (though exactly what About Round Here,  th\"","messageCreationDate":"\"2011-01-05T05:21:15.452Z\"^^http://www.w3.org/2001/XMLSchema#dateTime"},
{"messageContent":"\"About Freddie Mercury, s the lead vocalist and lyricist of the rock band Queen. As a perfoAbout To Be with You,  songwriter working for the label at the time (though exactly what About Round Here,  th\"","messageId":"\"412316860440\"^^http://www.w3.org/2001/XMLSchema#long","messageCreationDate":"\"2011-01-05T05:21:15.452Z\"^^http://www.w3.org/2001/XMLSchema#dateTime"},
{"messageId":"\"412316860440\"^^http://www.w3.org/2001/XMLSchema#long","messageContent":"\"About Freddie Mercury, s the lead vocalist and lyricist of the rock band Queen. As a perfoAbout To Be with You,  songwriter working for the label at the time (though exactly what About Round Here,  th\"","messageCreationDate":"\"2011-01-05T05:21:15.452Z\"^^http://www.w3.org/2001/XMLSchema#dateTime"},
{"messageContent":"\"About Freddie Mercury, s the lead vocalist and lyricist of the rock band Queen. As a perfoAbout To Be with You,  songwriter working for the label at the time (though exactly what About Round Here,  th\"","messageId":"\"412316860440\"^^http://www.w3.org/2001/XMLSchema#long","messageCreationDate":"\"2011-01-05T05:21:15.452Z\"^^http://www.w3.org/2001/XMLSchema#dateTime"},
{"messageId":"\"412316860440\"^^http://www.w3.org/2001/XMLSchema#long","messageContent":"\"About Freddie Mercury, s the lead vocalist and lyricist of the rock band Queen. As a perfoAbout To Be with You,  songwriter working for the label at the time (though exactly what About Round Here,  th\"","messageCreationDate":"\"2011-01-05T05:21:15.452Z\"^^http://www.w3.org/2001/XMLSchema#dateTime"},
{"messageContent":"\"About Freddie Mercury, s the lead vocalist and lyricist of the rock band Queen. As a perfoAbout To Be with You,  songwriter working for the label at the time (though exactly what About Round Here,  th\"","messageId":"\"412316860440\"^^http://www.w3.org/2001/XMLSchema#long","messageCreationDate":"\"2011-01-05T05:21:15.452Z\"^^http://www.w3.org/2001/XMLSchema#dateTime"},
{"messageId":"\"412316860440\"^^http://www.w3.org/2001/XMLSchema#long","messageContent":"\"About Freddie Mercury, s the lead vocalist and lyricist of the rock band Queen. As a perfoAbout To Be with You,  songwriter working for the label at the time (though exactly what About Round Here,  th\"","messageCreationDate":"\"2011-01-05T05:21:15.452Z\"^^http://www.w3.org/2001/XMLSchema#dateTime"},
{"messageContent":"\"About Freddie Mercury, s the lead vocalist and lyricist of the rock band Queen. As a perfoAbout To Be with You,  songwriter working for the label at the time (though exactly what About Round Here,  th\"","messageId":"\"412316860440\"^^http://www.w3.org/2001/XMLSchema#long","messageCreationDate":"\"2011-01-05T05:21:15.452Z\"^^http://www.w3.org/2001/XMLSchema#dateTime"},
{"messageId":"\"412316860440\"^^http://www.w3.org/2001/XMLSchema#long","messageContent":"\"About Freddie Mercury, s the lead vocalist and lyricist of the rock band Queen. As a perfoAbout To Be with You,  songwriter working for the label at the time (though exactly what About Round Here,  th\"","messageCreationDate":"\"2011-01-05T05:21:15.452Z\"^^http://www.w3.org/2001/XMLSchema#dateTime"},
{"messageContent":"\"About Freddie Mercury, s the lead vocalist and lyricist of the rock band Queen. As a perfoAbout To Be with You,  songwriter working for the label at the time (though exactly what About Round Here,  th\"","messageId":"\"412316860440\"^^http://www.w3.org/2001/XMLSchema#long","messageCreationDate":"\"2011-01-05T05:21:15.452Z\"^^http://www.w3.org/2001/XMLSchema#dateTime"},
{"messageId":"\"412316860440\"^^http://www.w3.org/2001/XMLSchema#long","messageContent":"\"About Freddie Mercury, s the lead vocalist and lyricist of the rock band Queen. As a perfoAbout To Be with You,  songwriter working for the label at the time (though exactly what About Round Here,  th\"","messageCreationDate":"\"2011-01-05T05:21:15.452Z\"^^http://www.w3.org/2001/XMLSchema#dateTime"},
{"messageContent":"\"About Freddie Mercury, s the lead vocalist and lyricist of the rock band Queen. As a perfoAbout To Be with You,  songwriter working for the label at the time (though exactly what About Round Here,  th\"","messageId":"\"412316860440\"^^http://www.w3.org/2001/XMLSchema#long","messageCreationDate":"\"2011-01-05T05:21:15.452Z\"^^http://www.w3.org/2001/XMLSchema#dateTime"},
{"messageId":"\"412316860440\"^^http://www.w3.org/2001/XMLSchema#long","messageContent":"\"About Freddie Mercury, s the lead vocalist and lyricist of the rock band Queen. As a perfoAbout To Be with You,  songwriter working for the label at the time (though exactly what About Round Here,  th\"","messageCreationDate":"\"2011-01-05T05:21:15.452Z\"^^http://www.w3.org/2001/XMLSchema#dateTime"},
{"messageContent":"\"About Freddie Mercury, s the lead vocalist and lyricist of the rock band Queen. As a perfoAbout To Be with You,  songwriter working for the label at the time (though exactly what About Round Here,  th\"","messageId":"\"412316860440\"^^http://www.w3.org/2001/XMLSchema#long","messageCreationDate":"\"2011-01-05T05:21:15.452Z\"^^http://www.w3.org/2001/XMLSchema#dateTime"},
{"messageId":"\"412316860440\"^^http://www.w3.org/2001/XMLSchema#long","messageContent":"\"About Freddie Mercury, s the lead vocalist and lyricist of the rock band Queen. As a perfoAbout To Be with You,  songwriter working for the label at the time (though exactly what About Round Here,  th\"","messageCreationDate":"\"2011-01-05T05:21:15.452Z\"^^http://www.w3.org/2001/XMLSchema#dateTime"},
{"messageContent":"\"About Freddie Mercury, s the lead vocalist and lyricist of the rock band Queen. As a perfoAbout To Be with You,  songwriter working for the label at the time (though exactly what About Round Here,  th\"","messageId":"\"412316860440\"^^http://www.w3.org/2001/XMLSchema#long","messageCreationDate":"\"2011-01-05T05:21:15.452Z\"^^http://www.w3.org/2001/XMLSchema#dateTime"},
{"messageId":"\"1030792151044\"^^http://www.w3.org/2001/XMLSchema#long","messageContent":"\"About Rupert Murdoch, 50s and '60s, he acquAbout George Frideric Handel, man-British Baroque cAbout Jane Austen, estimate o\"","messageCreationDate":"\"2012-07-20T03:48:53.147Z\"^^http://www.w3.org/2001/XMLSchema#dateTime"},
{"messageContent":"\"About Rupert Murdoch, 50s and '60s, he acquAbout George Frideric Handel, man-British Baroque cAbout Jane Austen, estimate o\"","messageId":"\"1030792151044\"^^http://www.w3.org/2001/XMLSchema#long","messageCreationDate":"\"2012-07-20T03:48:53.147Z\"^^http://www.w3.org/2001/XMLSchema#dateTime"},
{"messageId":"\"1030792151044\"^^http://www.w3.org/2001/XMLSchema#long","messageContent":"\"About Rupert Murdoch, 50s and '60s, he acquAbout George Frideric Handel, man-British Baroque cAbout Jane Austen, estimate o\"","messageCreationDate":"\"2012-07-20T03:48:53.147Z\"^^http://www.w3.org/2001/XMLSchema#dateTime"},
{"messageContent":"\"About Rupert Murdoch, 50s and '60s, he acquAbout George Frideric Handel, man-British Baroque cAbout Jane Austen, estimate o\"","messageId":"\"1030792151044\"^^http://www.w3.org/2001/XMLSchema#long","messageCreationDate":"\"2012-07-20T03:48:53.147Z\"^^http://www.w3.org/2001/XMLSchema#dateTime"},
{"messageId":"\"1030792151044\"^^http://www.w3.org/2001/XMLSchema#long","messageContent":"\"About Rupert Murdoch, 50s and '60s, he acquAbout George Frideric Handel, man-British Baroque cAbout Jane Austen, estimate o\"","messageCreationDate":"\"2012-07-20T03:48:53.147Z\"^^http://www.w3.org/2001/XMLSchema#dateTime"},
{"messageContent":"\"About Rupert Murdoch, 50s and '60s, he acquAbout George Frideric Handel, man-British Baroque cAbout Jane Austen, estimate o\"","messageId":"\"1030792151044\"^^http://www.w3.org/2001/XMLSchema#long","messageCreationDate":"\"2012-07-20T03:48:53.147Z\"^^http://www.w3.org/2001/XMLSchema#dateTime"},
{"messageId":"\"1030792151044\"^^http://www.w3.org/2001/XMLSchema#long","messageContent":"\"About Rupert Murdoch, 50s and '60s, he acquAbout George Frideric Handel, man-British Baroque cAbout Jane Austen, estimate o\"","messageCreationDate":"\"2012-07-20T03:48:53.147Z\"^^http://www.w3.org/2001/XMLSchema#dateTime"},
{"messageContent":"\"About Rupert Murdoch, 50s and '60s, he acquAbout George Frideric Handel, man-British Baroque cAbout Jane Austen, estimate o\"","messageId":"\"1030792151044\"^^http://www.w3.org/2001/XMLSchema#long","messageCreationDate":"\"2012-07-20T03:48:53.147Z\"^^http://www.w3.org/2001/XMLSchema#dateTime"},
{"messageId":"\"1030792151044\"^^http://www.w3.org/2001/XMLSchema#long","messageContent":"\"About Rupert Murdoch, 50s and '60s, he acquAbout George Frideric Handel, man-British Baroque cAbout Jane Austen, estimate o\"","messageCreationDate":"\"2012-07-20T03:48:53.147Z\"^^http://www.w3.org/2001/XMLSchema#dateTime"},
{"messageContent":"\"About Rupert Murdoch, 50s and '60s, he acquAbout George Frideric Handel, man-British Baroque cAbout Jane Austen, estimate o\"","messageId":"\"1030792151044\"^^http://www.w3.org/2001/XMLSchema#long","messageCreationDate":"\"2012-07-20T03:48:53.147Z\"^^http://www.w3.org/2001/XMLSchema#dateTime"},
{"messageId":"\"1030792151044\"^^http://www.w3.org/2001/XMLSchema#long","messageContent":"\"About Rupert Murdoch, 50s and '60s, he acquAbout George Frideric Handel, man-British Baroque cAbout Jane Austen, estimate o\"","messageCreationDate":"\"2012-07-20T03:48:53.147Z\"^^http://www.w3.org/2001/XMLSchema#dateTime"},
{"messageContent":"\"About Rupert Murdoch, 50s and '60s, he acquAbout George Frideric Handel, man-British Baroque cAbout Jane Austen, estimate o\"","messageId":"\"1030792151044\"^^http://www.w3.org/2001/XMLSchema#long","messageCreationDate":"\"2012-07-20T03:48:53.147Z\"^^http://www.w3.org/2001/XMLSchema#dateTime"},
{"messageId":"\"1030792151044\"^^http://www.w3.org/2001/XMLSchema#long","messageContent":"\"About Rupert Murdoch, 50s and '60s, he acquAbout George Frideric Handel, man-British Baroque cAbout Jane Austen, estimate o\"","messageCreationDate":"\"2012-07-20T03:48:53.147Z\"^^http://www.w3.org/2001/XMLSchema#dateTime"},
{"messageContent":"\"About Rupert Murdoch, 50s and '60s, he acquAbout George Frideric Handel, man-British Baroque cAbout Jane Austen, estimate o\"","messageId":"\"1030792151044\"^^http://www.w3.org/2001/XMLSchema#long","messageCreationDate":"\"2012-07-20T03:48:53.147Z\"^^http://www.w3.org/2001/XMLSchema#dateTime"},
{"messageId":"\"1030792151044\"^^http://www.w3.org/2001/XMLSchema#long","messageContent":"\"About Rupert Murdoch, 50s and '60s, he acquAbout George Frideric Handel, man-British Baroque cAbout Jane Austen, estimate o\"","messageCreationDate":"\"2012-07-20T03:48:53.147Z\"^^http://www.w3.org/2001/XMLSchema#dateTime"},
{"messageContent":"\"About Rupert Murdoch, 50s and '60s, he acquAbout George Frideric Handel, man-British Baroque cAbout Jane Austen, estimate o\"","messageId":"\"1030792151044\"^^http://www.w3.org/2001/XMLSchema#long","messageCreationDate":"\"2012-07-20T03:48:53.147Z\"^^http://www.w3.org/2001/XMLSchema#dateTime"},
{"messageId":"\"3\"^^http://www.w3.org/2001/XMLSchema#long","messageContent":"\"About Rupert Murdoch, alised US citizen iAbout Napoleon, tinuation of the waAbout Ferdinand II of Aragon, (1\"","messageCreationDate":"\"2010-02-14T20:30:21.451Z\"^^http://www.w3.org/2001/XMLSchema#dateTime"},
{"messageContent":"\"About Rupert Murdoch, alised US citizen iAbout Napoleon, tinuation of the waAbout Ferdinand II of Aragon, (1\"","messageId":"\"3\"^^http://www.w3.org/2001/XMLSchema#long","messageCreationDate":"\"2010-02-14T20:30:21.451Z\"^^http://www.w3.org/2001/XMLSchema#dateTime"},
{"messageId":"\"3\"^^http://www.w3.org/2001/XMLSchema#long","messageContent":"\"About Rupert Murdoch, alised US citizen iAbout Napoleon, tinuation of the waAbout Ferdinand II of Aragon, (1\"","messageCreationDate":"\"2010-02-14T20:30:21.451Z\"^^http://www.w3.org/2001/XMLSchema#dateTime"},
{"messageContent":"\"About Rupert Murdoch, alised US citizen iAbout Napoleon, tinuation of the waAbout Ferdinand II of Aragon, (1\"","messageId":"\"3\"^^http://www.w3.org/2001/XMLSchema#long","messageCreationDate":"\"2010-02-14T20:30:21.451Z\"^^http://www.w3.org/2001/XMLSchema#dateTime"},
{"messageId":"\"3\"^^http://www.w3.org/2001/XMLSchema#long","messageContent":"\"About Rupert Murdoch, alised US citizen iAbout Napoleon, tinuation of the waAbout Ferdinand II of Aragon, (1\"","messageCreationDate":"\"2010-02-14T20:30:21.451Z\"^^http://www.w3.org/2001/XMLSchema#dateTime"},
{"messageContent":"\"About Rupert Murdoch, alised US citizen iAbout Napoleon, tinuation of the waAbout Ferdinand II of Aragon, (1\"","messageId":"\"3\"^^http://www.w3.org/2001/XMLSchema#long","messageCreationDate":"\"2010-02-14T20:30:21.451Z\"^^http://www.w3.org/2001/XMLSchema#dateTime"},
{"messageId":"\"3\"^^http://www.w3.org/2001/XMLSchema#long","messageContent":"\"About Rupert Murdoch, alised US citizen iAbout Napoleon, tinuation of the waAbout Ferdinand II of Aragon, (1\"","messageCreationDate":"\"2010-02-14T20:30:21.451Z\"^^http://www.w3.org/2001/XMLSchema#dateTime"},
{"messageContent":"\"About Rupert Murdoch, alised US citizen iAbout Napoleon, tinuation of the waAbout Ferdinand II of Aragon, (1\"","messageId":"\"3\"^^http://www.w3.org/2001/XMLSchema#long","messageCreationDate":"\"2010-02-14T20:30:21.451Z\"^^http://www.w3.org/2001/XMLSchema#dateTime"},
{"messageId":"\"3\"^^http://www.w3.org/2001/XMLSchema#long","messageContent":"\"About Rupert Murdoch, alised US citizen iAbout Napoleon, tinuation of the waAbout Ferdinand II of Aragon, (1\"","messageCreationDate":"\"2010-02-14T20:30:21.451Z\"^^http://www.w3.org/2001/XMLSchema#dateTime"},
{"messageContent":"\"About Rupert Murdoch, alised US citizen iAbout Napoleon, tinuation of the waAbout Ferdinand II of Aragon, (1\"","messageId":"\"3\"^^http://www.w3.org/2001/XMLSchema#long","messageCreationDate":"\"2010-02-14T20:30:21.451Z\"^^http://www.w3.org/2001/XMLSchema#dateTime"},
{"messageId":"\"3\"^^http://www.w3.org/2001/XMLSchema#long","messageContent":"\"About Rupert Murdoch, alised US citizen iAbout Napoleon, tinuation of the waAbout Ferdinand II of Aragon, (1\"","messageCreationDate":"\"2010-02-14T20:30:21.451Z\"^^http://www.w3.org/2001/XMLSchema#dateTime"},
{"messageContent":"\"About Rupert Murdoch, alised US citizen iAbout Napoleon, tinuation of the waAbout Ferdinand II of Aragon, (1\"","messageId":"\"3\"^^http://www.w3.org/2001/XMLSchema#long","messageCreationDate":"\"2010-02-14T20:30:21.451Z\"^^http://www.w3.org/2001/XMLSchema#dateTime"},
{"messageId":"\"3\"^^http://www.w3.org/2001/XMLSchema#long","messageContent":"\"About Rupert Murdoch, alised US citizen iAbout Napoleon, tinuation of the waAbout Ferdinand II of Aragon, (1\"","messageCreationDate":"\"2010-02-14T20:30:21.451Z\"^^http://www.w3.org/2001/XMLSchema#dateTime"},
{"messageContent":"\"About Rupert Murdoch, alised US citizen iAbout Napoleon, tinuation of the waAbout Ferdinand II of Aragon, (1\"","messageId":"\"3\"^^http://www.w3.org/2001/XMLSchema#long","messageCreationDate":"\"2010-02-14T20:30:21.451Z\"^^http://www.w3.org/2001/XMLSchema#dateTime"},
{"messageId":"\"3\"^^http://www.w3.org/2001/XMLSchema#long","messageContent":"\"About Rupert Murdoch, alised US citizen iAbout Napoleon, tinuation of the waAbout Ferdinand II of Aragon, (1\"","messageCreationDate":"\"2010-02-14T20:30:21.451Z\"^^http://www.w3.org/2001/XMLSchema#dateTime"},
{"messageContent":"\"About Rupert Murdoch, alised US citizen iAbout Napoleon, tinuation of the waAbout Ferdinand II of Aragon, (1\"","messageId":"\"3\"^^http://www.w3.org/2001/XMLSchema#long","messageCreationDate":"\"2010-02-14T20:30:21.451Z\"^^http://www.w3.org/2001/XMLSchema#dateTime"},
{"messageId":"\"618475290624\"^^http://www.w3.org/2001/XMLSchema#long","messageContent":"\"About Rupert Murdoch, t newer electronic publishing technoAbout George Frideric Handel,  concertos. Handel was born in 1685,About Kurt Vonne\"","messageCreationDate":"\"2011-08-17T06:05:40.595Z\"^^http://www.w3.org/2001/XMLSchema#dateTime"},
{"messageContent":"\"About Rupert Murdoch, t newer electronic publishing technoAbout George Frideric Handel,  concertos. Handel was born in 1685,About Kurt Vonne\"","messageId":"\"618475290624\"^^http://www.w3.org/2001/XMLSchema#long","messageCreationDate":"\"2011-08-17T06:05:40.595Z\"^^http://www.w3.org/2001/XMLSchema#dateTime"},
{"messageId":"\"618475290624\"^^http://www.w3.org/2001/XMLSchema#long","messageContent":"\"About Rupert Murdoch, t newer electronic publishing technoAbout George Frideric Handel,  concertos. Handel was born in 1685,About Kurt Vonne\"","messageCreationDate":"\"2011-08-17T06:05:40.595Z\"^^http://www.w3.org/2001/XMLSchema#dateTime"},
{"messageContent":"\"About Rupert Murdoch, t newer electronic publishing technoAbout George Frideric Handel,  concertos. Handel was born in 1685,About Kurt Vonne\"","messageId":"\"618475290624\"^^http://www.w3.org/2001/XMLSchema#long","messageCreationDate":"\"2011-08-17T06:05:40.595Z\"^^http://www.w3.org/2001/XMLSchema#dateTime"},
{"messageId":"\"618475290624\"^^http://www.w3.org/2001/XMLSchema#long","messageContent":"\"About Rupert Murdoch, t newer electronic publishing technoAbout George Frideric Handel,  concertos. Handel was born in 1685,About Kurt Vonne\"","messageCreationDate":"\"2011-08-17T06:05:40.595Z\"^^http://www.w3.org/2001/XMLSchema#dateTime"},
{"messageContent":"\"About Rupert Murdoch, t newer electronic publishing technoAbout George Frideric Handel,  concertos. Handel was born in 1685,About Kurt Vonne\"","messageId":"\"618475290624\"^^http://www.w3.org/2001/XMLSchema#long","messageCreationDate":"\"2011-08-17T06:05:40.595Z\"^^http://www.w3.org/2001/XMLSchema#dateTime"},
{"messageId":"\"618475290624\"^^http://www.w3.org/2001/XMLSchema#long","messageContent":"\"About Rupert Murdoch, t newer electronic publishing technoAbout George Frideric Handel,  concertos. Handel was born in 1685,About Kurt Vonne\"","messageCreationDate":"\"2011-08-17T06:05:40.595Z\"^^http://www.w3.org/2001/XMLSchema#dateTime"},
{"messageContent":"\"About Rupert Murdoch, t newer electronic publishing technoAbout George Frideric Handel,  concertos. Handel was born in 1685,About Kurt Vonne\"","messageId":"\"618475290624\"^^http://www.w3.org/2001/XMLSchema#long","messageCreationDate":"\"2011-08-17T06:05:40.595Z\"^^http://www.w3.org/2001/XMLSchema#dateTime"},
{"messageId":"\"618475290624\"^^http://www.w3.org/2001/XMLSchema#long","messageContent":"\"About Rupert Murdoch, t newer electronic publishing technoAbout George Frideric Handel,  concertos. Handel was born in 1685,About Kurt Vonne\"","messageCreationDate":"\"2011-08-17T06:05:40.595Z\"^^http://www.w3.org/2001/XMLSchema#dateTime"},
{"messageContent":"\"About Rupert Murdoch, t newer electronic publishing technoAbout George Frideric Handel,  concertos. Handel was born in 1685,About Kurt Vonne\"","messageId":"\"618475290624\"^^http://www.w3.org/2001/XMLSchema#long","messageCreationDate":"\"2011-08-17T06:05:40.595Z\"^^http://www.w3.org/2001/XMLSchema#dateTime"},
{"messageId":"\"618475290624\"^^http://www.w3.org/2001/XMLSchema#long","messageContent":"\"About Rupert Murdoch, t newer electronic publishing technoAbout George Frideric Handel,  concertos. Handel was born in 1685,About Kurt Vonne\"","messageCreationDate":"\"2011-08-17T06:05:40.595Z\"^^http://www.w3.org/2001/XMLSchema#dateTime"},
{"messageContent":"\"About Rupert Murdoch, t newer electronic publishing technoAbout George Frideric Handel,  concertos. Handel was born in 1685,About Kurt Vonne\"","messageId":"\"618475290624\"^^http://www.w3.org/2001/XMLSchema#long","messageCreationDate":"\"2011-08-17T06:05:40.595Z\"^^http://www.w3.org/2001/XMLSchema#dateTime"},
{"messageId":"\"618475290624\"^^http://www.w3.org/2001/XMLSchema#long","messageContent":"\"About Rupert Murdoch, t newer electronic publishing technoAbout George Frideric Handel,  concertos. Handel was born in 1685,About Kurt Vonne\"","messageCreationDate":"\"2011-08-17T06:05:40.595Z\"^^http://www.w3.org/2001/XMLSchema#dateTime"},
{"messageContent":"\"About Rupert Murdoch, t newer electronic publishing technoAbout George Frideric Handel,  concertos. Handel was born in 1685,About Kurt Vonne\"","messageId":"\"618475290624\"^^http://www.w3.org/2001/XMLSchema#long","messageCreationDate":"\"2011-08-17T06:05:40.595Z\"^^http://www.w3.org/2001/XMLSchema#dateTime"},
{"messageId":"\"618475290624\"^^http://www.w3.org/2001/XMLSchema#long","messageContent":"\"About Rupert Murdoch, t newer electronic publishing technoAbout George Frideric Handel,  concertos. Handel was born in 1685,About Kurt Vonne\"","messageCreationDate":"\"2011-08-17T06:05:40.595Z\"^^http://www.w3.org/2001/XMLSchema#dateTime"},
{"messageContent":"\"About Rupert Murdoch, t newer electronic publishing technoAbout George Frideric Handel,  concertos. Handel was born in 1685,About Kurt Vonne\"","messageId":"\"618475290624\"^^http://www.w3.org/2001/XMLSchema#long","messageCreationDate":"\"2011-08-17T06:05:40.595Z\"^^http://www.w3.org/2001/XMLSchema#dateTime"}START ITERATOR for pattern at http://localhost:3100/ldbc_socialnet/1.0/data/forum00000000481036337154 http://localhost:3100/ldbc_socialnet/1.0/data/forum00000000481036337154
START ITERATOR for pattern at http://localhost:3100/ldbc_socialnet/1.0/data/forum00000000000000000000 http://localhost:3100/ldbc_socialnet/1.0/data/forum00000000000000000000

]
